../Core/Src/uart/main.c:26:6:HAL_UART_TxCpltCallback	16	static
../Core/Src/uart/main.c:38:6:HAL_UARTEx_RxEventCallback	40	static
../Core/Src/uart/main.c:69:16:rspdw	72	static
../Core/Src/uart/main.c:90:16:radcw	72	static
../Core/Src/uart/main.c:104:16:uart_transmit	40	static
../Core/Src/uart/main.c:122:16:uart_tr_pkt_proc	8	static
../Core/Src/uart/main.c:142:16:uart_re_pkt_proc_data_store	120	static
../Core/Src/uart/main.c:195:16:uart_re_pkt_proc	72	static
../Core/Src/uart/main.c:218:6:StartUartTask	24	static
