../Core/Src/uart/main.c:26:6:HAL_UART_TxCpltCallback	16	static
../Core/Src/uart/main.c:38:6:HAL_UARTEx_RxEventCallback	56	static
../Core/Src/uart/main.c:69:16:rspdw	96	static
../Core/Src/uart/main.c:90:16:radcw	96	static
../Core/Src/uart/main.c:104:23:uart_transmit	48	static
../Core/Src/uart/main.c:122:23:uart_tr_pkt_proc	8	static
../Core/Src/uart/main.c:142:16:uart_re_pkt_proc_data_store	96	static
../Core/Src/uart/main.c:195:23:uart_re_pkt_proc	88	static
../Core/Src/uart/main.c:218:6:StartUartTask	24	static
