Component: ARM Compiler 5.06 update 7 (build 960) Tool: armlink [4d3601]

==============================================================================

Section Cross References

    startup_stm32g431xx.o(STACK) refers (Special) to heapauxi.o(.text) for __use_two_region_memory
    startup_stm32g431xx.o(HEAP) refers (Special) to heapauxi.o(.text) for __use_two_region_memory
    startup_stm32g431xx.o(RESET) refers (Special) to heapauxi.o(.text) for __use_two_region_memory
    startup_stm32g431xx.o(RESET) refers to startup_stm32g431xx.o(STACK) for __initial_sp
    startup_stm32g431xx.o(RESET) refers to startup_stm32g431xx.o(.text) for Reset_Handler
    startup_stm32g431xx.o(RESET) refers to stm32g4xx_it.o(i.NMI_Handler) for NMI_Handler
    startup_stm32g431xx.o(RESET) refers to stm32g4xx_it.o(i.HardFault_Handler) for HardFault_Handler
    startup_stm32g431xx.o(RESET) refers to stm32g4xx_it.o(i.MemManage_Handler) for MemManage_Handler
    startup_stm32g431xx.o(RESET) refers to stm32g4xx_it.o(i.BusFault_Handler) for BusFault_Handler
    startup_stm32g431xx.o(RESET) refers to stm32g4xx_it.o(i.UsageFault_Handler) for UsageFault_Handler
    startup_stm32g431xx.o(RESET) refers to stm32g4xx_it.o(i.SVC_Handler) for SVC_Handler
    startup_stm32g431xx.o(RESET) refers to stm32g4xx_it.o(i.DebugMon_Handler) for DebugMon_Handler
    startup_stm32g431xx.o(RESET) refers to stm32g4xx_it.o(i.PendSV_Handler) for PendSV_Handler
    startup_stm32g431xx.o(RESET) refers to stm32g4xx_it.o(i.SysTick_Handler) for SysTick_Handler
    startup_stm32g431xx.o(RESET) refers to stm32g4xx_it.o(i.EXTI1_IRQHandler) for EXTI1_IRQHandler
    startup_stm32g431xx.o(RESET) refers to stm32g4xx_it.o(i.EXTI2_IRQHandler) for EXTI2_IRQHandler
    startup_stm32g431xx.o(RESET) refers to stm32g4xx_it.o(i.EXTI3_IRQHandler) for EXTI3_IRQHandler
    startup_stm32g431xx.o(RESET) refers to stm32g4xx_it.o(i.EXTI4_IRQHandler) for EXTI4_IRQHandler
    startup_stm32g431xx.o(RESET) refers to stm32g4xx_it.o(i.DMA1_Channel1_IRQHandler) for DMA1_Channel1_IRQHandler
    startup_stm32g431xx.o(RESET) refers to stm32g4xx_it.o(i.DMA1_Channel2_IRQHandler) for DMA1_Channel2_IRQHandler
    startup_stm32g431xx.o(RESET) refers to stm32g4xx_it.o(i.DMA1_Channel3_IRQHandler) for DMA1_Channel3_IRQHandler
    startup_stm32g431xx.o(RESET) refers to stm32g4xx_it.o(i.EXTI9_5_IRQHandler) for EXTI9_5_IRQHandler
    startup_stm32g431xx.o(RESET) refers to stm32g4xx_it.o(i.TIM1_UP_TIM16_IRQHandler) for TIM1_UP_TIM16_IRQHandler
    startup_stm32g431xx.o(RESET) refers to stm32g4xx_it.o(i.TIM2_IRQHandler) for TIM2_IRQHandler
    startup_stm32g431xx.o(RESET) refers to stm32g4xx_it.o(i.TIM3_IRQHandler) for TIM3_IRQHandler
    startup_stm32g431xx.o(RESET) refers to stm32g4xx_it.o(i.USART3_IRQHandler) for USART3_IRQHandler
    startup_stm32g431xx.o(RESET) refers to stm32g4xx_it.o(i.EXTI15_10_IRQHandler) for EXTI15_10_IRQHandler
    startup_stm32g431xx.o(.text) refers (Special) to heapauxi.o(.text) for __use_two_region_memory
    startup_stm32g431xx.o(.text) refers to system_stm32g4xx.o(i.SystemInit) for SystemInit
    startup_stm32g431xx.o(.text) refers to __main.o(!!!main) for __main
    startup_stm32g431xx.o(.text) refers to startup_stm32g431xx.o(HEAP) for Heap_Mem
    startup_stm32g431xx.o(.text) refers to startup_stm32g431xx.o(STACK) for Stack_Mem
    motor.o(i.commutate_motor) refers to stm32g4xx_hal_gpio.o(i.HAL_GPIO_WritePin) for HAL_GPIO_WritePin
    motor.o(i.commutate_motor) refers to motor.o(.constdata) for .constdata
    motor.o(i.motor_init) refers to motor.o(i.motor_new) for motor_new
    motor.o(i.motor_init) refers to rt_memcpy_w.o(.text) for __aeabi_memcpy4
    motor.o(i.motor_init) refers to motor.o(.constdata) for .constdata
    motor.o(i.motor_init) refers to motor.o(.bss) for .bss
    motor.o(i.motor_new) refers to rt_memcpy_w.o(.text) for __aeabi_memcpy4
    motor.o(i.motor_tim_setup) refers to stm32g4xx_hal_tim.o(i.HAL_TIM_PWM_Start) for HAL_TIM_PWM_Start
    motor.o(i.update_motor_step) refers to stm32g4xx_hal_gpio.o(i.HAL_GPIO_ReadPin) for HAL_GPIO_ReadPin
    motor.o(.constdata) refers to tim.o(.bss) for htim2
    packet.o(i.tr_re_buffer_new) refers to rt_memcpy_v6.o(.text) for __aeabi_memcpy
    packet.o(i.tr_re_buffer_pop) refers to rt_memcpy_v6.o(.text) for __aeabi_memcpy
    packet.o(i.tr_re_buffer_pop) refers to packet.o(i.uart_packet_new_error) for uart_packet_new_error
    packet.o(i.tr_re_buffer_push) refers to rt_memcpy_v6.o(.text) for __aeabi_memcpy
    packet.o(i.uart_packet_new) refers to vec.o(i.vec_u8_new) for vec_u8_new
    packet.o(i.uart_packet_new) refers to rt_memcpy_v6.o(.text) for __aeabi_memcpy
    packet.o(i.uart_packet_new) refers to vec.o(i.vec_u8_extend_inner) for vec_u8_extend_inner
    packet.o(i.uart_packet_new_error) refers to rt_memcpy_v6.o(.text) for __aeabi_memcpy
    packet.o(i.uart_packet_pack) refers to packet.o(i.uart_packet_new_error) for uart_packet_new_error
[...]
    i.vec_u8_new                             0x08004d42   Section        0  vec.o(i.vec_u8_new)
    i.vec_u8_push                            0x08004d58   Section        0  vec.o(i.vec_u8_push)
    i.vehicle_data_new                       0x08004d70   Section        0  vehicle.o(i.vehicle_data_new)
    i.vehicle_setup                          0x08004d8c   Section        0  vehicle.o(i.vehicle_setup)
    x$fpl$dadd                               0x08004dac   Section      336  daddsub_clz.o(x$fpl$dadd)
    $v0                                      0x08004dac   Number         0  daddsub_clz.o(x$fpl$dadd)
    _dadd1                                   0x08004dbd   Thumb Code     0  daddsub_clz.o(x$fpl$dadd)
    x$fpl$dcmpinf                            0x08004efc   Section       24  dcmpi.o(x$fpl$dcmpinf)
    $v0                                      0x08004efc   Number         0  dcmpi.o(x$fpl$dcmpinf)
    x$fpl$dfix                               0x08004f14   Section       94  dfix.o(x$fpl$dfix)
    $v0                                      0x08004f14   Number         0  dfix.o(x$fpl$dfix)
    x$fpl$dfixu                              0x08004f74   Section       90  dfixu.o(x$fpl$dfixu)
    $v0                                      0x08004f74   Number         0  dfixu.o(x$fpl$dfixu)
    x$fpl$dfltu                              0x08004fce   Section       38  dflt_clz.o(x$fpl$dfltu)
    $v0                                      0x08004fce   Number         0  dflt_clz.o(x$fpl$dfltu)
    x$fpl$dleqf                              0x08004ff4   Section      120  dleqf.o(x$fpl$dleqf)
    $v0                                      0x08004ff4   Number         0  dleqf.o(x$fpl$dleqf)
    x$fpl$dmul                               0x0800506c   Section      340  dmul.o(x$fpl$dmul)
    $v0                                      0x0800506c   Number         0  dmul.o(x$fpl$dmul)
    x$fpl$dnaninf                            0x080051c0   Section      156  dnaninf.o(x$fpl$dnaninf)
    $v0                                      0x080051c0   Number         0  dnaninf.o(x$fpl$dnaninf)
    x$fpl$dretinf                            0x0800525c   Section       12  dretinf.o(x$fpl$dretinf)
    $v0                                      0x0800525c   Number         0  dretinf.o(x$fpl$dretinf)
    x$fpl$drleqf                             0x08005268   Section      108  drleqf.o(x$fpl$drleqf)
    $v0                                      0x08005268   Number         0  drleqf.o(x$fpl$drleqf)
    x$fpl$dsub                               0x080052d4   Section      468  daddsub_clz.o(x$fpl$dsub)
    $v0                                      0x080052d4   Number         0  daddsub_clz.o(x$fpl$dsub)
    _dsub1                                   0x080052e5   Thumb Code     0  daddsub_clz.o(x$fpl$dsub)
    x$fpl$f2d                                0x080054a8   Section       86  f2d.o(x$fpl$f2d)
    $v0                                      0x080054a8   Number         0  f2d.o(x$fpl$f2d)
    x$fpl$fnaninf                            0x080054fe   Section      140  fnaninf.o(x$fpl$fnaninf)
    $v0                                      0x080054fe   Number         0  fnaninf.o(x$fpl$fnaninf)
    x$fpl$fpinit                             0x0800558a   Section       10  fpinit.o(x$fpl$fpinit)
    $v0                                      0x0800558a   Number         0  fpinit.o(x$fpl$fpinit)
    .constdata                               0x08005594   Section      200  motor.o(.constdata)
    x$fpl$usenofp                            0x08005594   Section        0  usenofp.o(x$fpl$usenofp)
    .constdata                               0x0800565c   Section        4  vehicle.o(.constdata)
    .constdata                               0x08005660   Section       12  stm32g4xx_nucleo.o(.constdata)
    BUTTON_IRQn                              0x08005660   Data           1  stm32g4xx_nucleo.o(.constdata)
    LED_PIN                                  0x08005662   Data           2  stm32g4xx_nucleo.o(.constdata)
    BUTTON_PIN                               0x08005664   Data           2  stm32g4xx_nucleo.o(.constdata)
    BUTTON_EXTI_LINE                         0x08005668   Data           4  stm32g4xx_nucleo.o(.constdata)
    .constdata                               0x0800566c   Section       24  stm32g4xx_hal_uart.o(.constdata)
    .constdata                               0x08005684   Section       16  stm32g4xx_hal_uart_ex.o(.constdata)
    numerator                                0x08005684   Data           8  stm32g4xx_hal_uart_ex.o(.constdata)
    denominator                              0x0800568c   Data           8  stm32g4xx_hal_uart_ex.o(.constdata)
    .constdata                               0x08005694   Section       16  system_stm32g4xx.o(.constdata)
    .constdata                               0x080056a4   Section        8  system_stm32g4xx.o(.constdata)
    .data                                    0x20000000   Section        1  motor.o(.data)
    .data                                    0x20000008   Section        8  pi_control.o(.data)
    .data                                    0x20000010   Section       16  principal_it.o(.data)
    .data                                    0x20000020   Section        4  principal_main.o(.data)
    .data                                    0x20000024   Section        1  principal_uart.o(.data)
    .data                                    0x20000028   Section      100  vehicle.o(.data)
    .data                                    0x2000008c   Section        1  const_and_error.o(.data)
    .data                                    0x2000008d   Section        1  const_and_error.o(.data)
    .data                                    0x20000090   Section       32  stm32g4xx_nucleo.o(.data)
    COM_ActiveLogPort                        0x20000090   Data           1  stm32g4xx_nucleo.o(.data)
    LED_PORT                                 0x20000094   Data           4  stm32g4xx_nucleo.o(.data)
    BUTTON_PORT                              0x20000098   Data           4  stm32g4xx_nucleo.o(.data)
    COM_USART                                0x2000009c   Data           4  stm32g4xx_nucleo.o(.data)
    ButtonCallback                           0x200000a0   Data           4  stm32g4xx_nucleo.o(.data)
    BSP_BUTTON_PRIO                          0x200000a4   Data           4  stm32g4xx_nucleo.o(.data)
    .data                                    0x200000b0   Section       12  stm32g4xx_hal.o(.data)
    .data                                    0x200000bc   Section        4  system_stm32g4xx.o(.data)
    .bss                                     0x200000c0   Section      192  motor.o(.bss)
    .bss                                     0x20000180   Section       20  principal_adc.o(.bss)
    .bss                                     0x20000194   Section      584  principal_uart.o(.bss)
    .bss                                     0x200003dc   Section       12  vehicle.o(.bss)
    .bss                                     0x200003e8   Section       16  main.o(.bss)
    .bss                                     0x200003f8   Section      204  adc.o(.bss)
    .bss                                     0x200004c4   Section      228  tim.o(.bss)
    .bss                                     0x200005a8   Section      340  usart.o(.bss)
    .bss                                     0x200006fc   Section      148  stm32g4xx_nucleo.o(.bss)
    .bss                                     0x20000790   Section       96  libspace.o(.bss)
    HEAP                                     0x200007f0   Section      512  startup_stm32g431xx.o(HEAP)
    Heap_Mem                                 0x200007f0   Data         512  startup_stm32g431xx.o(HEAP)
    STACK                                    0x200009f0   Section     1024  startup_stm32g431xx.o(STACK)
    Stack_Mem                                0x200009f0   Data        1024  startup_stm32g431xx.o(STACK)
    __initial_sp                             0x20000df0   Data           0  startup_stm32g431xx.o(STACK)

    Global Symbols

    Symbol Name                              Value     Ov Type        Size  Object(Section)

    BuildAttributes$$THM_ISAv4$E$P$D$K$B$S$7EM$VFPi3$EXTD16$VFPS$VFMA$PE$A:L22UL41UL21$X:L11$S22US41US21$IEEE1$IW$USESV6$~STKCKD$USESV7$~SHL$OSPACE$ROPI$EBA8$UX$STANDARDLIB$REQ8$PRES8$EABIv2 0x00000000   Number         0  anon$$obj.o ABSOLUTE
    __ARM_use_no_argv                        0x00000000   Number         0  main.o ABSOLUTE
    __ARM_exceptions_init                     - Undefined Weak Reference
    __alloca_initialize                       - Undefined Weak Reference
    __arm_fini_                               - Undefined Weak Reference
    __arm_preinit_                            - Undefined Weak Reference
    __cpp_initialize__aeabi_                  - Undefined Weak Reference
    __cxa_finalize                            - Undefined Weak Reference
    __rt_locale                               - Undefined Weak Reference
    __sigvec_lookup                           - Undefined Weak Reference
    _atexit_init                              - Undefined Weak Reference
    _call_atexit_fns                          - Undefined Weak Reference
    _clock_init                               - Undefined Weak Reference
    _fp_trap_init                             - Undefined Weak Reference
    _fp_trap_shutdown                         - Undefined Weak Reference
    _get_lc_collate                           - Undefined Weak Reference
    _get_lc_ctype                             - Undefined Weak Reference
    _get_lc_monetary                          - Undefined Weak Reference
    _get_lc_numeric                           - Undefined Weak Reference
    _get_lc_time                              - Undefined Weak Reference
    _getenv_init                              - Undefined Weak Reference
    _handle_redirection                       - Undefined Weak Reference
    _init_alloc                               - Undefined Weak Reference
    _init_user_alloc                          - Undefined Weak Reference
    _initio                                   - Undefined Weak Reference
    _rand_init                                - Undefined Weak Reference
    _signal_finish                            - Undefined Weak Reference
    _signal_init                              - Undefined Weak Reference
    _terminate_alloc                          - Undefined Weak Reference
    _terminate_user_alloc                     - Undefined Weak Reference
    _terminateio                              - Undefined Weak Reference
    __Vectors_Size                           0x000001d8   Number         0  startup_stm32g431xx.o ABSOLUTE
    __Vectors                                0x08000000   Data           4  startup_stm32g431xx.o(RESET)
    __Vectors_End                            0x080001d8   Data           0  startup_stm32g431xx.o(RESET)
    __main                                   0x080001d9   Thumb Code     8  __main.o(!!!main)
    __scatterload                            0x080001e1   Thumb Code     0  __scatter.o(!!!scatter)
    __scatterload_rt2                        0x080001e1   Thumb Code    44  __scatter.o(!!!scatter)
    __scatterload_rt2_thumb_only             0x080001e1   Thumb Code     0  __scatter.o(!!!scatter)
    __scatterload_null                       0x080001ef   Thumb Code     0  __scatter.o(!!!scatter)
    __scatterload_copy                       0x08000215   Thumb Code    26  __scatter_copy.o(!!handler_copy)
    __scatterload_zeroinit                   0x08000231   Thumb Code    28  __scatter_zi.o(!!handler_zi)
    __rt_lib_init                            0x0800024d   Thumb Code     0  libinit.o(.ARM.Collect$$libinit$$00000000)
    __rt_lib_init_fp_1                       0x0800024f   Thumb Code     0  libinit2.o(.ARM.Collect$$libinit$$00000001)
    __rt_lib_init_alloca_1                   0x08000253   Thumb Code     0  libinit2.o(.ARM.Collect$$libinit$$0000002E)
    __rt_lib_init_argv_1                     0x08000253   Thumb Code     0  libinit2.o(.ARM.Collect$$libinit$$0000002C)
    __rt_lib_init_atexit_1                   0x08000253   Thumb Code     0  libinit2.o(.ARM.Collect$$libinit$$0000001B)
    __rt_lib_init_clock_1                    0x08000253   Thumb Code     0  libinit2.o(.ARM.Collect$$libinit$$00000021)
    __rt_lib_init_cpp_1                      0x08000253   Thumb Code     0  libinit2.o(.ARM.Collect$$libinit$$00000032)
    __rt_lib_init_exceptions_1               0x08000253   Thumb Code     0  libinit2.o(.ARM.Collect$$libinit$$00000030)
    __rt_lib_init_fp_trap_1                  0x08000253   Thumb Code     0  libinit2.o(.ARM.Collect$$libinit$$0000001F)
    __rt_lib_init_getenv_1                   0x08000253   Thumb Code     0  libinit2.o(.ARM.Collect$$libinit$$00000023)
    __rt_lib_init_heap_1                     0x08000253   Thumb Code     0  libinit2.o(.ARM.Collect$$libinit$$0000000A)
    __rt_lib_init_lc_collate_1               0x08000253   Thumb Code     0  libinit2.o(.ARM.Collect$$libinit$$00000011)
    __rt_lib_init_lc_ctype_1                 0x08000253   Thumb Code     0  libinit2.o(.ARM.Collect$$libinit$$00000013)
    __rt_lib_init_lc_monetary_1              0x08000253   Thumb Code     0  libinit2.o(.ARM.Collect$$libinit$$00000015)
    __rt_lib_init_lc_numeric_1               0x08000253   Thumb Code     0  libinit2.o(.ARM.Collect$$libinit$$00000017)
    __rt_lib_init_lc_time_1                  0x08000253   Thumb Code     0  libinit2.o(.ARM.Collect$$libinit$$00000019)
    __rt_lib_init_preinit_1                  0x08000253   Thumb Code     0  libinit2.o(.ARM.Collect$$libinit$$00000004)
    __rt_lib_init_rand_1                     0x08000253   Thumb Code     0  libinit2.o(.ARM.Collect$$libinit$$0000000E)
    __rt_lib_init_return                     0x08000253   Thumb Code     0  libinit2.o(.ARM.Collect$$libinit$$00000033)
    __rt_lib_init_signal_1                   0x08000253   Thumb Code     0  libinit2.o(.ARM.Collect$$libinit$$0000001D)
    __rt_lib_init_stdio_1                    0x08000253   Thumb Code     0  libinit2.o(.ARM.Collect$$libinit$$00000025)
    __rt_lib_init_user_alloc_1               0x08000253   Thumb Code     0  libinit2.o(.ARM.Collect$$libinit$$0000000C)
    __rt_lib_shutdown                        0x08000255   Thumb Code     0  libshutdown.o(.ARM.Collect$$libshutdown$$00000000)
    __rt_lib_shutdown_cpp_1                  0x08000257   Thumb Code     0  libshutdown2.o(.ARM.Collect$$libshutdown$$00000004)
    __rt_lib_shutdown_fini_1                 0x08000257   Thumb Code     0  libshutdown2.o(.ARM.Collect$$libshutdown$$00000002)
    __rt_lib_shutdown_fp_trap_1              0x08000257   Thumb Code     0  libshutdown2.o(.ARM.Collect$$libshutdown$$00000009)
    __rt_lib_shutdown_heap_1                 0x08000257   Thumb Code     0  libshutdown2.o(.ARM.Collect$$libshutdown$$00000011)
    __rt_lib_shutdown_return                 0x08000257   Thumb Code     0  libshutdown2.o(.ARM.Collect$$libshutdown$$00000012)
    __rt_lib_shutdown_signal_1               0x08000257   Thumb Code     0  libshutdown2.o(.ARM.Collect$$libshutdown$$0000000C)
    __rt_lib_shutdown_stdio_1                0x08000257   Thumb Code     0  libshutdown2.o(.ARM.Collect$$libshutdown$$00000006)
    __rt_lib_shutdown_user_alloc_1           0x08000257   Thumb Code     0  libshutdown2.o(.ARM.Collect$$libshutdown$$0000000E)
    __rt_entry                               0x08000259   Thumb Code     0  __rtentry.o(.ARM.Collect$$rtentry$$00000000)
    __rt_entry_presh_1                       0x08000259   Thumb Code     0  __rtentry2.o(.ARM.Collect$$rtentry$$00000002)
    __rt_entry_sh                            0x08000259   Thumb Code     0  __rtentry4.o(.ARM.Collect$$rtentry$$00000004)
    __rt_entry_li                            0x0800025f   Thumb Code     0  __rtentry2.o(.ARM.Collect$$rtentry$$0000000A)
    __rt_entry_postsh_1                      0x0800025f   Thumb Code     0  __rtentry2.o(.ARM.Collect$$rtentry$$00000009)
    __rt_entry_main                          0x08000263   Thumb Code     0  __rtentry2.o(.ARM.Collect$$rtentry$$0000000D)
    __rt_entry_postli_1                      0x08000263   Thumb Code     0  __rtentry2.o(.ARM.Collect$$rtentry$$0000000C)
    __rt_exit                                0x0800026b   Thumb Code     0  rtexit.o(.ARM.Collect$$rtexit$$00000000)
    __rt_exit_ls                             0x0800026d   Thumb Code     0  rtexit2.o(.ARM.Collect$$rtexit$$00000003)
    __rt_exit_prels_1                        0x0800026d   Thumb Code     0  rtexit2.o(.ARM.Collect$$rtexit$$00000002)
    __rt_exit_exit                           0x08000271   Thumb Code     0  rtexit2.o(.ARM.Collect$$rtexit$$00000004)
    Reset_Handler                            0x08000279   Thumb Code     8  startup_stm32g431xx.o(.text)
    ADC1_2_IRQHandler                        0x08000293   Thumb Code     0  startup_stm32g431xx.o(.text)
    COMP1_2_3_IRQHandler                     0x08000293   Thumb Code     0  startup_stm32g431xx.o(.text)
    COMP4_IRQHandler                         0x08000293   Thumb Code     0  startup_stm32g431xx.o(.text)
    CORDIC_IRQHandler                        0x08000293   Thumb Code     0  startup_stm32g431xx.o(.text)
    CRS_IRQHandler                           0x08000293   Thumb Code     0  startup_stm32g431xx.o(.text)
    DMA1_Channel4_IRQHandler                 0x08000293   Thumb Code     0  startup_stm32g431xx.o(.text)
    DMA1_Channel5_IRQHandler                 0x08000293   Thumb Code     0  startup_stm32g431xx.o(.text)
    DMA1_Channel6_IRQHandler                 0x08000293   Thumb Code     0  startup_stm32g431xx.o(.text)
    DMA2_Channel1_IRQHandler                 0x08000293   Thumb Code     0  startup_stm32g431xx.o(.text)
    DMA2_Channel2_IRQHandler                 0x08000293   Thumb Code     0  startup_stm32g431xx.o(.text)
    DMA2_Channel3_IRQHandler                 0x08000293   Thumb Code     0  startup_stm32g431xx.o(.text)
    DMA2_Channel4_IRQHandler                 0x08000293   Thumb Code     0  startup_stm32g431xx.o(.text)
    DMA2_Channel5_IRQHandler                 0x08000293   Thumb Code     0  startup_stm32g431xx.o(.text)
    DMA2_Channel6_IRQHandler                 0x08000293   Thumb Code     0  startup_stm32g431xx.o(.text)
    DMAMUX_OVR_IRQHandler                    0x08000293   Thumb Code     0  startup_stm32g431xx.o(.text)
    EXTI0_IRQHandler                         0x08000293   Thumb Code     0  startup_stm32g431xx.o(.text)
    FDCAN1_IT0_IRQHandler                    0x08000293   Thumb Code     0  startup_stm32g431xx.o(.text)
    FDCAN1_IT1_IRQHandler                    0x08000293   Thumb Code     0  startup_stm32g431xx.o(.text)
    FLASH_IRQHandler                         0x08000293   Thumb Code     0  startup_stm32g431xx.o(.text)
    FMAC_IRQHandler                          0x08000293   Thumb Code     0  startup_stm32g431xx.o(.text)
    FPU_IRQHandler                           0x08000293   Thumb Code     0  startup_stm32g431xx.o(.text)
    I2C1_ER_IRQHandler                       0x08000293   Thumb Code     0  startup_stm32g431xx.o(.text)
    I2C1_EV_IRQHandler                       0x08000293   Thumb Code     0  startup_stm32g431xx.o(.text)
    I2C2_ER_IRQHandler                       0x08000293   Thumb Code     0  startup_stm32g431xx.o(.text)
    I2C2_EV_IRQHandler                       0x08000293   Thumb Code     0  startup_stm32g431xx.o(.text)
    I2C3_ER_IRQHandler                       0x08000293   Thumb Code     0  startup_stm32g431xx.o(.text)
    I2C3_EV_IRQHandler                       0x08000293   Thumb Code     0  startup_stm32g431xx.o(.text)
    LPTIM1_IRQHandler                        0x08000293   Thumb Code     0  startup_stm32g431xx.o(.text)
    LPUART1_IRQHandler                       0x08000293   Thumb Code     0  startup_stm32g431xx.o(.text)
    PVD_PVM_IRQHandler                       0x08000293   Thumb Code     0  startup_stm32g431xx.o(.text)
    RCC_IRQHandler                           0x08000293   Thumb Code     0  startup_stm32g431xx.o(.text)
    RNG_IRQHandler                           0x08000293   Thumb Code     0  startup_stm32g431xx.o(.text)
    RTC_Alarm_IRQHandler                     0x08000293   Thumb Code     0  startup_stm32g431xx.o(.text)
    RTC_TAMP_LSECSS_IRQHandler               0x08000293   Thumb Code     0  startup_stm32g431xx.o(.text)
    RTC_WKUP_IRQHandler                      0x08000293   Thumb Code     0  startup_stm32g431xx.o(.text)
    SAI1_IRQHandler                          0x08000293   Thumb Code     0  startup_stm32g431xx.o(.text)
    SPI1_IRQHandler                          0x08000293   Thumb Code     0  startup_stm32g431xx.o(.text)
    SPI2_IRQHandler                          0x08000293   Thumb Code     0  startup_stm32g431xx.o(.text)
    SPI3_IRQHandler                          0x08000293   Thumb Code     0  startup_stm32g431xx.o(.text)
    TIM1_BRK_TIM15_IRQHandler                0x08000293   Thumb Code     0  startup_stm32g431xx.o(.text)
    TIM1_CC_IRQHandler                       0x08000293   Thumb Code     0  startup_stm32g431xx.o(.text)
    TIM1_TRG_COM_TIM17_IRQHandler            0x08000293   Thumb Code     0  startup_stm32g431xx.o(.text)
    TIM4_IRQHandler                          0x08000293   Thumb Code     0  startup_stm32g431xx.o(.text)
    TIM6_DAC_IRQHandler                      0x08000293   Thumb Code     0  startup_stm32g431xx.o(.text)
    TIM7_IRQHandler                          0x08000293   Thumb Code     0  startup_stm32g431xx.o(.text)
    TIM8_BRK_IRQHandler                      0x08000293   Thumb Code     0  startup_stm32g431xx.o(.text)
    TIM8_CC_IRQHandler                       0x08000293   Thumb Code     0  startup_stm32g431xx.o(.text)
    TIM8_TRG_COM_IRQHandler                  0x08000293   Thumb Code     0  startup_stm32g431xx.o(.text)
    TIM8_UP_IRQHandler                       0x08000293   Thumb Code     0  startup_stm32g431xx.o(.text)
    UART4_IRQHandler                         0x08000293   Thumb Code     0  startup_stm32g431xx.o(.text)
    UCPD1_IRQHandler                         0x08000293   Thumb Code     0  startup_stm32g431xx.o(.text)
    USART1_IRQHandler                        0x08000293   Thumb Code     0  startup_stm32g431xx.o(.text)
    USART2_IRQHandler                        0x08000293   Thumb Code     0  startup_stm32g431xx.o(.text)
    USBWakeUp_IRQHandler                     0x08000293   Thumb Code     0  startup_stm32g431xx.o(.text)
    USB_HP_IRQHandler                        0x08000293   Thumb Code     0  startup_stm32g431xx.o(.text)
    USB_LP_IRQHandler                        0x08000293   Thumb Code     0  startup_stm32g431xx.o(.text)
    WWDG_IRQHandler                          0x08000293   Thumb Code     0  startup_stm32g431xx.o(.text)
    __user_initial_stackheap                 0x08000295   Thumb Code     0  startup_stm32g431xx.o(.text)
    __aeabi_uldivmod                         0x080002b9   Thumb Code     0  lludivv7m.o(.text)
    _ll_udiv                                 0x080002b9   Thumb Code   238  lludivv7m.o(.text)
    __aeabi_memcpy                           0x080003a7   Thumb Code     0  rt_memcpy_v6.o(.text)
    __rt_memcpy                              0x080003a7   Thumb Code   138  rt_memcpy_v6.o(.text)
    _memcpy_lastbytes                        0x0800040d   Thumb Code     0  rt_memcpy_v6.o(.text)
    __aeabi_memcpy4                          0x08000431   Thumb Code     0  rt_memcpy_w.o(.text)
    __aeabi_memcpy8                          0x08000431   Thumb Code     0  rt_memcpy_w.o(.text)
    __rt_memcpy_w                            0x08000431   Thumb Code   100  rt_memcpy_w.o(.text)
    _memcpy_lastbytes_aligned                0x08000479   Thumb Code     0  rt_memcpy_w.o(.text)
    __aeabi_memclr                           0x08000495   Thumb Code     0  rt_memclr.o(.text)
    __rt_memclr                              0x08000495   Thumb Code    68  rt_memclr.o(.text)
    _memset                                  0x08000499   Thumb Code     0  rt_memclr.o(.text)
    __aeabi_memclr4                          0x080004d9   Thumb Code     0  rt_memclr_w.o(.text)
    __aeabi_memclr8                          0x080004d9   Thumb Code     0  rt_memclr_w.o(.text)
    __rt_memclr_w                            0x080004d9   Thumb Code    78  rt_memclr_w.o(.text)
    _memset_w                                0x080004dd   Thumb Code     0  rt_memclr_w.o(.text)
    __use_two_region_memory                  0x08000527   Thumb Code     2  heapauxi.o(.text)
    __rt_heap_escrow$2region                 0x08000529   Thumb Code     2  heapauxi.o(.text)
    __rt_heap_expand$2region                 0x0800052b   Thumb Code     2  heapauxi.o(.text)
    __user_setup_stackheap                   0x0800052d   Thumb Code    74  sys_stackheap_outer.o(.text)
    exit                                     0x08000577   Thumb Code    18  exit.o(.text)
    __user_libspace                          0x08000589   Thumb Code     8  libspace.o(.text)
    __user_perproc_libspace                  0x08000589   Thumb Code     0  libspace.o(.text)
    __user_perthread_libspace                0x08000589   Thumb Code     0  libspace.o(.text)
    _sys_exit                                0x08000591   Thumb Code     8  sys_exit.o(.text)
    __I$use$semihosting                      0x0800059d   Thumb Code     0  use_no_semi.o(.text)
    __use_no_semihosting_swi                 0x0800059d   Thumb Code     2  use_no_semi.o(.text)
    ADC_DMAConvCplt                          0x0800059f   Thumb Code   104  stm32g4xx_hal_adc.o(i.ADC_DMAConvCplt)
    __semihosting_library_function           0x0800059f   Thumb Code     0  indicate_semi.o(.text)
    ADC_DMAError                             0x08000607   Thumb Code    26  stm32g4xx_hal_adc.o(i.ADC_DMAError)
    ADC_DMAHalfConvCplt                      0x08000621   Thumb Code    10  stm32g4xx_hal_adc.o(i.ADC_DMAHalfConvCplt)
    ADC_Enable                               0x0800062d   Thumb Code   154  stm32g4xx_hal_adc.o(i.ADC_Enable)
    BSP_COM_Init                             0x080006d9   Thumb Code    54  stm32g4xx_nucleo.o(i.BSP_COM_Init)
    BSP_LED_Init                             0x08000715   Thumb Code    76  stm32g4xx_nucleo.o(i.BSP_LED_Init)
    BSP_PB_Callback                          0x0800076d   Thumb Code     2  stm32g4xx_nucleo.o(i.BSP_PB_Callback)
    BSP_PB_IRQHandler                        0x08000771   Thumb Code    10  stm32g4xx_nucleo.o(i.BSP_PB_IRQHandler)
    BSP_PB_Init                              0x08000781   Thumb Code   140  stm32g4xx_nucleo.o(i.BSP_PB_Init)
    BusFault_Handler                         0x08000823   Thumb Code     2  stm32g4xx_it.o(i.BusFault_Handler)
    DMA1_Channel1_IRQHandler                 0x08000891   Thumb Code     6  stm32g4xx_it.o(i.DMA1_Channel1_IRQHandler)
    DMA1_Channel2_IRQHandler                 0x0800089d   Thumb Code     6  stm32g4xx_it.o(i.DMA1_Channel2_IRQHandler)
    DMA1_Channel3_IRQHandler                 0x080008a9   Thumb Code     6  stm32g4xx_it.o(i.DMA1_Channel3_IRQHandler)
    DebugMon_Handler                         0x08000957   Thumb Code     2  stm32g4xx_it.o(i.DebugMon_Handler)
    EXTI15_10_IRQHandler                     0x08000959   Thumb Code    16  stm32g4xx_it.o(i.EXTI15_10_IRQHandler)
    EXTI15_10_IRQHandler_principal_it        0x08000969   Thumb Code    62  principal_it.o(i.EXTI15_10_IRQHandler_principal_it)
    EXTI1_IRQHandler                         0x080009b1   Thumb Code    16  stm32g4xx_it.o(i.EXTI1_IRQHandler)
    EXTI2_IRQHandler                         0x080009c1   Thumb Code    16  stm32g4xx_it.o(i.EXTI2_IRQHandler)
    EXTI3_IRQHandler                         0x080009d1   Thumb Code    16  stm32g4xx_it.o(i.EXTI3_IRQHandler)
    EXTI4_IRQHandler                         0x080009e1   Thumb Code    16  stm32g4xx_it.o(i.EXTI4_IRQHandler)
    EXTI9_5_IRQHandler                       0x080009f1   Thumb Code    30  stm32g4xx_it.o(i.EXTI9_5_IRQHandler)
    Error_Handler                            0x08000a0f   Thumb Code     4  main.o(i.Error_Handler)
    HAL_ADCEx_MultiModeConfigChannel         0x08000a15   Thumb Code   208  stm32g4xx_hal_adc_ex.o(i.HAL_ADCEx_MultiModeConfigChannel)
    HAL_ADC_ConfigChannel                    0x08000aed   Thumb Code  1006  stm32g4xx_hal_adc.o(i.HAL_ADC_ConfigChannel)
    HAL_ADC_ConvCpltCallback                 0x08000f11   Thumb Code     2  stm32g4xx_hal_adc.o(i.HAL_ADC_ConvCpltCallback)
    HAL_ADC_ConvHalfCpltCallback             0x08000f13   Thumb Code     2  stm32g4xx_hal_adc.o(i.HAL_ADC_ConvHalfCpltCallback)
    HAL_ADC_ErrorCallback                    0x08000f15   Thumb Code     2  stm32g4xx_hal_adc.o(i.HAL_ADC_ErrorCallback)
    HAL_ADC_Init                             0x08000f19   Thumb Code   466  stm32g4xx_hal_adc.o(i.HAL_ADC_Init)
    HAL_ADC_MspInit                          0x0800110d   Thumb Code   162  adc.o(i.HAL_ADC_MspInit)
    HAL_ADC_Start_DMA                        0x080011c1   Thumb Code   214  stm32g4xx_hal_adc.o(i.HAL_ADC_Start_DMA)
    HAL_DMA_Abort                            0x080012b1   Thumb Code   106  stm32g4xx_hal_dma.o(i.HAL_DMA_Abort)
    HAL_DMA_Abort_IT                         0x0800131b   Thumb Code   120  stm32g4xx_hal_dma.o(i.HAL_DMA_Abort_IT)
    HAL_DMA_IRQHandler                       0x08001393   Thumb Code   186  stm32g4xx_hal_dma.o(i.HAL_DMA_IRQHandler)
    HAL_DMA_Init                             0x0800144d   Thumb Code   178  stm32g4xx_hal_dma.o(i.HAL_DMA_Init)
    HAL_DMA_Start_IT                         0x0800150d   Thumb Code   140  stm32g4xx_hal_dma.o(i.HAL_DMA_Start_IT)
    HAL_EXTI_GetHandle                       0x08001599   Thumb Code    12  stm32g4xx_hal_exti.o(i.HAL_EXTI_GetHandle)
    HAL_EXTI_IRQHandler                      0x080015a5   Thumb Code    38  stm32g4xx_hal_exti.o(i.HAL_EXTI_IRQHandler)
    HAL_EXTI_RegisterCallback                0x080015d1   Thumb Code    16  stm32g4xx_hal_exti.o(i.HAL_EXTI_RegisterCallback)
    HAL_GPIO_EXTI_Callback                   0x080015e1   Thumb Code     2  stm32g4xx_hal_gpio.o(i.HAL_GPIO_EXTI_Callback)
    HAL_GPIO_EXTI_IRQHandler                 0x080015e5   Thumb Code    18  stm32g4xx_hal_gpio.o(i.HAL_GPIO_EXTI_IRQHandler)
    HAL_GPIO_Init                            0x080015fd   Thumb Code   550  stm32g4xx_hal_gpio.o(i.HAL_GPIO_Init)
    HAL_GPIO_ReadPin                         0x08001845   Thumb Code    10  stm32g4xx_hal_gpio.o(i.HAL_GPIO_ReadPin)
    HAL_GPIO_TogglePin                       0x0800184f   Thumb Code    16  stm32g4xx_hal_gpio.o(i.HAL_GPIO_TogglePin)
    HAL_GPIO_WritePin                        0x0800185f   Thumb Code    10  stm32g4xx_hal_gpio.o(i.HAL_GPIO_WritePin)
    HAL_GetTick                              0x08001869   Thumb Code     6  stm32g4xx_hal.o(i.HAL_GetTick)
    HAL_IncTick                              0x08001875   Thumb Code    12  stm32g4xx_hal.o(i.HAL_IncTick)
    HAL_Init                                 0x08001885   Thumb Code    30  stm32g4xx_hal.o(i.HAL_Init)
    HAL_InitTick                             0x080018a5   Thumb Code    58  stm32g4xx_hal.o(i.HAL_InitTick)
    HAL_MspInit                              0x080018e9   Thumb Code    42  stm32g4xx_hal_msp.o(i.HAL_MspInit)
    HAL_NVIC_EnableIRQ                       0x08001919   Thumb Code    26  stm32g4xx_hal_cortex.o(i.HAL_NVIC_EnableIRQ)
    HAL_NVIC_SetPriority                     0x08001935   Thumb Code    60  stm32g4xx_hal_cortex.o(i.HAL_NVIC_SetPriority)
    HAL_NVIC_SetPriorityGrouping             0x08001975   Thumb Code    26  stm32g4xx_hal_cortex.o(i.HAL_NVIC_SetPriorityGrouping)
    HAL_PWREx_ControlVoltageScaling          0x08001999   Thumb Code   174  stm32g4xx_hal_pwr_ex.o(i.HAL_PWREx_ControlVoltageScaling)
    HAL_PWREx_DisableUCPDDeadBattery         0x08001a55   Thumb Code    12  stm32g4xx_hal_pwr_ex.o(i.HAL_PWREx_DisableUCPDDeadBattery)
    HAL_RCCEx_PeriphCLKConfig                0x08001a65   Thumb Code   638  stm32g4xx_hal_rcc_ex.o(i.HAL_RCCEx_PeriphCLKConfig)
    HAL_RCC_ClockConfig                      0x08001ced   Thumb Code   444  stm32g4xx_hal_rcc.o(i.HAL_RCC_ClockConfig)
    HAL_RCC_GetPCLK1Freq                     0x08001ec9   Thumb Code    24  stm32g4xx_hal_rcc.o(i.HAL_RCC_GetPCLK1Freq)
    HAL_RCC_GetPCLK2Freq                     0x08001eed   Thumb Code    24  stm32g4xx_hal_rcc.o(i.HAL_RCC_GetPCLK2Freq)
    HAL_RCC_GetSysClockFreq                  0x08001f11   Thumb Code    98  stm32g4xx_hal_rcc.o(i.HAL_RCC_GetSysClockFreq)
    HAL_RCC_OscConfig                        0x08001f81   Thumb Code  1028  stm32g4xx_hal_rcc.o(i.HAL_RCC_OscConfig)
    HAL_SYSTICK_Config                       0x08002385   Thumb Code    40  stm32g4xx_hal_cortex.o(i.HAL_SYSTICK_Config)
    HAL_TIMEx_Break2Callback                 0x080023ad   Thumb Code     2  stm32g4xx_hal_tim_ex.o(i.HAL_TIMEx_Break2Callback)
    HAL_TIMEx_BreakCallback                  0x080023af   Thumb Code     2  stm32g4xx_hal_tim_ex.o(i.HAL_TIMEx_BreakCallback)
    HAL_TIMEx_CommutCallback                 0x080023b1   Thumb Code     2  stm32g4xx_hal_tim_ex.o(i.HAL_TIMEx_CommutCallback)
    HAL_TIMEx_ConfigBreakDeadTime            0x080023b5   Thumb Code   148  stm32g4xx_hal_tim_ex.o(i.HAL_TIMEx_ConfigBreakDeadTime)
    HAL_TIMEx_DirectionChangeCallback        0x08002451   Thumb Code     2  stm32g4xx_hal_tim_ex.o(i.HAL_TIMEx_DirectionChangeCallback)
    HAL_TIMEx_EncoderIndexCallback           0x08002453   Thumb Code     2  stm32g4xx_hal_tim_ex.o(i.HAL_TIMEx_EncoderIndexCallback)
    HAL_TIMEx_IndexErrorCallback             0x08002455   Thumb Code     2  stm32g4xx_hal_tim_ex.o(i.HAL_TIMEx_IndexErrorCallback)
    HAL_TIMEx_MasterConfigSynchronization    0x08002459   Thumb Code   132  stm32g4xx_hal_tim_ex.o(i.HAL_TIMEx_MasterConfigSynchronization)
    HAL_TIMEx_TransitionErrorCallback        0x080024f5   Thumb Code     2  stm32g4xx_hal_tim_ex.o(i.HAL_TIMEx_TransitionErrorCallback)
    HAL_TIM_Base_Start_IT                    0x080024f9   Thumb Code    94  stm32g4xx_hal_tim.o(i.HAL_TIM_Base_Start_IT)
    HAL_TIM_IC_CaptureCallback               0x08002571   Thumb Code     2  stm32g4xx_hal_tim.o(i.HAL_TIM_IC_CaptureCallback)
    HAL_TIM_IRQHandler                       0x08002573   Thumb Code   418  stm32g4xx_hal_tim.o(i.HAL_TIM_IRQHandler)
    HAL_TIM_MspPostInit                      0x08002715   Thumb Code   188  tim.o(i.HAL_TIM_MspPostInit)
    HAL_TIM_OC_ConfigChannel                 0x080027dd   Thumb Code   110  stm32g4xx_hal_tim.o(i.HAL_TIM_OC_ConfigChannel)
    HAL_TIM_OC_DelayElapsedCallback          0x0800284b   Thumb Code     2  stm32g4xx_hal_tim.o(i.HAL_TIM_OC_DelayElapsedCallback)
    HAL_TIM_OC_Init                          0x0800284d   Thumb Code    98  stm32g4xx_hal_tim.o(i.HAL_TIM_OC_Init)
    HAL_TIM_OC_MspInit                       0x080028b1   Thumb Code    50  tim.o(i.HAL_TIM_OC_MspInit)
    HAL_TIM_PWM_ConfigChannel                0x080028ed   Thumb Code   292  stm32g4xx_hal_tim.o(i.HAL_TIM_PWM_ConfigChannel)
    HAL_TIM_PWM_Init                         0x08002a11   Thumb Code    98  stm32g4xx_hal_tim.o(i.HAL_TIM_PWM_Init)
    HAL_TIM_PWM_MspInit                      0x08002a75   Thumb Code    86  tim.o(i.HAL_TIM_PWM_MspInit)
    HAL_TIM_PWM_PulseFinishedCallback        0x08002ad5   Thumb Code     2  stm32g4xx_hal_tim.o(i.HAL_TIM_PWM_PulseFinishedCallback)
    HAL_TIM_PWM_Start                        0x08002ad9   Thumb Code   218  stm32g4xx_hal_tim.o(i.HAL_TIM_PWM_Start)
    HAL_TIM_PeriodElapsedCallback            0x08002bd5   Thumb Code     2  stm32g4xx_hal_tim.o(i.HAL_TIM_PeriodElapsedCallback)
    HAL_TIM_TriggerCallback                  0x08002bd7   Thumb Code     2  stm32g4xx_hal_tim.o(i.HAL_TIM_TriggerCallback)
    HAL_UARTEx_DisableFifoMode               0x08002bd9   Thumb Code    62  stm32g4xx_hal_uart_ex.o(i.HAL_UARTEx_DisableFifoMode)
    HAL_UARTEx_ReceiveToIdle_DMA             0x08002c17   Thumb Code    74  stm32g4xx_hal_uart_ex.o(i.HAL_UARTEx_ReceiveToIdle_DMA)
    HAL_UARTEx_RxEventCallback               0x08002c61   Thumb Code   178  principal_uart.o(i.HAL_UARTEx_RxEventCallback)
    HAL_UARTEx_RxFifoFullCallback            0x08002d29   Thumb Code     2  stm32g4xx_hal_uart_ex.o(i.HAL_UARTEx_RxFifoFullCallback)
    HAL_UARTEx_SetRxFifoThreshold            0x08002d2b   Thumb Code    76  stm32g4xx_hal_uart_ex.o(i.HAL_UARTEx_SetRxFifoThreshold)
    HAL_UARTEx_SetTxFifoThreshold            0x08002d77   Thumb Code    76  stm32g4xx_hal_uart_ex.o(i.HAL_UARTEx_SetTxFifoThreshold)
    HAL_UARTEx_TxFifoEmptyCallback           0x08002dc3   Thumb Code     2  stm32g4xx_hal_uart_ex.o(i.HAL_UARTEx_TxFifoEmptyCallback)
    HAL_UARTEx_WakeupCallback                0x08002dc5   Thumb Code     2  stm32g4xx_hal_uart_ex.o(i.HAL_UARTEx_WakeupCallback)
    HAL_UART_ErrorCallback                   0x08002dc7   Thumb Code     2  stm32g4xx_hal_uart.o(i.HAL_UART_ErrorCallback)
    HAL_UART_IRQHandler                      0x08002dc9   Thumb Code   782  stm32g4xx_hal_uart.o(i.HAL_UART_IRQHandler)
    HAL_UART_Init                            0x080030e5   Thumb Code   106  stm32g4xx_hal_uart.o(i.HAL_UART_Init)
    HAL_UART_MspInit                         0x08003151   Thumb Code   232  usart.o(i.HAL_UART_MspInit)
    HAL_UART_RxCpltCallback                  0x0800324d   Thumb Code     2  stm32g4xx_hal_uart.o(i.HAL_UART_RxCpltCallback)
    HAL_UART_RxHalfCpltCallback              0x0800324f   Thumb Code     2  stm32g4xx_hal_uart.o(i.HAL_UART_RxHalfCpltCallback)
    HAL_UART_Transmit_DMA                    0x08003251   Thumb Code   132  stm32g4xx_hal_uart.o(i.HAL_UART_Transmit_DMA)
    HAL_UART_TxCpltCallback                  0x080032e1   Thumb Code     2  principal_uart.o(i.HAL_UART_TxCpltCallback)
    HAL_UART_TxHalfCpltCallback              0x080032e3   Thumb Code     2  stm32g4xx_hal_uart.o(i.HAL_UART_TxHalfCpltCallback)
    HYCodes_UART3_IRQHandler_Before          0x080032e5   Thumb Code    50  principal_uart.o(i.HYCodes_UART3_IRQHandler_Before)
    HardFault_Handler                        0x0800331d   Thumb Code     2  stm32g4xx_it.o(i.HardFault_Handler)
    MX_ADC1_Init                             0x08003381   Thumb Code   160  adc.o(i.MX_ADC1_Init)
    MX_DMA_Init                              0x0800342d   Thumb Code    88  dma.o(i.MX_DMA_Init)
    MX_GPIO_Init                             0x08003489   Thumb Code   256  gpio.o(i.MX_GPIO_Init)
    MX_LPUART1_Init                          0x08003595   Thumb Code    40  stm32g4xx_nucleo.o(i.MX_LPUART1_Init)
    MX_TIM1_Init                             0x080035c1   Thumb Code   166  tim.o(i.MX_TIM1_Init)
    MX_TIM2_Init                             0x08003671   Thumb Code   138  tim.o(i.MX_TIM2_Init)
    MX_TIM3_Init                             0x08003701   Thumb Code   136  tim.o(i.MX_TIM3_Init)
    MX_USART3_UART_Init                      0x08003791   Thumb Code    94  usart.o(i.MX_USART3_UART_Init)
    MemManage_Handler                        0x080037f9   Thumb Code     2  stm32g4xx_it.o(i.MemManage_Handler)
    NMI_Handler                              0x080037fb   Thumb Code     2  stm32g4xx_it.o(i.NMI_Handler)
    PI_Controller                            0x080037fd   Thumb Code   194  pi_control.o(i.PI_Controller)
    PI_tim_setup                             0x080038dd   Thumb Code     6  pi_control.o(i.PI_tim_setup)
    PendSV_Handler                           0x080038e9   Thumb Code     2  stm32g4xx_it.o(i.PendSV_Handler)
    SVC_Handler                              0x080038eb   Thumb Code     2  stm32g4xx_it.o(i.SVC_Handler)
    SysTick_Handler                          0x080038ed   Thumb Code     4  stm32g4xx_it.o(i.SysTick_Handler)
    SystemClock_Config                       0x080038f1   Thumb Code   104  main.o(i.SystemClock_Config)
    SystemInit                               0x08003959   Thumb Code    12  system_stm32g4xx.o(i.SystemInit)
    TIM1_UP_TIM16_IRQHandler                 0x08003969   Thumb Code    16  stm32g4xx_it.o(i.TIM1_UP_TIM16_IRQHandler)
    TIM2_IRQHandler                          0x0800397d   Thumb Code     6  stm32g4xx_it.o(i.TIM2_IRQHandler)
    TIM3_IRQHandler                          0x08003989   Thumb Code     6  stm32g4xx_it.o(i.TIM3_IRQHandler)
    TIM_Base_SetConfig                       0x08003995   Thumb Code   160  stm32g4xx_hal_tim.o(i.TIM_Base_SetConfig)
    TIM_CCxChannelCmd                        0x08003a51   Thumb Code    26  stm32g4xx_hal_tim.o(i.TIM_CCxChannelCmd)
    TIM_OC2_SetConfig                        0x08003b09   Thumb Code   120  stm32g4xx_hal_tim.o(i.TIM_OC2_SetConfig)
    UART_AdvFeatureConfig                    0x08003ddd   Thumb Code   200  stm32g4xx_hal_uart.o(i.UART_AdvFeatureConfig)
    UART_CheckIdleState                      0x08003ea5   Thumb Code   172  stm32g4xx_hal_uart.o(i.UART_CheckIdleState)
    UART_SetConfig                           0x08004129   Thumb Code   582  stm32g4xx_hal_uart.o(i.UART_SetConfig)
    UART_Start_Receive_DMA                   0x0800439d   Thumb Code   156  stm32g4xx_hal_uart.o(i.UART_Start_Receive_DMA)
    UART_WaitOnFlagUntilTimeout              0x08004445   Thumb Code   148  stm32g4xx_hal_uart.o(i.UART_WaitOnFlagUntilTimeout)
    USART3_IRQHandler                        0x080044d9   Thumb Code    16  stm32g4xx_it.o(i.USART3_IRQHandler)
    UsageFault_Handler                       0x080044ed   Thumb Code     2  stm32g4xx_it.o(i.UsageFault_Handler)
    adc_renew                                0x08004511   Thumb Code    52  principal_adc.o(i.adc_renew)
    commutate_motor                          0x08004551   Thumb Code   282  motor.o(i.commutate_motor)
    hall_detection_adc_setup                 0x08004671   Thumb Code    10  principal_adc.o(i.hall_detection_adc_setup)
    main                                     0x08004685   Thumb Code    88  main.o(i.main)
    motor_init                               0x080046e1   Thumb Code   274  motor.o(i.motor_init)
    motor_new                                0x08004809   Thumb Code   150  motor.o(i.motor_new)
    motor_tim_setup                          0x0800489f   Thumb Code    32  motor.o(i.motor_tim_setup)
    principal_EXTI3_IRQHandler               0x080048c1   Thumb Code     6  principal_it.o(i.principal_EXTI3_IRQHandler)
    principal_EXTI4_IRQHandler               0x080048cd   Thumb Code    62  principal_it.o(i.principal_EXTI4_IRQHandler)
    principal_EXTI9_5_IRQHandler             0x08004915   Thumb Code     6  principal_it.o(i.principal_EXTI9_5_IRQHandler)
    principal_TIM1_UP_TIM16_IRQHandler       0x08004921   Thumb Code    18  principal_it.o(i.principal_TIM1_UP_TIM16_IRQHandler)
    principal_main                           0x0800493d   Thumb Code    58  principal_main.o(i.principal_main)
    renew_motor_drive                        0x08004985   Thumb Code     6  vehicle.o(i.renew_motor_drive)
    speed_calculate                          0x0800498d   Thumb Code    62  principal_it.o(i.speed_calculate)
    tr_re_buffer_new                         0x080049d5   Thumb Code    28  packet.o(i.tr_re_buffer_new)
    tr_re_buffer_pop                         0x080049f1   Thumb Code    56  packet.o(i.tr_re_buffer_pop)
    tr_re_buffer_push                        0x08004a29   Thumb Code    56  packet.o(i.tr_re_buffer_push)
    track_mode                               0x08004a61   Thumb Code   130  vehicle.o(i.track_mode)
    u32_to_u8                                0x08004af9   Thumb Code    60  vec.o(i.u32_to_u8)
    uart_RxCNDTR_reset                       0x08004b35   Thumb Code    48  principal_uart.o(i.uart_RxCNDTR_reset)
    uart_packet_new                          0x08004b65   Thumb Code    64  packet.o(i.uart_packet_new)
    uart_packet_new_error                    0x08004ba5   Thumb Code    22  packet.o(i.uart_packet_new_error)
    uart_packet_pack                         0x08004bbb   Thumb Code    72  packet.o(i.uart_packet_pack)
    uart_packet_unpack                       0x08004c03   Thumb Code    58  packet.o(i.uart_packet_unpack)
    uart_setup                               0x08004c3d   Thumb Code    78  principal_uart.o(i.uart_setup)
    update_motor_step                        0x08004c99   Thumb Code   130  motor.o(i.update_motor_step)
    vec_u8_extend_inner                      0x08004d1b   Thumb Code    40  vec.o(i.vec_u8_extend_inner)
    vec_u8_new                               0x08004d43   Thumb Code    22  vec.o(i.vec_u8_new)
    vec_u8_push                              0x08004d59   Thumb Code    24  vec.o(i.vec_u8_push)
    vehicle_data_new                         0x08004d71   Thumb Code    26  vehicle.o(i.vehicle_data_new)
    vehicle_setup                            0x08004d8d   Thumb Code    24  vehicle.o(i.vehicle_setup)
    __aeabi_dadd                             0x08004dad   Thumb Code     0  daddsub_clz.o(x$fpl$dadd)
    _dadd                                    0x08004dad   Thumb Code   332  daddsub_clz.o(x$fpl$dadd)
    __fpl_dcmp_Inf                           0x08004efd   Thumb Code    24  dcmpi.o(x$fpl$dcmpinf)
    __aeabi_d2iz                             0x08004f15   Thumb Code     0  dfix.o(x$fpl$dfix)
    _dfix                                    0x08004f15   Thumb Code    94  dfix.o(x$fpl$dfix)
    __aeabi_d2uiz                            0x08004f75   Thumb Code     0  dfixu.o(x$fpl$dfixu)
    _dfixu                                   0x08004f75   Thumb Code    90  dfixu.o(x$fpl$dfixu)
    __aeabi_ui2d                             0x08004fcf   Thumb Code     0  dflt_clz.o(x$fpl$dfltu)
    _dfltu                                   0x08004fcf   Thumb Code    38  dflt_clz.o(x$fpl$dfltu)
    __aeabi_cdcmple                          0x08004ff5   Thumb Code     0  dleqf.o(x$fpl$dleqf)
    _dcmple                                  0x08004ff5   Thumb Code   120  dleqf.o(x$fpl$dleqf)
    __fpl_dcmple_InfNaN                      0x08005057   Thumb Code     0  dleqf.o(x$fpl$dleqf)
    __aeabi_dmul                             0x0800506d   Thumb Code     0  dmul.o(x$fpl$dmul)
    _dmul                                    0x0800506d   Thumb Code   332  dmul.o(x$fpl$dmul)
    __fpl_dnaninf                            0x080051c1   Thumb Code   156  dnaninf.o(x$fpl$dnaninf)
    __fpl_dretinf                            0x0800525d   Thumb Code    12  dretinf.o(x$fpl$dretinf)
    __aeabi_cdrcmple                         0x08005269   Thumb Code     0  drleqf.o(x$fpl$drleqf)
    _drcmple                                 0x08005269   Thumb Code   108  drleqf.o(x$fpl$drleqf)
    __aeabi_dsub                             0x080052d5   Thumb Code     0  daddsub_clz.o(x$fpl$dsub)
    _dsub                                    0x080052d5   Thumb Code   464  daddsub_clz.o(x$fpl$dsub)
    __aeabi_f2d                              0x080054a9   Thumb Code     0  f2d.o(x$fpl$f2d)
    _f2d                                     0x080054a9   Thumb Code    86  f2d.o(x$fpl$f2d)
    __fpl_fnaninf                            0x080054ff   Thumb Code   140  fnaninf.o(x$fpl$fnaninf)
    _fp_init                                 0x0800558b   Thumb Code    10  fpinit.o(x$fpl$fpinit)
    __fplib_config_fpu_vfp                   0x08005593   Thumb Code     0  fpinit.o(x$fpl$fpinit)
    __fplib_config_pureend_doubles           0x08005593   Thumb Code     0  fpinit.o(x$fpl$fpinit)
    __I$use$fp                               0x08005594   Number         0  usenofp.o(x$fpl$usenofp)
    SEQUENCE                                 0x080055b4   Data          72  motor.o(.constdata)
    track_hall_critical_value                0x0800565c   Data           4  vehicle.o(.constdata)
    UARTPrescTable                           0x0800566c   Data          24  stm32g4xx_hal_uart.o(.constdata)
    AHBPrescTable                            0x08005694   Data          16  system_stm32g4xx.o(.constdata)
    APBPrescTable                            0x080056a4   Data           8  system_stm32g4xx.o(.constdata)
    Region$$Table$$Base                      0x080056ac   Number         0  anon$$obj.o(Region$$Table)
    Region$$Table$$Limit                     0x080056cc   Number         0  anon$$obj.o(Region$$Table)
    max_speed                                0x20000000   Data           1  motor.o(.data)
    error_threshold                          0x20000008   Data           8  pi_control.o(.data)
    temp_time1                               0x20000010   Data           4  principal_it.o(.data)
    temp_time2                               0x20000014   Data           4  principal_it.o(.data)
    toggle1                                  0x20000018   Data           4  principal_it.o(.data)
    toggle2                                  0x2000001c   Data           4  principal_it.o(.data)
    hall_sensor3                             0x20000020   Data           4  principal_main.o(.data)
    uart_init                                0x20000024   Data           1  principal_uart.o(.data)
    hall_count_direction                     0x20000028   Data           4  vehicle.o(.data)
    map_current_data                         0x2000002c   Data          96  vehicle.o(.data)
    ADC_DISABLE                              0x2000008c   Data           1  const_and_error.o(.data)
    PI_CONTROL_DISABLE                       0x2000008d   Data           1  const_and_error.o(.data)
    hpb_exti                                 0x200000a8   Data           8  stm32g4xx_nucleo.o(.data)
    uwTickPrio                               0x200000b0   Data           4  stm32g4xx_hal.o(.data)
    uwTickFreq                               0x200000b4   Data           4  stm32g4xx_hal.o(.data)
    uwTick                                   0x200000b8   Data           4  stm32g4xx_hal.o(.data)
    SystemCoreClock                          0x200000bc   Data           4  system_stm32g4xx.o(.data)
    motor_right                              0x200000c0   Data          96  motor.o(.bss)
    motor_left                               0x20000120   Data          96  motor.o(.bss)
    ADC_Values                               0x20000180   Data          20  principal_adc.o(.bss)
    uart_buffer_r                            0x20000194   Data          50  principal_uart.o(.bss)
    transfer_buffer                          0x200001c6   Data         267  principal_uart.o(.bss)
    receive_buffer                           0x200002d1   Data         267  principal_uart.o(.bss)
    vehicle_current_data                     0x200003dc   Data          12  vehicle.o(.bss)
    BspCOMInit                               0x200003e8   Data          16  main.o(.bss)
    hadc1                                    0x200003f8   Data         108  adc.o(.bss)
    hdma_adc1                                0x20000464   Data          96  adc.o(.bss)
    htim1                                    0x200004c4   Data          76  tim.o(.bss)
    htim2                                    0x20000510   Data          76  tim.o(.bss)
    htim3                                    0x2000055c   Data          76  tim.o(.bss)
    huart3                                   0x200005a8   Data         148  usart.o(.bss)
    hdma_usart3_rx                           0x2000063c   Data          96  usart.o(.bss)
    hdma_usart3_tx                           0x2000069c   Data          96  usart.o(.bss)
    hcom_uart                                0x200006fc   Data         148  stm32g4xx_nucleo.o(.bss)
    __libspace_start                         0x20000790   Data          96  libspace.o(.bss)
    __temporary_stack_top$libspace           0x200007f0   Data           0  libspace.o(.bss)



==============================================================================

Memory Map of the image

  Image Entry point : 0x080001d9

  Load Region LR_IROM1 (Base: 0x08000000, Size: 0x0000578c, Max: 0x00020000, ABSOLUTE)

    Execution Region ER_IROM1 (Exec base: 0x08000000, Load base: 0x08000000, Size: 0x000056cc, Max: 0x00020000, ABSOLUTE)

    Exec Addr    Load Addr    Size         Type   Attr      Idx    E Section Name        Object

    0x08000000   0x08000000   0x000001d8   Data   RO            3    RESET               startup_stm32g431xx.o
    0x080001d8   0x080001d8   0x00000008   Code   RO         5000  * !!!main             c_w.l(__main.o)
    0x080001e0   0x080001e0   0x00000034   Code   RO         5206    !!!scatter          c_w.l(__scatter.o)
    0x08000214   0x08000214   0x0000001a   Code   RO         5208    !!handler_copy      c_w.l(__scatter_copy.o)
    0x0800022e   0x0800022e   0x00000002   PAD
    0x08000230   0x08000230   0x0000001c   Code   RO         5210    !!handler_zi        c_w.l(__scatter_zi.o)
    0x0800024c   0x0800024c   0x00000002   Code   RO         5074    .ARM.Collect$$libinit$$00000000  c_w.l(libinit.o)
    0x0800024e   0x0800024e   0x00000004   Code   RO         5086    .ARM.Collect$$libinit$$00000001  c_w.l(libinit2.o)
    0x08000252   0x08000252   0x00000000   Code   RO         5089    .ARM.Collect$$libinit$$00000004  c_w.l(libinit2.o)
    0x08000252   0x08000252   0x00000000   Code   RO         5092    .ARM.Collect$$libinit$$0000000A  c_w.l(libinit2.o)
    0x08000252   0x08000252   0x00000000   Code   RO         5094    .ARM.Collect$$libinit$$0000000C  c_w.l(libinit2.o)
    0x08000252   0x08000252   0x00000000   Code   RO         5096    .ARM.Collect$$libinit$$0000000E  c_w.l(libinit2.o)
    0x08000252   0x08000252   0x00000000   Code   RO         5099    .ARM.Collect$$libinit$$00000011  c_w.l(libinit2.o)
    0x08000252   0x08000252   0x00000000   Code   RO         5101    .ARM.Collect$$libinit$$00000013  c_w.l(libinit2.o)
    0x08000252   0x08000252   0x00000000   Code   RO         5103    .ARM.Collect$$libinit$$00000015  c_w.l(libinit2.o)
    0x08000252   0x08000252   0x00000000   Code   RO         5105    .ARM.Collect$$libinit$$00000017  c_w.l(libinit2.o)
    0x08000252   0x08000252   0x00000000   Code   RO         5107    .ARM.Collect$$libinit$$00000019  c_w.l(libinit2.o)
    0x08000252   0x08000252   0x00000000   Code   RO         5109    .ARM.Collect$$libinit$$0000001B  c_w.l(libinit2.o)
    0x08000252   0x08000252   0x00000000   Code   RO         5111    .ARM.Collect$$libinit$$0000001D  c_w.l(libinit2.o)
    0x08000252   0x08000252   0x00000000   Code   RO         5113    .ARM.Collect$$libinit$$0000001F  c_w.l(libinit2.o)
    0x08000252   0x08000252   0x00000000   Code   RO         5115    .ARM.Collect$$libinit$$00000021  c_w.l(libinit2.o)
    0x08000252   0x08000252   0x00000000   Code   RO         5117    .ARM.Collect$$libinit$$00000023  c_w.l(libinit2.o)
    0x08000252   0x08000252   0x00000000   Code   RO         5119    .ARM.Collect$$libinit$$00000025  c_w.l(libinit2.o)
    0x08000252   0x08000252   0x00000000   Code   RO         5123    .ARM.Collect$$libinit$$0000002C  c_w.l(libinit2.o)
    0x08000252   0x08000252   0x00000000   Code   RO         5125    .ARM.Collect$$libinit$$0000002E  c_w.l(libinit2.o)
    0x08000252   0x08000252   0x00000000   Code   RO         5127    .ARM.Collect$$libinit$$00000030  c_w.l(libinit2.o)
    0x08000252   0x08000252   0x00000000   Code   RO         5129    .ARM.Collect$$libinit$$00000032  c_w.l(libinit2.o)
    0x08000252   0x08000252   0x00000002   Code   RO         5130    .ARM.Collect$$libinit$$00000033  c_w.l(libinit2.o)
    0x08000254   0x08000254   0x00000002   Code   RO         5161    .ARM.Collect$$libshutdown$$00000000  c_w.l(libshutdown.o)
    0x08000256   0x08000256   0x00000000   Code   RO         5187    .ARM.Collect$$libshutdown$$00000002  c_w.l(libshutdown2.o)
    0x08000256   0x08000256   0x00000000   Code   RO         5189    .ARM.Collect$$libshutdown$$00000004  c_w.l(libshutdown2.o)
    0x08000256   0x08000256   0x00000000   Code   RO         5191    .ARM.Collect$$libshutdown$$00000006  c_w.l(libshutdown2.o)
    0x08000256   0x08000256   0x00000000   Code   RO         5194    .ARM.Collect$$libshutdown$$00000009  c_w.l(libshutdown2.o)
    0x08000256   0x08000256   0x00000000   Code   RO         5197    .ARM.Collect$$libshutdown$$0000000C  c_w.l(libshutdown2.o)
    0x08000256   0x08000256   0x00000000   Code   RO         5199    .ARM.Collect$$libshutdown$$0000000E  c_w.l(libshutdown2.o)
    0x08000256   0x08000256   0x00000000   Code   RO         5202    .ARM.Collect$$libshutdown$$00000011  c_w.l(libshutdown2.o)
    0x08000256   0x08000256   0x00000002   Code   RO         5203    .ARM.Collect$$libshutdown$$00000012  c_w.l(libshutdown2.o)
    0x08000258   0x08000258   0x00000000   Code   RO         5028    .ARM.Collect$$rtentry$$00000000  c_w.l(__rtentry.o)
    0x08000258   0x08000258   0x00000000   Code   RO         5043    .ARM.Collect$$rtentry$$00000002  c_w.l(__rtentry2.o)
    0x08000258   0x08000258   0x00000006   Code   RO         5055    .ARM.Collect$$rtentry$$00000004  c_w.l(__rtentry4.o)
    0x0800025e   0x0800025e   0x00000000   Code   RO         5045    .ARM.Collect$$rtentry$$00000009  c_w.l(__rtentry2.o)
    0x0800025e   0x0800025e   0x00000004   Code   RO         5046    .ARM.Collect$$rtentry$$0000000A  c_w.l(__rtentry2.o)
    0x08000262   0x08000262   0x00000000   Code   RO         5048    .ARM.Collect$$rtentry$$0000000C  c_w.l(__rtentry2.o)
    0x08000262   0x08000262   0x00000008   Code   RO         5049    .ARM.Collect$$rtentry$$0000000D  c_w.l(__rtentry2.o)
    0x0800026a   0x0800026a   0x00000002   Code   RO         5078    .ARM.Collect$$rtexit$$00000000  c_w.l(rtexit.o)
    0x0800026c   0x0800026c   0x00000000   Code   RO         5134    .ARM.Collect$$rtexit$$00000002  c_w.l(rtexit2.o)
    0x0800026c   0x0800026c   0x00000004   Code   RO         5135    .ARM.Collect$$rtexit$$00000003  c_w.l(rtexit2.o)
    0x08000270   0x08000270   0x00000006   Code   RO         5136    .ARM.Collect$$rtexit$$00000004  c_w.l(rtexit2.o)
    0x08000276   0x08000276   0x00000002   PAD
    0x08000278   0x08000278   0x00000040   Code   RO            4    .text               startup_stm32g431xx.o
    0x080002b8   0x080002b8   0x000000ee   Code   RO         4988    .text               c_w.l(lludivv7m.o)
    0x080003a6   0x080003a6   0x0000008a   Code   RO         4990    .text               c_w.l(rt_memcpy_v6.o)
    0x08000430   0x08000430   0x00000064   Code   RO         4992    .text               c_w.l(rt_memcpy_w.o)
    0x08000494   0x08000494   0x00000044   Code   RO         4994    .text               c_w.l(rt_memclr.o)
    0x080004d8   0x080004d8   0x0000004e   Code   RO         4996    .text               c_w.l(rt_memclr_w.o)
    0x08000526   0x08000526   0x00000006   Code   RO         4998    .text               c_w.l(heapauxi.o)
    0x0800052c   0x0800052c   0x0000004a   Code   RO         5061    .text               c_w.l(sys_stackheap_outer.o)
    0x08000576   0x08000576   0x00000012   Code   RO         5063    .text               c_w.l(exit.o)
    0x08000588   0x08000588   0x00000008   Code   RO         5075    .text               c_w.l(libspace.o)
    0x08000590   0x08000590   0x0000000c   Code   RO         5131    .text               c_w.l(sys_exit.o)
    0x0800059c   0x0800059c   0x00000002   Code   RO         5150    .text               c_w.l(use_no_semi.o)
    0x0800059e   0x0800059e   0x00000000   Code   RO         5152    .text               c_w.l(indicate_semi.o)
    0x0800059e   0x0800059e   0x00000068   Code   RO         1281    i.ADC_DMAConvCplt   stm32g4xx_hal_adc.o
    0x08000606   0x08000606   0x0000001a   Code   RO         1282    i.ADC_DMAError      stm32g4xx_hal_adc.o
    0x08000620   0x08000620   0x0000000a   Code   RO         1283    i.ADC_DMAHalfConvCplt  stm32g4xx_hal_adc.o
    0x0800062a   0x0800062a   0x00000002   PAD
    0x0800062c   0x0800062c   0x000000ac   Code   RO         1285    i.ADC_Enable        stm32g4xx_hal_adc.o
    0x080006d8   0x080006d8   0x0000003c   Code   RO         1131    i.BSP_COM_Init      stm32g4xx_nucleo.o
    0x08000714   0x08000714   0x00000058   Code   RO         1138    i.BSP_LED_Init      stm32g4xx_nucleo.o
    0x0800076c   0x0800076c   0x00000002   Code   RO         1142    i.BSP_PB_Callback   stm32g4xx_nucleo.o
    0x0800076e   0x0800076e   0x00000002   PAD
    0x08000770   0x08000770   0x00000010   Code   RO         1145    i.BSP_PB_IRQHandler  stm32g4xx_nucleo.o
    0x08000780   0x08000780   0x00000098   Code   RO         1146    i.BSP_PB_Init       stm32g4xx_nucleo.o
    0x08000818   0x08000818   0x0000000a   Code   RO         1147    i.BUTTON_USER_EXTI_Callback  stm32g4xx_nucleo.o
    0x08000822   0x08000822   0x00000002   Code   RO          920    i.BusFault_Handler  stm32g4xx_it.o
    0x08000824   0x08000824   0x0000006c   Code   RO         1148    i.COM1_MspInit      stm32g4xx_nucleo.o
    0x08000890   0x08000890   0x0000000c   Code   RO          921    i.DMA1_Channel1_IRQHandler  stm32g4xx_it.o
    0x0800089c   0x0800089c   0x0000000c   Code   RO          922    i.DMA1_Channel2_IRQHandler  stm32g4xx_it.o
    0x080008a8   0x080008a8   0x0000000c   Code   RO          923    i.DMA1_Channel3_IRQHandler  stm32g4xx_it.o
    0x080008b4   0x080008b4   0x00000040   Code   RO         2578    i.DMA_CalcDMAMUXChannelBaseAndMask  stm32g4xx_hal_dma.o
    0x080008f4   0x080008f4   0x00000024   Code   RO         2579    i.DMA_CalcDMAMUXRequestGenBaseAndMask  stm32g4xx_hal_dma.o
    0x08000918   0x08000918   0x0000003e   Code   RO         2580    i.DMA_SetConfig     stm32g4xx_hal_dma.o
    0x08000956   0x08000956   0x00000002   Code   RO          924    i.DebugMon_Handler  stm32g4xx_it.o
    0x08000958   0x08000958   0x00000010   Code   RO          925    i.EXTI15_10_IRQHandler  stm32g4xx_it.o
    0x08000968   0x08000968   0x00000048   Code   RO          356    i.EXTI15_10_IRQHandler_principal_it  principal_it.o
    0x080009b0   0x080009b0   0x00000010   Code   RO          926    i.EXTI1_IRQHandler  stm32g4xx_it.o
    0x080009c0   0x080009c0   0x00000010   Code   RO          927    i.EXTI2_IRQHandler  stm32g4xx_it.o
    0x080009d0   0x080009d0   0x00000010   Code   RO          928    i.EXTI3_IRQHandler  stm32g4xx_it.o
    0x080009e0   0x080009e0   0x00000010   Code   RO          929    i.EXTI4_IRQHandler  stm32g4xx_it.o
    0x080009f0   0x080009f0   0x0000001e   Code   RO          930    i.EXTI9_5_IRQHandler  stm32g4xx_it.o
    0x08000a0e   0x08000a0e   0x00000004   Code   RO          674    i.Error_Handler     main.o
    0x08000a12   0x08000a12   0x00000002   PAD
    0x08000a14   0x08000a14   0x000000d8   Code   RO         1535    i.HAL_ADCEx_MultiModeConfigChannel  stm32g4xx_hal_adc_ex.o
    0x08000aec   0x08000aec   0x00000424   Code   RO         1287    i.HAL_ADC_ConfigChannel  stm32g4xx_hal_adc.o
    0x08000f10   0x08000f10   0x00000002   Code   RO         1288    i.HAL_ADC_ConvCpltCallback  stm32g4xx_hal_adc.o
    0x08000f12   0x08000f12   0x00000002   Code   RO         1289    i.HAL_ADC_ConvHalfCpltCallback  stm32g4xx_hal_adc.o
    0x08000f14   0x08000f14   0x00000002   Code   RO         1291    i.HAL_ADC_ErrorCallback  stm32g4xx_hal_adc.o
    0x08000f16   0x08000f16   0x00000002   PAD
    0x08000f18   0x08000f18   0x000001f4   Code   RO         1296    i.HAL_ADC_Init      stm32g4xx_hal_adc.o
    0x0800110c   0x0800110c   0x000000b4   Code   RO          741    i.HAL_ADC_MspInit   adc.o
    0x080011c0   0x080011c0   0x000000f0   Code   RO         1304    i.HAL_ADC_Start_DMA  stm32g4xx_hal_adc.o
    0x080012b0   0x080012b0   0x0000006a   Code   RO         2581    i.HAL_DMA_Abort     stm32g4xx_hal_dma.o
    0x0800131a   0x0800131a   0x00000078   Code   RO         2582    i.HAL_DMA_Abort_IT  stm32g4xx_hal_dma.o
    0x08001392   0x08001392   0x000000ba   Code   RO         2586    i.HAL_DMA_IRQHandler  stm32g4xx_hal_dma.o
    0x0800144c   0x0800144c   0x000000c0   Code   RO         2587    i.HAL_DMA_Init      stm32g4xx_hal_dma.o
    0x0800150c   0x0800150c   0x0000008c   Code   RO         2591    i.HAL_DMA_Start_IT  stm32g4xx_hal_dma.o
    0x08001598   0x08001598   0x0000000c   Code   RO         2510    i.HAL_EXTI_GetHandle  stm32g4xx_hal_exti.o
    0x080015a4   0x080015a4   0x0000002c   Code   RO         2512    i.HAL_EXTI_IRQHandler  stm32g4xx_hal_exti.o
    0x080015d0   0x080015d0   0x00000010   Code   RO         2513    i.HAL_EXTI_RegisterCallback  stm32g4xx_hal_exti.o
    0x080015e0   0x080015e0   0x00000002   Code   RO         2441    i.HAL_GPIO_EXTI_Callback  stm32g4xx_hal_gpio.o
    0x080015e2   0x080015e2   0x00000002   PAD
    0x080015e4   0x080015e4   0x00000018   Code   RO         2442    i.HAL_GPIO_EXTI_IRQHandler  stm32g4xx_hal_gpio.o
    0x080015fc   0x080015fc   0x00000248   Code   RO         2443    i.HAL_GPIO_Init     stm32g4xx_hal_gpio.o
    0x08001844   0x08001844   0x0000000a   Code   RO         2445    i.HAL_GPIO_ReadPin  stm32g4xx_hal_gpio.o
    0x0800184e   0x0800184e   0x00000010   Code   RO         2446    i.HAL_GPIO_TogglePin  stm32g4xx_hal_gpio.o
    0x0800185e   0x0800185e   0x0000000a   Code   RO         2447    i.HAL_GPIO_WritePin  stm32g4xx_hal_gpio.o
    0x08001868   0x08001868   0x0000000c   Code   RO         1738    i.HAL_GetTick       stm32g4xx_hal.o
    0x08001874   0x08001874   0x00000010   Code   RO         1744    i.HAL_IncTick       stm32g4xx_hal.o
    0x08001884   0x08001884   0x0000001e   Code   RO         1745    i.HAL_Init          stm32g4xx_hal.o
    0x080018a2   0x080018a2   0x00000002   PAD
    0x080018a4   0x080018a4   0x00000044   Code   RO         1746    i.HAL_InitTick      stm32g4xx_hal.o
    0x080018e8   0x080018e8   0x00000030   Code   RO         1074    i.HAL_MspInit       stm32g4xx_hal_msp.o
    0x08001918   0x08001918   0x0000001a   Code   RO         3092    i.HAL_NVIC_EnableIRQ  stm32g4xx_hal_cortex.o
    0x08001932   0x08001932   0x00000002   PAD
    0x08001934   0x08001934   0x00000040   Code   RO         3098    i.HAL_NVIC_SetPriority  stm32g4xx_hal_cortex.o
    0x08001974   0x08001974   0x00000024   Code   RO         3099    i.HAL_NVIC_SetPriorityGrouping  stm32g4xx_hal_cortex.o
    0x08001998   0x08001998   0x000000bc   Code   RO         2846    i.HAL_PWREx_ControlVoltageScaling  stm32g4xx_hal_pwr_ex.o
    0x08001a54   0x08001a54   0x00000010   Code   RO         2858    i.HAL_PWREx_DisableUCPDDeadBattery  stm32g4xx_hal_pwr_ex.o
    0x08001a64   0x08001a64   0x00000288   Code   RO         2105    i.HAL_RCCEx_PeriphCLKConfig  stm32g4xx_hal_rcc_ex.o
    0x08001cec   0x08001cec   0x000001dc   Code   RO         1980    i.HAL_RCC_ClockConfig  stm32g4xx_hal_rcc.o
    0x08001ec8   0x08001ec8   0x00000024   Code   RO         1988    i.HAL_RCC_GetPCLK1Freq  stm32g4xx_hal_rcc.o
    0x08001eec   0x08001eec   0x00000024   Code   RO         1989    i.HAL_RCC_GetPCLK2Freq  stm32g4xx_hal_rcc.o
    0x08001f10   0x08001f10   0x00000070   Code   RO         1990    i.HAL_RCC_GetSysClockFreq  stm32g4xx_hal_rcc.o
    0x08001f80   0x08001f80   0x00000404   Code   RO         1993    i.HAL_RCC_OscConfig  stm32g4xx_hal_rcc.o
    0x08002384   0x08002384   0x00000028   Code   RO         3103    i.HAL_SYSTICK_Config  stm32g4xx_hal_cortex.o
    0x080023ac   0x080023ac   0x00000002   Code   RO         3948    i.HAL_TIMEx_Break2Callback  stm32g4xx_hal_tim_ex.o
    0x080023ae   0x080023ae   0x00000002   Code   RO         3949    i.HAL_TIMEx_BreakCallback  stm32g4xx_hal_tim_ex.o
    0x080023b0   0x080023b0   0x00000002   Code   RO         3950    i.HAL_TIMEx_CommutCallback  stm32g4xx_hal_tim_ex.o
    0x080023b2   0x080023b2   0x00000002   PAD
    0x080023b4   0x080023b4   0x0000009c   Code   RO         3953    i.HAL_TIMEx_ConfigBreakDeadTime  stm32g4xx_hal_tim_ex.o
    0x08002450   0x08002450   0x00000002   Code   RO         3961    i.HAL_TIMEx_DirectionChangeCallback  stm32g4xx_hal_tim_ex.o
    0x08002452   0x08002452   0x00000002   Code   RO         3975    i.HAL_TIMEx_EncoderIndexCallback  stm32g4xx_hal_tim_ex.o
    0x08002454   0x08002454   0x00000002   Code   RO         3989    i.HAL_TIMEx_IndexErrorCallback  stm32g4xx_hal_tim_ex.o
    0x08002456   0x08002456   0x00000002   PAD
    0x08002458   0x08002458   0x0000009c   Code   RO         3990    i.HAL_TIMEx_MasterConfigSynchronization  stm32g4xx_hal_tim_ex.o
    0x080024f4   0x080024f4   0x00000002   Code   RO         4011    i.HAL_TIMEx_TransitionErrorCallback  stm32g4xx_hal_tim_ex.o
    0x080024f6   0x080024f6   0x00000002   PAD
    0x080024f8   0x080024f8   0x00000078   Code   RO         3239    i.HAL_TIM_Base_Start_IT  stm32g4xx_hal_tim.o
    0x08002570   0x08002570   0x00000002   Code   RO         3268    i.HAL_TIM_IC_CaptureCallback  stm32g4xx_hal_tim.o
    0x08002572   0x08002572   0x000001a2   Code   RO         3282    i.HAL_TIM_IRQHandler  stm32g4xx_hal_tim.o
    0x08002714   0x08002714   0x000000c8   Code   RO          806    i.HAL_TIM_MspPostInit  tim.o
    0x080027dc   0x080027dc   0x0000006e   Code   RO         3283    i.HAL_TIM_OC_ConfigChannel  stm32g4xx_hal_tim.o
    0x0800284a   0x0800284a   0x00000002   Code   RO         3285    i.HAL_TIM_OC_DelayElapsedCallback  stm32g4xx_hal_tim.o
    0x0800284c   0x0800284c   0x00000062   Code   RO         3287    i.HAL_TIM_OC_Init   stm32g4xx_hal_tim.o
    0x080028ae   0x080028ae   0x00000002   PAD
    0x080028b0   0x080028b0   0x0000003c   Code   RO          808    i.HAL_TIM_OC_MspInit  tim.o
    0x080028ec   0x080028ec   0x00000124   Code   RO         3306    i.HAL_TIM_PWM_ConfigChannel  stm32g4xx_hal_tim.o
    0x08002a10   0x08002a10   0x00000062   Code   RO         3309    i.HAL_TIM_PWM_Init  stm32g4xx_hal_tim.o
    0x08002a72   0x08002a72   0x00000002   PAD
    0x08002a74   0x08002a74   0x00000060   Code   RO          810    i.HAL_TIM_PWM_MspInit  tim.o
    0x08002ad4   0x08002ad4   0x00000002   Code   RO         3312    i.HAL_TIM_PWM_PulseFinishedCallback  stm32g4xx_hal_tim.o
    0x08002ad6   0x08002ad6   0x00000002   PAD
    0x08002ad8   0x08002ad8   0x000000fc   Code   RO         3314    i.HAL_TIM_PWM_Start  stm32g4xx_hal_tim.o
    0x08002bd4   0x08002bd4   0x00000002   Code   RO         3320    i.HAL_TIM_PeriodElapsedCallback  stm32g4xx_hal_tim.o
    0x08002bd6   0x08002bd6   0x00000002   Code   RO         3325    i.HAL_TIM_TriggerCallback  stm32g4xx_hal_tim.o
    0x08002bd8   0x08002bd8   0x0000003e   Code   RO         4797    i.HAL_UARTEx_DisableFifoMode  stm32g4xx_hal_uart_ex.o
    0x08002c16   0x08002c16   0x0000004a   Code   RO         4803    i.HAL_UARTEx_ReceiveToIdle_DMA  stm32g4xx_hal_uart_ex.o
    0x08002c60   0x08002c60   0x000000c8   Code   RO          472    i.HAL_UARTEx_RxEventCallback  principal_uart.o
    0x08002d28   0x08002d28   0x00000002   Code   RO         4805    i.HAL_UARTEx_RxFifoFullCallback  stm32g4xx_hal_uart_ex.o
    0x08002d2a   0x08002d2a   0x0000004c   Code   RO         4806    i.HAL_UARTEx_SetRxFifoThreshold  stm32g4xx_hal_uart_ex.o
    0x08002d76   0x08002d76   0x0000004c   Code   RO         4807    i.HAL_UARTEx_SetTxFifoThreshold  stm32g4xx_hal_uart_ex.o
    0x08002dc2   0x08002dc2   0x00000002   Code   RO         4809    i.HAL_UARTEx_TxFifoEmptyCallback  stm32g4xx_hal_uart_ex.o
    0x08002dc4   0x08002dc4   0x00000002   Code   RO         4810    i.HAL_UARTEx_WakeupCallback  stm32g4xx_hal_uart_ex.o
    0x08002dc6   0x08002dc6   0x00000002   Code   RO         4402    i.HAL_UART_ErrorCallback  stm32g4xx_hal_uart.o
    0x08002dc8   0x08002dc8   0x0000031c   Code   RO         4405    i.HAL_UART_IRQHandler  stm32g4xx_hal_uart.o
    0x080030e4   0x080030e4   0x0000006a   Code   RO         4406    i.HAL_UART_Init     stm32g4xx_hal_uart.o
    0x0800314e   0x0800314e   0x00000002   PAD
    0x08003150   0x08003150   0x000000fc   Code   RO          879    i.HAL_UART_MspInit  usart.o
    0x0800324c   0x0800324c   0x00000002   Code   RO         4413    i.HAL_UART_RxCpltCallback  stm32g4xx_hal_uart.o
    0x0800324e   0x0800324e   0x00000002   Code   RO         4414    i.HAL_UART_RxHalfCpltCallback  stm32g4xx_hal_uart.o
    0x08003250   0x08003250   0x00000090   Code   RO         4416    i.HAL_UART_Transmit_DMA  stm32g4xx_hal_uart.o
    0x080032e0   0x080032e0   0x00000002   Code   RO          473    i.HAL_UART_TxCpltCallback  principal_uart.o
    0x080032e2   0x080032e2   0x00000002   Code   RO         4419    i.HAL_UART_TxHalfCpltCallback  stm32g4xx_hal_uart.o
    0x080032e4   0x080032e4   0x00000038   Code   RO          474    i.HYCodes_UART3_IRQHandler_Before  principal_uart.o
    0x0800331c   0x0800331c   0x00000002   Code   RO          931    i.HardFault_Handler  stm32g4xx_it.o
    0x0800331e   0x0800331e   0x0000000c   Code   RO         1310    i.LL_ADC_GetOffsetChannel  stm32g4xx_hal_adc.o
    0x0800332a   0x0800332a   0x00000008   Code   RO         1311    i.LL_ADC_INJ_IsConversionOngoing  stm32g4xx_hal_adc.o
    0x08003332   0x08003332   0x00000008   Code   RO         1312    i.LL_ADC_REG_IsConversionOngoing  stm32g4xx_hal_adc.o
    0x0800333a   0x0800333a   0x00000008   Code   RO         1545    i.LL_ADC_REG_IsConversionOngoing  stm32g4xx_hal_adc_ex.o
    0x08003342   0x08003342   0x00000010   Code   RO         1313    i.LL_ADC_REG_IsTriggerSourceSWStart  stm32g4xx_hal_adc.o
    0x08003352   0x08003352   0x0000001e   Code   RO         1315    i.LL_ADC_SetChannelSamplingTime  stm32g4xx_hal_adc.o
    0x08003370   0x08003370   0x00000010   Code   RO         1316    i.LL_ADC_SetOffsetState  stm32g4xx_hal_adc.o
    0x08003380   0x08003380   0x000000ac   Code   RO          742    i.MX_ADC1_Init      adc.o
    0x0800342c   0x0800342c   0x0000005c   Code   RO          782    i.MX_DMA_Init       dma.o
    0x08003488   0x08003488   0x0000010c   Code   RO          716    i.MX_GPIO_Init      gpio.o
    0x08003594   0x08003594   0x0000002c   Code   RO         1149    i.MX_LPUART1_Init   stm32g4xx_nucleo.o
    0x080035c0   0x080035c0   0x000000b0   Code   RO          811    i.MX_TIM1_Init      tim.o
    0x08003670   0x08003670   0x00000090   Code   RO          812    i.MX_TIM2_Init      tim.o
    0x08003700   0x08003700   0x00000090   Code   RO          813    i.MX_TIM3_Init      tim.o
    0x08003790   0x08003790   0x00000068   Code   RO          880    i.MX_USART3_UART_Init  usart.o
    0x080037f8   0x080037f8   0x00000002   Code   RO          932    i.MemManage_Handler  stm32g4xx_it.o
    0x080037fa   0x080037fa   0x00000002   Code   RO          933    i.NMI_Handler       stm32g4xx_it.o
    0x080037fc   0x080037fc   0x000000e0   Code   RO          267    i.PI_Controller     pi_control.o
    0x080038dc   0x080038dc   0x0000000c   Code   RO          268    i.PI_tim_setup      pi_control.o
    0x080038e8   0x080038e8   0x00000002   Code   RO          934    i.PendSV_Handler    stm32g4xx_it.o
    0x080038ea   0x080038ea   0x00000002   Code   RO          935    i.SVC_Handler       stm32g4xx_it.o
    0x080038ec   0x080038ec   0x00000004   Code   RO          936    i.SysTick_Handler   stm32g4xx_it.o
    0x080038f0   0x080038f0   0x00000068   Code   RO          675    i.SystemClock_Config  main.o
    0x08003958   0x08003958   0x00000010   Code   RO         4952    i.SystemInit        system_stm32g4xx.o
    0x08003968   0x08003968   0x00000014   Code   RO          937    i.TIM1_UP_TIM16_IRQHandler  stm32g4xx_it.o
    0x0800397c   0x0800397c   0x0000000c   Code   RO          938    i.TIM2_IRQHandler   stm32g4xx_it.o
    0x08003988   0x08003988   0x0000000c   Code   RO          939    i.TIM3_IRQHandler   stm32g4xx_it.o
    0x08003994   0x08003994   0x000000bc   Code   RO         3327    i.TIM_Base_SetConfig  stm32g4xx_hal_tim.o
    0x08003a50   0x08003a50   0x0000001a   Code   RO         3328    i.TIM_CCxChannelCmd  stm32g4xx_hal_tim.o
    0x08003a6a   0x08003a6a   0x00000002   PAD
    0x08003a6c   0x08003a6c   0x0000009c   Code   RO         3340    i.TIM_OC1_SetConfig  stm32g4xx_hal_tim.o
    0x08003b08   0x08003b08   0x00000090   Code   RO         3341    i.TIM_OC2_SetConfig  stm32g4xx_hal_tim.o
    0x08003b98   0x08003b98   0x00000090   Code   RO         3342    i.TIM_OC3_SetConfig  stm32g4xx_hal_tim.o
    0x08003c28   0x08003c28   0x00000090   Code   RO         3343    i.TIM_OC4_SetConfig  stm32g4xx_hal_tim.o
    0x08003cb8   0x08003cb8   0x00000070   Code   RO         3344    i.TIM_OC5_SetConfig  stm32g4xx_hal_tim.o
    0x08003d28   0x08003d28   0x00000070   Code   RO         3345    i.TIM_OC6_SetConfig  stm32g4xx_hal_tim.o
    0x08003d98   0x08003d98   0x00000044   Code   RO         4811    i.UARTEx_SetNbDataToProcess  stm32g4xx_hal_uart_ex.o
    0x08003ddc   0x08003ddc   0x000000c8   Code   RO         4420    i.UART_AdvFeatureConfig  stm32g4xx_hal_uart.o
    0x08003ea4   0x08003ea4   0x000000ac   Code   RO         4421    i.UART_CheckIdleState  stm32g4xx_hal_uart.o
    0x08003f50   0x08003f50   0x00000010   Code   RO         4422    i.UART_DMAAbortOnError  stm32g4xx_hal_uart.o
    0x08003f60   0x08003f60   0x00000050   Code   RO         4423    i.UART_DMAError     stm32g4xx_hal_uart.o
    0x08003fb0   0x08003fb0   0x00000086   Code   RO         4424    i.UART_DMAReceiveCplt  stm32g4xx_hal_uart.o
    0x08004036   0x08004036   0x00000020   Code   RO         4426    i.UART_DMARxHalfCplt  stm32g4xx_hal_uart.o
    0x08004056   0x08004056   0x00000042   Code   RO         4428    i.UART_DMATransmitCplt  stm32g4xx_hal_uart.o
    0x08004098   0x08004098   0x0000000a   Code   RO         4430    i.UART_DMATxHalfCplt  stm32g4xx_hal_uart.o
    0x080040a2   0x080040a2   0x00000002   PAD
    0x080040a4   0x080040a4   0x00000054   Code   RO         4432    i.UART_EndRxTransfer  stm32g4xx_hal_uart.o
    0x080040f8   0x080040f8   0x0000002e   Code   RO         4433    i.UART_EndTxTransfer  stm32g4xx_hal_uart.o
    0x08004126   0x08004126   0x00000002   PAD
    0x08004128   0x08004128   0x00000274   Code   RO         4438    i.UART_SetConfig    stm32g4xx_hal_uart.o
    0x0800439c   0x0800439c   0x000000a8   Code   RO         4439    i.UART_Start_Receive_DMA  stm32g4xx_hal_uart.o
    0x08004444   0x08004444   0x00000094   Code   RO         4445    i.UART_WaitOnFlagUntilTimeout  stm32g4xx_hal_uart.o
    0x080044d8   0x080044d8   0x00000014   Code   RO          940    i.USART3_IRQHandler  stm32g4xx_it.o
    0x080044ec   0x080044ec   0x00000002   Code   RO          941    i.UsageFault_Handler  stm32g4xx_it.o
    0x080044ee   0x080044ee   0x00000020   Code   RO         3105    i.__NVIC_SetPriority  stm32g4xx_hal_cortex.o
    0x0800450e   0x0800450e   0x00000002   PAD
    0x08004510   0x08004510   0x00000040   Code   RO          316    i.adc_renew         principal_adc.o
    0x08004550   0x08004550   0x00000120   Code   RO           13    i.commutate_motor   motor.o
    0x08004670   0x08004670   0x00000014   Code   RO          317    i.hall_detection_adc_setup  principal_adc.o
    0x08004684   0x08004684   0x0000005c   Code   RO          676    i.main              main.o
    0x080046e0   0x080046e0   0x00000128   Code   RO           14    i.motor_init        motor.o
    0x08004808   0x08004808   0x00000096   Code   RO           15    i.motor_new         motor.o
    0x0800489e   0x0800489e   0x00000020   Code   RO           16    i.motor_tim_setup   motor.o
    0x080048be   0x080048be   0x00000002   PAD
    0x080048c0   0x080048c0   0x0000000c   Code   RO          357    i.principal_EXTI3_IRQHandler  principal_it.o
    0x080048cc   0x080048cc   0x00000048   Code   RO          358    i.principal_EXTI4_IRQHandler  principal_it.o
    0x08004914   0x08004914   0x0000000c   Code   RO          359    i.principal_EXTI9_5_IRQHandler  principal_it.o
    0x08004920   0x08004920   0x0000001c   Code   RO          360    i.principal_TIM1_UP_TIM16_IRQHandler  principal_it.o
    0x0800493c   0x0800493c   0x00000048   Code   RO          421    i.principal_main    principal_main.o
    0x08004984   0x08004984   0x00000006   Code   RO          576    i.renew_motor_drive  vehicle.o
    0x0800498a   0x0800498a   0x00000002   PAD
    0x0800498c   0x0800498c   0x00000048   Code   RO          361    i.speed_calculate   principal_it.o
    0x080049d4   0x080049d4   0x0000001c   Code   RO          202    i.tr_re_buffer_new  packet.o
    0x080049f0   0x080049f0   0x00000038   Code   RO          203    i.tr_re_buffer_pop  packet.o
    0x08004a28   0x08004a28   0x00000038   Code   RO          204    i.tr_re_buffer_push  packet.o
    0x08004a60   0x08004a60   0x00000098   Code   RO          581    i.track_mode        vehicle.o
    0x08004af8   0x08004af8   0x0000003c   Code   RO          526    i.u32_to_u8         vec.o
    0x08004b34   0x08004b34   0x00000030   Code   RO          475    i.uart_RxCNDTR_reset  principal_uart.o
    0x08004b64   0x08004b64   0x00000040   Code   RO          205    i.uart_packet_new   packet.o
    0x08004ba4   0x08004ba4   0x00000016   Code   RO          206    i.uart_packet_new_error  packet.o
    0x08004bba   0x08004bba   0x00000048   Code   RO          207    i.uart_packet_pack  packet.o
    0x08004c02   0x08004c02   0x0000003a   Code   RO          208    i.uart_packet_unpack  packet.o
    0x08004c3c   0x08004c3c   0x0000005c   Code   RO          476    i.uart_setup        principal_uart.o
    0x08004c98   0x08004c98   0x00000082   Code   RO           17    i.update_motor_step  motor.o
    0x08004d1a   0x08004d1a   0x00000028   Code   RO          527    i.vec_u8_extend_inner  vec.o
    0x08004d42   0x08004d42   0x00000016   Code   RO          528    i.vec_u8_new        vec.o
    0x08004d58   0x08004d58   0x00000018   Code   RO          529    i.vec_u8_push       vec.o
    0x08004d70   0x08004d70   0x0000001a   Code   RO          582    i.vehicle_data_new  vehicle.o
    0x08004d8a   0x08004d8a   0x00000002   PAD
    0x08004d8c   0x08004d8c   0x00000020   Code   RO          583    i.vehicle_setup     vehicle.o
    0x08004dac   0x08004dac   0x00000150   Code   RO         5002    x$fpl$dadd          fz_wm.l(daddsub_clz.o)
    0x08004efc   0x08004efc   0x00000018   Code   RO         5059    x$fpl$dcmpinf       fz_wm.l(dcmpi.o)
    0x08004f14   0x08004f14   0x0000005e   Code   RO         5008    x$fpl$dfix          fz_wm.l(dfix.o)
    0x08004f72   0x08004f72   0x00000002   PAD
    0x08004f74   0x08004f74   0x0000005a   Code   RO         5012    x$fpl$dfixu         fz_wm.l(dfixu.o)
    0x08004fce   0x08004fce   0x00000026   Code   RO         5016    x$fpl$dfltu         fz_wm.l(dflt_clz.o)
    0x08004ff4   0x08004ff4   0x00000078   Code   RO         5033    x$fpl$dleqf         fz_wm.l(dleqf.o)
    0x0800506c   0x0800506c   0x00000154   Code   RO         5022    x$fpl$dmul          fz_wm.l(dmul.o)
    0x080051c0   0x080051c0   0x0000009c   Code   RO         5035    x$fpl$dnaninf       fz_wm.l(dnaninf.o)
    0x0800525c   0x0800525c   0x0000000c   Code   RO         5037    x$fpl$dretinf       fz_wm.l(dretinf.o)
    0x08005268   0x08005268   0x0000006c   Code   RO         5024    x$fpl$drleqf        fz_wm.l(drleqf.o)
    0x080052d4   0x080052d4   0x000001d4   Code   RO         5004    x$fpl$dsub          fz_wm.l(daddsub_clz.o)
    0x080054a8   0x080054a8   0x00000056   Code   RO         5026    x$fpl$f2d           fz_wm.l(f2d.o)
    0x080054fe   0x080054fe   0x0000008c   Code   RO         5039    x$fpl$fnaninf       fz_wm.l(fnaninf.o)
    0x0800558a   0x0800558a   0x0000000a   Code   RO         5146    x$fpl$fpinit        fz_wm.l(fpinit.o)
    0x08005594   0x08005594   0x00000000   Code   RO         5041    x$fpl$usenofp       fz_wm.l(usenofp.o)
    0x08005594   0x08005594   0x000000c8   Data   RO           19    .constdata          motor.o
    0x0800565c   0x0800565c   0x00000004   Data   RO          585    .constdata          vehicle.o
    0x08005660   0x08005660   0x0000000c   Data   RO         1152    .constdata          stm32g4xx_nucleo.o
    0x0800566c   0x0800566c   0x00000018   Data   RO         4446    .constdata          stm32g4xx_hal_uart.o
    0x08005684   0x08005684   0x00000010   Data   RO         4812    .constdata          stm32g4xx_hal_uart_ex.o
    0x08005694   0x08005694   0x00000010   Data   RO         4953    .constdata          system_stm32g4xx.o
    0x080056a4   0x080056a4   0x00000008   Data   RO         4954    .constdata          system_stm32g4xx.o
    0x080056ac   0x080056ac   0x00000020   Data   RO         5204    Region$$Table       anon$$obj.o


    Execution Region RW_IRAM1 (Exec base: 0x20000000, Load base: 0x080056cc, Size: 0x00000df0, Max: 0x00008000, ABSOLUTE)

    Exec Addr    Load Addr    Size         Type   Attr      Idx    E Section Name        Object

    0x20000000   0x080056cc   0x00000001   Data   RW           20    .data               motor.o
    0x20000001   0x080056cd   0x00000007   PAD
    0x20000008   0x080056d4   0x00000008   Data   RW          269    .data               pi_control.o
    0x20000010   0x080056dc   0x00000010   Data   RW          362    .data               principal_it.o
    0x20000020   0x080056ec   0x00000004   Data   RW          423    .data               principal_main.o
    0x20000024   0x080056f0   0x00000001   Data   RW          478    .data               principal_uart.o
    0x20000025   0x080056f1   0x00000003   PAD
    0x20000028   0x080056f4   0x00000064   Data   RW          587    .data               vehicle.o
    0x2000008c   0x08005758   0x00000001   Data   RW         1099    .data               const_and_error.o
    0x2000008d   0x08005759   0x00000001   Data   RW         1100    .data               const_and_error.o
    0x2000008e   0x0800575a   0x00000002   PAD
    0x20000090   0x0800575c   0x00000020   Data   RW         1153    .data               stm32g4xx_nucleo.o
    0x200000b0   0x0800577c   0x0000000c   Data   RW         1765    .data               stm32g4xx_hal.o
    0x200000bc   0x08005788   0x00000004   Data   RW         4955    .data               system_stm32g4xx.o
    0x200000c0        -       0x000000c0   Zero   RW           18    .bss                motor.o
    0x20000180        -       0x00000014   Zero   RW          318    .bss                principal_adc.o
    0x20000194        -       0x00000248   Zero   RW          477    .bss                principal_uart.o
    0x200003dc        -       0x0000000c   Zero   RW          584    .bss                vehicle.o
    0x200003e8        -       0x00000010   Zero   RW          677    .bss                main.o
    0x200003f8        -       0x000000cc   Zero   RW          743    .bss                adc.o
    0x200004c4        -       0x000000e4   Zero   RW          814    .bss                tim.o
    0x200005a8        -       0x00000154   Zero   RW          881    .bss                usart.o
    0x200006fc        -       0x00000094   Zero   RW         1151    .bss                stm32g4xx_nucleo.o
    0x20000790        -       0x00000060   Zero   RW         5076    .bss                c_w.l(libspace.o)
    0x200007f0        -       0x00000200   Zero   RW            2    HEAP                startup_stm32g431xx.o
    0x200009f0        -       0x00000400   Zero   RW            1    STACK               startup_stm32g431xx.o


==============================================================================

Image component sizes


      Code (inc. data)   RO Data    RW Data    ZI Data      Debug   Object Name

       352         30          0          0        204       2051   adc.o
         0          0          0          2          0       1023   const_and_error.o
        92          4          0          0          0        882   dma.o
       268         12          0          0          0       1087   gpio.o
       200          4          0          0         16       2417   main.o
       896         44        200          1        192     692223   motor.o
       356          0          0          0          0       6776   packet.o
       236         36          0          8          0       3132   pi_control.o
        84         22          0          0         20       1976   principal_adc.o
       268         52          0         16          0       4432   principal_it.o
        72         14          0          4          0        828   principal_main.o
       398         42          0          1        584       4272   principal_uart.o
        64         26        472          0       1536        872   startup_stm32g431xx.o
       126         20          0         12          0       3857   stm32g4xx_hal.o
      2208        132          0          0          0      80481   stm32g4xx_hal_adc.o
       224          8          0          0          0      68183   stm32g4xx_hal_adc_ex.o
       198         14          0          0          0      34039   stm32g4xx_hal_cortex.o
       906         30          0          0          0       6822   stm32g4xx_hal_dma.o
        72          6          0          0          0       2763   stm32g4xx_hal_exti.o
       646         40          0          0          0       5020   stm32g4xx_hal_gpio.o
        48          6          0          0          0        922   stm32g4xx_hal_msp.o
       204         18          0          0          0       1461   stm32g4xx_hal_pwr_ex.o
      1688         92          0          0          0       6436   stm32g4xx_hal_rcc.o
       648         10          0          0          0       1940   stm32g4xx_hal_rcc_ex.o
      2424        236          0          0          0      17033   stm32g4xx_hal_tim.o
       326         32          0          0          0       6592   stm32g4xx_hal_tim_ex.o
      2838        110         24          0          0      36308   stm32g4xx_hal_uart.o
       362          6         16          0          0       6525   stm32g4xx_hal_uart_ex.o
       230         38          0          0          0      11278   stm32g4xx_it.o
       480         44         12         32        148       9681   stm32g4xx_nucleo.o
        16          4         24          4          0       1211   system_stm32g4xx.o
       820         56          0          0        228       4818   tim.o
       356         30          0          0        340       2096   usart.o
       146          0          0          0          0       3223   vec.o
       216         30          4        100         12       4522   vehicle.o

    ----------------------------------------------------------------------
     18510       1248        784        192       3280    1037182   Object Totals
         0          0         32          0          0          0   (incl. Generated)
        42          0          0         12          0          0   (incl. Padding)

    ----------------------------------------------------------------------

      Code (inc. data)   RO Data    RW Data    ZI Data      Debug   Library Member Name

         8          0          0          0          0         68   __main.o
         0          0          0          0          0          0   __rtentry.o
        12          0          0          0          0          0   __rtentry2.o
         6          0          0          0          0          0   __rtentry4.o
        52          8          0          0          0          0   __scatter.o
        26          0          0          0          0          0   __scatter_copy.o
        28          0          0          0          0          0   __scatter_zi.o
        18          0          0          0          0         80   exit.o
         6          0          0          0          0        152   heapauxi.o
         0          0          0          0          0          0   indicate_semi.o
         2          0          0          0          0          0   libinit.o
         6          0          0          0          0          0   libinit2.o
         2          0          0          0          0          0   libshutdown.o
         2          0          0          0          0          0   libshutdown2.o
         8          4          0          0         96         68   libspace.o
       238          0          0          0          0        100   lludivv7m.o
        68          0          0          0          0         68   rt_memclr.o
        78          0          0          0          0         80   rt_memclr_w.o
       138          0          0          0          0         68   rt_memcpy_v6.o
       100          0          0          0          0         80   rt_memcpy_w.o
         2          0          0          0          0          0   rtexit.o
        10          0          0          0          0          0   rtexit2.o
        12          4          0          0          0         68   sys_exit.o
        74          0          0          0          0         80   sys_stackheap_outer.o
         2          0          0          0          0         68   use_no_semi.o
       804         16          0          0          0        368   daddsub_clz.o
        24          0          0          0          0        116   dcmpi.o
        94          4          0          0          0        140   dfix.o
        90          4          0          0          0        140   dfixu.o
        38          0          0          0          0        116   dflt_clz.o
       120          4          0          0          0        140   dleqf.o
       340         12          0          0          0        152   dmul.o
       156          4          0          0          0        140   dnaninf.o
        12          0          0          0          0        116   dretinf.o
       108          0          0          0          0        128   drleqf.o
        86          4          0          0          0        132   f2d.o
       140          4          0          0          0        132   fnaninf.o
        10          0          0          0          0        116   fpinit.o
         0          0          0          0          0          0   usenofp.o

    ----------------------------------------------------------------------
      2926         68          0          0         96       2916   Library Totals
         6          0          0          0          0          0   (incl. Padding)

    ----------------------------------------------------------------------

      Code (inc. data)   RO Data    RW Data    ZI Data      Debug   Library Name

       898         16          0          0         96        980   c_w.l
      2022         52          0          0          0       1936   fz_wm.l

    ----------------------------------------------------------------------
      2926         68          0          0         96       2916   Library Totals

    ----------------------------------------------------------------------

==============================================================================


      Code (inc. data)   RO Data    RW Data    ZI Data      Debug   

     21436       1316        784        192       3376    1019882   Grand Totals
     21436       1316        784        192       3376    1019882   ELF Image Totals
     21436       1316        784        192          0          0   ROM Totals

==============================================================================

    Total RO  Size (Code + RO Data)                22220 (  21.70kB)
    Total RW  Size (RW Data + ZI Data)              3568 (   3.48kB)
    Total ROM Size (Code + RO Data + RW Data)      22412 (  21.89kB)

==============================================================================

