../Core/Src/motor/main.c:50:20:motor_tim_setup	24	static
../Core/Src/motor/main.c:64:6:motor_setup	8	static
../Core/Src/motor/main.c:77:20:motor_commutate	24	static
../Core/Src/motor/main.c:105:6:motor_step_update	32	static
../Core/Src/motor/main.c:147:6:motor_speed_calculate	16	static
../Core/Src/motor/main.c:156:6:motor_set_duty	16	static
../Core/Src/motor/main.c:177:6:motor_set_speed_setpoint	16	static
../Core/Src/motor/main.c:191:13:motor_set_direction	16	static
../Core/Src/motor/main.c:196:13:motor_set_integral_record	16	static
../Core/Src/motor/main.c:201:13:motor_set_adc_val	16	static
../Core/Src/motor/main.c:206:13:motor_add_step_count	16	static
../Core/Src/motor/main.c:211:6:StartMotorTask	24	static
