Archive member included to satisfy reference by file (symbol)

C:/ST/STM32CubeIDE_1.18.1/STM32CubeIDE/plugins/com.st.stm32cube.ide.mcu.externaltools.gnu-tools-for-stm32.13.3.rel1.win32_1.0.0.202411081344/tools/bin/../lib/gcc/arm-none-eabi/13.3.1/../../../../arm-none-eabi/lib/thumb/v7e-m+fp/hard\libc_nano.a(libc_a-exit.o)
                              C:/ST/STM32CubeIDE_1.18.1/STM32CubeIDE/plugins/com.st.stm32cube.ide.mcu.externaltools.gnu-tools-for-stm32.13.3.rel1.win32_1.0.0.202411081344/tools/bin/../lib/gcc/arm-none-eabi/13.3.1/../../../../arm-none-eabi/lib/thumb/v7e-m+fp/hard/crt0.o (exit)
C:/ST/STM32CubeIDE_1.18.1/STM32CubeIDE/plugins/com.st.stm32cube.ide.mcu.externaltools.gnu-tools-for-stm32.13.3.rel1.win32_1.0.0.202411081344/tools/bin/../lib/gcc/arm-none-eabi/13.3.1/../../../../arm-none-eabi/lib/thumb/v7e-m+fp/hard\libc_nano.a(libc_a-findfp.o)
                              C:/ST/STM32CubeIDE_1.18.1/STM32CubeIDE/plugins/com.st.stm32cube.ide.mcu.externaltools.gnu-tools-for-stm32.13.3.rel1.win32_1.0.0.202411081344/tools/bin/../lib/gcc/arm-none-eabi/13.3.1/../../../../arm-none-eabi/lib/thumb/v7e-m+fp/hard\libc_nano.a(libc_a-exit.o) (__stdio_exit_handler)
C:/ST/STM32CubeIDE_1.18.1/STM32CubeIDE/plugins/com.st.stm32cube.ide.mcu.externaltools.gnu-tools-for-stm32.13.3.rel1.win32_1.0.0.202411081344/tools/bin/../lib/gcc/arm-none-eabi/13.3.1/../../../../arm-none-eabi/lib/thumb/v7e-m+fp/hard\libc_nano.a(libc_a-fwalk.o)
                              C:/ST/STM32CubeIDE_1.18.1/STM32CubeIDE/plugins/com.st.stm32cube.ide.mcu.externaltools.gnu-tools-for-stm32.13.3.rel1.win32_1.0.0.202411081344/tools/bin/../lib/gcc/arm-none-eabi/13.3.1/../../../../arm-none-eabi/lib/thumb/v7e-m+fp/hard\libc_nano.a(libc_a-findfp.o) (_fwalk_sglue)
C:/ST/STM32CubeIDE_1.18.1/STM32CubeIDE/plugins/com.st.stm32cube.ide.mcu.externaltools.gnu-tools-for-stm32.13.3.rel1.win32_1.0.0.202411081344/tools/bin/../lib/gcc/arm-none-eabi/13.3.1/../../../../arm-none-eabi/lib/thumb/v7e-m+fp/hard\libc_nano.a(libc_a-stdio.o)
                              C:/ST/STM32CubeIDE_1.18.1/STM32CubeIDE/plugins/com.st.stm32cube.ide.mcu.externaltools.gnu-tools-for-stm32.13.3.rel1.win32_1.0.0.202411081344/tools/bin/../lib/gcc/arm-none-eabi/13.3.1/../../../../arm-none-eabi/lib/thumb/v7e-m+fp/hard\libc_nano.a(libc_a-findfp.o) (__sread)
C:/ST/STM32CubeIDE_1.18.1/STM32CubeIDE/plugins/com.st.stm32cube.ide.mcu.externaltools.gnu-tools-for-stm32.13.3.rel1.win32_1.0.0.202411081344/tools/bin/../lib/gcc/arm-none-eabi/13.3.1/../../../../arm-none-eabi/lib/thumb/v7e-m+fp/hard\libc_nano.a(libc_a-memcmp.o)
                              ./Core/Src/main/vec.o (memcmp)
C:/ST/STM32CubeIDE_1.18.1/STM32CubeIDE/plugins/com.st.stm32cube.ide.mcu.externaltools.gnu-tools-for-stm32.13.3.rel1.win32_1.0.0.202411081344/tools/bin/../lib/gcc/arm-none-eabi/13.3.1/../../../../arm-none-eabi/lib/thumb/v7e-m+fp/hard\libc_nano.a(libc_a-memmove.o)
                              ./Core/Src/main/vec.o (memmove)
C:/ST/STM32CubeIDE_1.18.1/STM32CubeIDE/plugins/com.st.stm32cube.ide.mcu.externaltools.gnu-tools-for-stm32.13.3.rel1.win32_1.0.0.202411081344/tools/bin/../lib/gcc/arm-none-eabi/13.3.1/../../../../arm-none-eabi/lib/thumb/v7e-m+fp/hard\libc_nano.a(libc_a-memset.o)
                              C:/ST/STM32CubeIDE_1.18.1/STM32CubeIDE/plugins/com.st.stm32cube.ide.mcu.externaltools.gnu-tools-for-stm32.13.3.rel1.win32_1.0.0.202411081344/tools/bin/../lib/gcc/arm-none-eabi/13.3.1/../../../../arm-none-eabi/lib/thumb/v7e-m+fp/hard/crt0.o (memset)
C:/ST/STM32CubeIDE_1.18.1/STM32CubeIDE/plugins/com.st.stm32cube.ide.mcu.externaltools.gnu-tools-for-stm32.13.3.rel1.win32_1.0.0.202411081344/tools/bin/../lib/gcc/arm-none-eabi/13.3.1/../../../../arm-none-eabi/lib/thumb/v7e-m+fp/hard\libc_nano.a(libc_a-closer.o)
                              C:/ST/STM32CubeIDE_1.18.1/STM32CubeIDE/plugins/com.st.stm32cube.ide.mcu.externaltools.gnu-tools-for-stm32.13.3.rel1.win32_1.0.0.202411081344/tools/bin/../lib/gcc/arm-none-eabi/13.3.1/../../../../arm-none-eabi/lib/thumb/v7e-m+fp/hard\libc_nano.a(libc_a-stdio.o) (_close_r)
C:/ST/STM32CubeIDE_1.18.1/STM32CubeIDE/plugins/com.st.stm32cube.ide.mcu.externaltools.gnu-tools-for-stm32.13.3.rel1.win32_1.0.0.202411081344/tools/bin/../lib/gcc/arm-none-eabi/13.3.1/../../../../arm-none-eabi/lib/thumb/v7e-m+fp/hard\libc_nano.a(libc_a-reent.o)
                              C:/ST/STM32CubeIDE_1.18.1/STM32CubeIDE/plugins/com.st.stm32cube.ide.mcu.externaltools.gnu-tools-for-stm32.13.3.rel1.win32_1.0.0.202411081344/tools/bin/../lib/gcc/arm-none-eabi/13.3.1/../../../../arm-none-eabi/lib/thumb/v7e-m+fp/hard\libc_nano.a(libc_a-closer.o) (errno)
C:/ST/STM32CubeIDE_1.18.1/STM32CubeIDE/plugins/com.st.stm32cube.ide.mcu.externaltools.gnu-tools-for-stm32.13.3.rel1.win32_1.0.0.202411081344/tools/bin/../lib/gcc/arm-none-eabi/13.3.1/../../../../arm-none-eabi/lib/thumb/v7e-m+fp/hard\libc_nano.a(libc_a-impure.o)
[...]
Memory Configuration

Name             Origin             Length             Attributes
RAM              0x20000000         0x00008000         xrw
FLASH            0x08000000         0x00020000         xr
*default*        0x00000000         0xffffffff

Linker script and memory map

LOAD C:/ST/STM32CubeIDE_1.18.1/STM32CubeIDE/plugins/com.st.stm32cube.ide.mcu.externaltools.gnu-tools-for-stm32.13.3.rel1.win32_1.0.0.202411081344/tools/bin/../lib/gcc/arm-none-eabi/13.3.1/thumb/v7e-m+fp/hard/crti.o
LOAD C:/ST/STM32CubeIDE_1.18.1/STM32CubeIDE/plugins/com.st.stm32cube.ide.mcu.externaltools.gnu-tools-for-stm32.13.3.rel1.win32_1.0.0.202411081344/tools/bin/../lib/gcc/arm-none-eabi/13.3.1/thumb/v7e-m+fp/hard/crtbegin.o
LOAD C:/ST/STM32CubeIDE_1.18.1/STM32CubeIDE/plugins/com.st.stm32cube.ide.mcu.externaltools.gnu-tools-for-stm32.13.3.rel1.win32_1.0.0.202411081344/tools/bin/../lib/gcc/arm-none-eabi/13.3.1/../../../../arm-none-eabi/lib/thumb/v7e-m+fp/hard/crt0.o
LOAD ./Core/Src/adc.o
LOAD ./Core/Src/app_freertos.o
LOAD ./Core/Src/dma.o
LOAD ./Core/Src/fdcan.o
LOAD ./Core/Src/gpio.o
LOAD ./Core/Src/main.o
LOAD ./Core/Src/stm32g4xx_hal_msp.o
LOAD ./Core/Src/stm32g4xx_hal_timebase_tim.o
LOAD ./Core/Src/stm32g4xx_it.o
LOAD ./Core/Src/syscalls.o
LOAD ./Core/Src/sysmem.o
LOAD ./Core/Src/system_stm32g4xx.o
LOAD ./Core/Src/tim.o
LOAD ./Core/Src/usart.o
LOAD ./Core/Src/fdcan/main.o
LOAD ./Core/Src/fdcan/trcv_buffer.o
LOAD ./Core/Src/freeRTOS/main.o
LOAD ./Core/Src/main/adc.o
LOAD ./Core/Src/main/config.o
LOAD ./Core/Src/main/fn_state.o
LOAD ./Core/Src/main/it.o
LOAD ./Core/Src/main/main.o
LOAD ./Core/Src/main/map.o
LOAD ./Core/Src/main/vec.o
LOAD ./Core/Src/main/vehicle.o
LOAD ./Core/Src/main/vehicle2.o
LOAD ./Core/Src/motor/PI_control.o
LOAD ./Core/Src/motor/main.o
LOAD ./Core/Src/uart/main.o
LOAD ./Core/Src/uart/packet.o
LOAD ./Core/Src/uart/trcv_buffer.o
LOAD ./Core/Startup/startup_stm32g431rbtx.o
LOAD ./Drivers/BSP/STM32G4xx_Nucleo/stm32g4xx_nucleo.o
LOAD ./Drivers/STM32G4xx_HAL_Driver/Src/stm32g4xx_hal.o
LOAD ./Drivers/STM32G4xx_HAL_Driver/Src/stm32g4xx_hal_adc.o
LOAD ./Drivers/STM32G4xx_HAL_Driver/Src/stm32g4xx_hal_adc_ex.o
LOAD ./Drivers/STM32G4xx_HAL_Driver/Src/stm32g4xx_hal_cortex.o
LOAD ./Drivers/STM32G4xx_HAL_Driver/Src/stm32g4xx_hal_dma.o
LOAD ./Drivers/STM32G4xx_HAL_Driver/Src/stm32g4xx_hal_dma_ex.o
LOAD ./Drivers/STM32G4xx_HAL_Driver/Src/stm32g4xx_hal_exti.o
LOAD ./Drivers/STM32G4xx_HAL_Driver/Src/stm32g4xx_hal_fdcan.o
LOAD ./Drivers/STM32G4xx_HAL_Driver/Src/stm32g4xx_hal_flash.o
LOAD ./Drivers/STM32G4xx_HAL_Driver/Src/stm32g4xx_hal_flash_ex.o
LOAD ./Drivers/STM32G4xx_HAL_Driver/Src/stm32g4xx_hal_flash_ramfunc.o
LOAD ./Drivers/STM32G4xx_HAL_Driver/Src/stm32g4xx_hal_gpio.o
LOAD ./Drivers/STM32G4xx_HAL_Driver/Src/stm32g4xx_hal_pwr.o
LOAD ./Drivers/STM32G4xx_HAL_Driver/Src/stm32g4xx_hal_pwr_ex.o
LOAD ./Drivers/STM32G4xx_HAL_Driver/Src/stm32g4xx_hal_rcc.o
LOAD ./Drivers/STM32G4xx_HAL_Driver/Src/stm32g4xx_hal_rcc_ex.o
LOAD ./Drivers/STM32G4xx_HAL_Driver/Src/stm32g4xx_hal_tim.o
LOAD ./Drivers/STM32G4xx_HAL_Driver/Src/stm32g4xx_hal_tim_ex.o
LOAD ./Drivers/STM32G4xx_HAL_Driver/Src/stm32g4xx_hal_uart.o
LOAD ./Drivers/STM32G4xx_HAL_Driver/Src/stm32g4xx_hal_uart_ex.o
LOAD ./Drivers/STM32G4xx_HAL_Driver/Src/stm32g4xx_hal_usart.o
LOAD ./Drivers/STM32G4xx_HAL_Driver/Src/stm32g4xx_hal_usart_ex.o
LOAD ./Drivers/STM32G4xx_HAL_Driver/Src/stm32g4xx_ll_adc.o
LOAD ./Middlewares/Third_Party/FreeRTOS/Source/CMSIS_RTOS_V2/cmsis_os2.o
LOAD ./Middlewares/Third_Party/FreeRTOS/Source/croutine.o
LOAD ./Middlewares/Third_Party/FreeRTOS/Source/event_groups.o
LOAD ./Middlewares/Third_Party/FreeRTOS/Source/list.o
LOAD ./Middlewares/Third_Party/FreeRTOS/Source/queue.o
LOAD ./Middlewares/Third_Party/FreeRTOS/Source/stream_buffer.o
LOAD ./Middlewares/Third_Party/FreeRTOS/Source/tasks.o
LOAD ./Middlewares/Third_Party/FreeRTOS/Source/timers.o
LOAD ./Middlewares/Third_Party/FreeRTOS/Source/portable/GCC/ARM_CM4F/port.o
LOAD ./Middlewares/Third_Party/FreeRTOS/Source/portable/MemMang/heap_4.o
START GROUP
LOAD C:/ST/STM32CubeIDE_1.18.1/STM32CubeIDE/plugins/com.st.stm32cube.ide.mcu.externaltools.gnu-tools-for-stm32.13.3.rel1.win32_1.0.0.202411081344/tools/bin/../lib/gcc/arm-none-eabi/13.3.1/../../../../arm-none-eabi/lib/thumb/v7e-m+fp/hard\libc_nano.a
LOAD C:/ST/STM32CubeIDE_1.18.1/STM32CubeIDE/plugins/com.st.stm32cube.ide.mcu.externaltools.gnu-tools-for-stm32.13.3.rel1.win32_1.0.0.202411081344/tools/bin/../lib/gcc/arm-none-eabi/13.3.1/../../../../arm-none-eabi/lib/thumb/v7e-m+fp/hard\libm.a
END GROUP
START GROUP
LOAD C:/ST/STM32CubeIDE_1.18.1/STM32CubeIDE/plugins/com.st.stm32cube.ide.mcu.externaltools.gnu-tools-for-stm32.13.3.rel1.win32_1.0.0.202411081344/tools/bin/../lib/gcc/arm-none-eabi/13.3.1/thumb/v7e-m+fp/hard\libgcc.a
LOAD C:/ST/STM32CubeIDE_1.18.1/STM32CubeIDE/plugins/com.st.stm32cube.ide.mcu.externaltools.gnu-tools-for-stm32.13.3.rel1.win32_1.0.0.202411081344/tools/bin/../lib/gcc/arm-none-eabi/13.3.1/../../../../arm-none-eabi/lib/thumb/v7e-m+fp/hard\libc_nano.a
END GROUP
START GROUP
LOAD C:/ST/STM32CubeIDE_1.18.1/STM32CubeIDE/plugins/com.st.stm32cube.ide.mcu.externaltools.gnu-tools-for-stm32.13.3.rel1.win32_1.0.0.202411081344/tools/bin/../lib/gcc/arm-none-eabi/13.3.1/thumb/v7e-m+fp/hard\libgcc.a
LOAD C:/ST/STM32CubeIDE_1.18.1/STM32CubeIDE/plugins/com.st.stm32cube.ide.mcu.externaltools.gnu-tools-for-stm32.13.3.rel1.win32_1.0.0.202411081344/tools/bin/../lib/gcc/arm-none-eabi/13.3.1/../../../../arm-none-eabi/lib/thumb/v7e-m+fp/hard\libc_nano.a
LOAD C:/ST/STM32CubeIDE_1.18.1/STM32CubeIDE/plugins/com.st.stm32cube.ide.mcu.externaltools.gnu-tools-for-stm32.13.3.rel1.win32_1.0.0.202411081344/tools/bin/../lib/gcc/arm-none-eabi/13.3.1/../../../../arm-none-eabi/lib/thumb/v7e-m+fp/hard\libnosys.a
END GROUP
START GROUP
LOAD C:/ST/STM32CubeIDE_1.18.1/STM32CubeIDE/plugins/com.st.stm32cube.ide.mcu.externaltools.gnu-tools-for-stm32.13.3.rel1.win32_1.0.0.202411081344/tools/bin/../lib/gcc/arm-none-eabi/13.3.1/thumb/v7e-m+fp/hard\libgcc.a
LOAD C:/ST/STM32CubeIDE_1.18.1/STM32CubeIDE/plugins/com.st.stm32cube.ide.mcu.externaltools.gnu-tools-for-stm32.13.3.rel1.win32_1.0.0.202411081344/tools/bin/../lib/gcc/arm-none-eabi/13.3.1/../../../../arm-none-eabi/lib/thumb/v7e-m+fp/hard\libc_nano.a
LOAD C:/ST/STM32CubeIDE_1.18.1/STM32CubeIDE/plugins/com.st.stm32cube.ide.mcu.externaltools.gnu-tools-for-stm32.13.3.rel1.win32_1.0.0.202411081344/tools/bin/../lib/gcc/arm-none-eabi/13.3.1/../../../../arm-none-eabi/lib/thumb/v7e-m+fp/hard\libnosys.a
END GROUP
LOAD C:/ST/STM32CubeIDE_1.18.1/STM32CubeIDE/plugins/com.st.stm32cube.ide.mcu.externaltools.gnu-tools-for-stm32.13.3.rel1.win32_1.0.0.202411081344/tools/bin/../lib/gcc/arm-none-eabi/13.3.1/thumb/v7e-m+fp/hard/crtend.o
LOAD C:/ST/STM32CubeIDE_1.18.1/STM32CubeIDE/plugins/com.st.stm32cube.ide.mcu.externaltools.gnu-tools-for-stm32.13.3.rel1.win32_1.0.0.202411081344/tools/bin/../lib/gcc/arm-none-eabi/13.3.1/thumb/v7e-m+fp/hard/crtn.o
                0x20008000                        _estack = (ORIGIN (RAM) + LENGTH (RAM))
                0x00000200                        _Min_Heap_Size = 0x200
                0x00000400                        _Min_Stack_Size = 0x400

.isr_vector     0x08000000      0x1d8
                0x08000000                        . = ALIGN (0x4)
 *(.isr_vector)
 .isr_vector    0x08000000      0x1d8 ./Core/Startup/startup_stm32g431rbtx.o
                0x08000000                g_pfnVectors
                0x080001d8                        . = ALIGN (0x4)

.text           0x080001e0     0xd268
                0x080001e0                        . = ALIGN (0x4)
 *(.text)
 .text          0x080001e0       0x40 C:/ST/STM32CubeIDE_1.18.1/STM32CubeIDE/plugins/com.st.stm32cube.ide.mcu.externaltools.gnu-tools-for-stm32.13.3.rel1.win32_1.0.0.202411081344/tools/bin/../lib/gcc/arm-none-eabi/13.3.1/thumb/v7e-m+fp/hard/crtbegin.o
 .text          0x08000220       0x30 C:/ST/STM32CubeIDE_1.18.1/STM32CubeIDE/plugins/com.st.stm32cube.ide.mcu.externaltools.gnu-tools-for-stm32.13.3.rel1.win32_1.0.0.202411081344/tools/bin/../lib/gcc/arm-none-eabi/13.3.1/thumb/v7e-m+fp/hard\libgcc.a(_aeabi_uldivmod.o)
                0x08000220                __aeabi_uldivmod
 .text          0x08000250      0x2f8 C:/ST/STM32CubeIDE_1.18.1/STM32CubeIDE/plugins/com.st.stm32cube.ide.mcu.externaltools.gnu-tools-for-stm32.13.3.rel1.win32_1.0.0.202411081344/tools/bin/../lib/gcc/arm-none-eabi/13.3.1/thumb/v7e-m+fp/hard\libgcc.a(_udivmoddi4.o)
                0x08000250                __udivmoddi4
 .text          0x08000548        0x4 C:/ST/STM32CubeIDE_1.18.1/STM32CubeIDE/plugins/com.st.stm32cube.ide.mcu.externaltools.gnu-tools-for-stm32.13.3.rel1.win32_1.0.0.202411081344/tools/bin/../lib/gcc/arm-none-eabi/13.3.1/thumb/v7e-m+fp/hard\libgcc.a(_dvmd_tls.o)
                0x08000548                __aeabi_idiv0
                0x08000548                __aeabi_ldiv0
 *(.text*)
 .text.MX_ADC1_Init
                0x0800054c      0x110 ./Core/Src/adc.o
                0x0800054c                MX_ADC1_Init
 .text.HAL_ADC_MspInit
                0x0800065c      0x10c ./Core/Src/adc.o
                0x0800065c                HAL_ADC_MspInit
 .text.MX_FREERTOS_Init
                0x08000768       0x5c ./Core/Src/app_freertos.o
                0x08000768                MX_FREERTOS_Init
 .text.MX_DMA_Init
                0x080007c4       0x8c ./Core/Src/dma.o
                0x080007c4                MX_DMA_Init
 .text.MX_FDCAN1_Init
                0x08000850       0x90 ./Core/Src/fdcan.o
                0x08000850                MX_FDCAN1_Init
 .text.HAL_FDCAN_MspInit
                0x080008e0       0xd4 ./Core/Src/fdcan.o
                0x080008e0                HAL_FDCAN_MspInit
 .text.MX_GPIO_Init
                0x080009b4      0x164 ./Core/Src/gpio.o
                0x080009b4                MX_GPIO_Init
 .text.main     0x08000b18       0x80 ./Core/Src/main.o
                0x08000b18                main
 .text.SystemClock_Config
                0x08000b98       0x96 ./Core/Src/main.o
                0x08000b98                SystemClock_Config
 *fill*         0x08000c2e        0x2 
 .text.HAL_TIM_PeriodElapsedCallback
                0x08000c30       0x24 ./Core/Src/main.o
                0x08000c30                HAL_TIM_PeriodElapsedCallback
 .text.Error_Handler
                0x08000c54        0xc ./Core/Src/main.o
                0x08000c54                Error_Handler
 .text.HAL_MspInit
                0x08000c60       0x54 ./Core/Src/stm32g4xx_hal_msp.o
                0x08000c60                HAL_MspInit
 .text.HAL_InitTick
                0x08000cb4       0xd8 ./Core/Src/stm32g4xx_hal_timebase_tim.o
                0x08000cb4                HAL_InitTick
 .text.NMI_Handler
                0x08000d8c        0x8 ./Core/Src/stm32g4xx_it.o
                0x08000d8c                NMI_Handler
 .text.HardFault_Handler
                0x08000d94        0x8 ./Core/Src/stm32g4xx_it.o
                0x08000d94                HardFault_Handler
 .text.MemManage_Handler
                0x08000d9c        0x8 ./Core/Src/stm32g4xx_it.o
                0x08000d9c                MemManage_Handler
 .text.BusFault_Handler
                0x08000da4        0x8 ./Core/Src/stm32g4xx_it.o
                0x08000da4                BusFault_Handler
 .text.UsageFault_Handler
                0x08000dac        0x8 ./Core/Src/stm32g4xx_it.o
                0x08000dac                UsageFault_Handler
 .text.DebugMon_Handler
                0x08000db4        0xe ./Core/Src/stm32g4xx_it.o
                0x08000db4                DebugMon_Handler
 .text.EXTI1_IRQHandler
                0x08000dc2        0xe ./Core/Src/stm32g4xx_it.o
                0x08000dc2                EXTI1_IRQHandler
 .text.EXTI2_IRQHandler
                0x08000dd0        0xe ./Core/Src/stm32g4xx_it.o
                0x08000dd0                EXTI2_IRQHandler
 .text.EXTI3_IRQHandler
                0x08000dde       0x12 ./Core/Src/stm32g4xx_it.o
                0x08000dde                EXTI3_IRQHandler
 .text.EXTI4_IRQHandler
                0x08000df0       0x12 ./Core/Src/stm32g4xx_it.o
                0x08000df0                EXTI4_IRQHandler
 *fill*         0x08000e02        0x2 
 .text.DMA1_Channel1_IRQHandler
                0x08000e04       0x14 ./Core/Src/stm32g4xx_it.o
                0x08000e04                DMA1_Channel1_IRQHandler
 .text.FDCAN1_IT0_IRQHandler
                0x08000e18       0x14 ./Core/Src/stm32g4xx_it.o
                0x08000e18                FDCAN1_IT0_IRQHandler
 .text.FDCAN1_IT1_IRQHandler
                0x08000e2c       0x14 ./Core/Src/stm32g4xx_it.o
                0x08000e2c                FDCAN1_IT1_IRQHandler
 .text.EXTI9_5_IRQHandler
                0x08000e40       0x20 ./Core/Src/stm32g4xx_it.o
                0x08000e40                EXTI9_5_IRQHandler
 .text.TIM1_UP_TIM16_IRQHandler
                0x08000e60       0x18 ./Core/Src/stm32g4xx_it.o
                0x08000e60                TIM1_UP_TIM16_IRQHandler
 .text.TIM2_IRQHandler
                0x08000e78       0x14 ./Core/Src/stm32g4xx_it.o
                0x08000e78                TIM2_IRQHandler
 .text.TIM3_IRQHandler
                0x08000e8c       0x14 ./Core/Src/stm32g4xx_it.o
                0x08000e8c                TIM3_IRQHandler
 .text.USART3_IRQHandler
                0x08000ea0       0x14 ./Core/Src/stm32g4xx_it.o
                0x08000ea0                USART3_IRQHandler
 .text.EXTI15_10_IRQHandler
                0x08000eb4       0x12 ./Core/Src/stm32g4xx_it.o
                0x08000eb4                EXTI15_10_IRQHandler
 *fill*         0x08000ec6        0x2 
 .text.TIM6_DAC_IRQHandler
                0x08000ec8       0x14 ./Core/Src/stm32g4xx_it.o
                0x08000ec8                TIM6_DAC_IRQHandler
 .text.DMA2_Channel1_IRQHandler
                0x08000edc       0x14 ./Core/Src/stm32g4xx_it.o
                0x08000edc                DMA2_Channel1_IRQHandler
 .text.DMA2_Channel2_IRQHandler
                0x08000ef0       0x14 ./Core/Src/stm32g4xx_it.o
                0x08000ef0                DMA2_Channel2_IRQHandler
 .text.SystemInit
                0x08000f04       0x24 ./Core/Src/system_stm32g4xx.o
                0x08000f04                SystemInit
 .text.MX_TIM1_Init
                0x08000f28      0x124 ./Core/Src/tim.o
                0x08000f28                MX_TIM1_Init
 .text.MX_TIM2_Init
                0x0800104c       0xdc ./Core/Src/tim.o
                0x0800104c                MX_TIM2_Init
 .text.MX_TIM3_Init
                0x08001128       0xe0 ./Core/Src/tim.o
                0x08001128                MX_TIM3_Init
 .text.HAL_TIM_OC_MspInit
                0x08001208       0x4c ./Core/Src/tim.o
                0x08001208                HAL_TIM_OC_MspInit
 .text.HAL_TIM_PWM_MspInit
                0x08001254       0x80 ./Core/Src/tim.o
                0x08001254                HAL_TIM_PWM_MspInit
 .text.HAL_TIM_MspPostInit
                0x080012d4      0x128 ./Core/Src/tim.o
                0x080012d4                HAL_TIM_MspPostInit
 .text.MX_USART3_UART_Init
                0x080013fc       0x98 ./Core/Src/usart.o
                0x080013fc                MX_USART3_UART_Init
 .text.HAL_UART_MspInit
                0x08001494      0x180 ./Core/Src/usart.o
                0x08001494                HAL_UART_MspInit
 .text.user_MX_FDCAN1_Init
                0x08001614       0x64 ./Core/Src/fdcan/main.o
                0x08001614                user_MX_FDCAN1_Init
 .text.fdcan_setup
                0x08001678       0x30 ./Core/Src/fdcan/main.o
                0x08001678                fdcan_setup
 .text.HAL_FDCAN_RxFifo0Callback
                0x080016a8       0x64 ./Core/Src/fdcan/main.o
                0x080016a8                HAL_FDCAN_RxFifo0Callback
 .text.HAL_FDCAN_TxBufferCompleteCallback
                0x0800170c       0x16 ./Core/Src/fdcan/main.o
                0x0800170c                HAL_FDCAN_TxBufferCompleteCallback
 *fill*         0x08001722        0x2 
 .text.fdcan_transmit
                0x08001724       0x4c ./Core/Src/fdcan/main.o
                0x08001724                fdcan_transmit
 .text.adc_renew
                0x08001770       0x98 ./Core/Src/main/adc.o
                0x08001770                adc_renew
 .text.timeout_error
                0x08001808       0x48 ./Core/Src/main/fn_state.o
                0x08001808                timeout_error
 .text.user_EXTI3_IRQHandler
                0x08001850       0x18 ./Core/Src/main/it.o
                0x08001850                user_EXTI3_IRQHandler
 .text.user_EXTI9_5_IRQHandler
                0x08001868       0x18 ./Core/Src/main/it.o
                0x08001868                user_EXTI9_5_IRQHandler
 .text.user_TIM1_UP_TIM16_IRQHandler
                0x08001880        0xe ./Core/Src/main/it.o
                0x08001880                user_TIM1_UP_TIM16_IRQHandler
 *fill*         0x0800188e        0x2 
 .text.user_EXTI15_10_IRQHandler
                0x08001890       0x54 ./Core/Src/main/it.o
                0x08001890                user_EXTI15_10_IRQHandler
 .text.user_EXTI4_IRQHandler
                0x080018e4       0x60 ./Core/Src/main/it.o
                0x080018e4                user_EXTI4_IRQHandler
 .text.StartDefaultTask
                0x08001944       0x70 ./Core/Src/main/main.o
                0x08001944                StartDefaultTask
 .text.HAL_IncTick
                0x080019b4       0x60 ./Core/Src/main/main.o
                0x080019b4                HAL_IncTick
 .text.decide_move_mode
                0x08001a14       0xc4 ./Core/Src/main/main.o
                0x08001a14                decide_move_mode
 .text.map_setup
                0x08001ad8       0x7c ./Core/Src/main/map.o
                0x08001ad8                map_setup
 .text.map_init
                0x08001b54      0x144 ./Core/Src/main/map.o
                0x08001b54                map_init
 .text.map_data_init
                0x08001c98       0x50 ./Core/Src/main/map.o
                0x08001c98                map_data_init
 .text.floyd_warshall
                0x08001ce8       0xfc ./Core/Src/main/map.o
                0x08001ce8                floyd_warshall
 .text.build_current_map_data
                0x08001de4      0x108 ./Core/Src/main/map.o
                0x08001de4                build_current_map_data
 .text.get_index_by_id
                0x08001eec       0x48 ./Core/Src/main/map.o
                0x08001eec                get_index_by_id
 .text.decide_vehicle_status
                0x08001f34       0x74 ./Core/Src/main/map.o
                0x08001f34                decide_vehicle_status
 .text.vec_u8_realign
                0x08001fa8       0x82 ./Core/Src/main/vec.o
                0x08001fa8                vec_u8_realign
 *fill*         0x0800202a        0x2 
 .text.vec_u8_get_byte
                0x0800202c       0x64 ./Core/Src/main/vec.o
                0x0800202c                vec_u8_get_byte
 .text.vec_u8_starts_with
                0x08002090       0x98 ./Core/Src/main/vec.o
                0x08002090                vec_u8_starts_with
 .text.vec_u8_push
                0x08002128       0x70 ./Core/Src/main/vec.o
                0x08002128                vec_u8_push
 .text.vec_u8_push_byte
                0x08002198       0x22 ./Core/Src/main/vec.o
                0x08002198                vec_u8_push_byte
 .text.swap16   0x080021ba       0x1c ./Core/Src/main/vec.o
 .text.vec_u8_push_u16
                0x080021d6       0x30 ./Core/Src/main/vec.o
                0x080021d6                vec_u8_push_u16
 .text.swap32   0x08002206       0x32 ./Core/Src/main/vec.o
 .text.vec_u8_push_f32
                0x08002238       0x44 ./Core/Src/main/vec.o
                0x08002238                vec_u8_push_f32
 .text.vec_u8_rm_all
                0x0800227c       0x22 ./Core/Src/main/vec.o
                0x0800227c                vec_u8_rm_all
 *fill*         0x0800229e        0x2 
 .text.vec_u8_rm_range
                0x080022a0       0xd8 ./Core/Src/main/vec.o
                0x080022a0                vec_u8_rm_range
 .text.vehicle_track_mode
                0x08002378       0x6c ./Core/Src/main/vehicle.o
                0x08002378                vehicle_track_mode
 .text.vehicle_rotate_in_place
                0x080023e4      0x100 ./Core/Src/main/vehicle.o
                0x080023e4                vehicle_rotate_in_place
 .text.vehicle_breakdown_all_hall_lost
                0x080024e4       0x98 ./Core/Src/main/vehicle.o
                0x080024e4                vehicle_breakdown_all_hall_lost
 .text.vehicle_search_magnetic_path
                0x0800257c       0xbc ./Core/Src/main/vehicle.o
                0x0800257c                vehicle_search_magnetic_path
 .text.vehicle2_motion_and_speed_control
                0x08002638       0x9c ./Core/Src/main/vehicle2.o
                0x08002638                vehicle2_motion_and_speed_control
 .text.vehicle2_get_rotate_direction
                0x080026d4       0x52 ./Core/Src/main/vehicle2.o
                0x080026d4                vehicle2_get_rotate_direction
 *fill*         0x08002726        0x2 
 .text.vehicle2_ensure_motor_stop
                0x08002728       0x68 ./Core/Src/main/vehicle2.o
                0x08002728                vehicle2_ensure_motor_stop
 .text.vehicle2_pass_magnetic_stripe_calculate
                0x08002790      0x12c ./Core/Src/main/vehicle2.o
                0x08002790                vehicle2_pass_magnetic_stripe_calculate
 .text.vehicle2_renew_vehicle_rotation_status
                0x080028bc       0x84 ./Core/Src/main/vehicle2.o
                0x080028bc                vehicle2_renew_vehicle_rotation_status
 .text.vehicle2_rotate_status_to_motioncommand
                0x08002940       0x22 ./Core/Src/main/vehicle2.o
                0x08002940                vehicle2_rotate_status_to_motioncommand
 *fill*         0x08002962        0x2 
 .text.motor_PI_control
                0x08002964       0xf0 ./Core/Src/motor/PI_control.o
                0x08002964                motor_PI_control
 .text.motor_tim_setup
                0x08002a54       0x50 ./Core/Src/motor/main.o
 .text.motor_setup
                0x08002aa4       0x28 ./Core/Src/motor/main.o
                0x08002aa4                motor_setup
 .text.motor_commutate
                0x08002acc      0x314 ./Core/Src/motor/main.o
 .text.motor_step_update
                0x08002de0      0x138 ./Core/Src/motor/main.o
                0x08002de0                motor_step_update
 .text.motor_speed_calculate
                0x08002f18       0x68 ./Core/Src/motor/main.o
                0x08002f18                motor_speed_calculate
 .text.motor_set_duty
                0x08002f80       0x30 ./Core/Src/motor/main.o
                0x08002f80                motor_set_duty
 .text.motor_set_speed_setpoint
                0x08002fb0       0x30 ./Core/Src/motor/main.o
                0x08002fb0                motor_set_speed_setpoint
 .text.motor_set_direction
                0x08002fe0       0x1e ./Core/Src/motor/main.o
                0x08002fe0                motor_set_direction
 .text.motor_set_integral_record
                0x08002ffe       0x1e ./Core/Src/motor/main.o
                0x08002ffe                motor_set_integral_record
 .text.motor_set_adc_val
                0x0800301c       0x1e ./Core/Src/motor/main.o
                0x0800301c                motor_set_adc_val
 .text.motor_add_step_count
                0x0800303a       0x20 ./Core/Src/motor/main.o
                0x0800303a                motor_add_step_count
 *fill*         0x0800305a        0x2 
 .text.StartMotorTask
                0x0800305c       0xa8 ./Core/Src/motor/main.o
                0x0800305c                StartMotorTask
 .text.HAL_UART_TxCpltCallback
                0x08003104       0x14 ./Core/Src/uart/main.o
                0x08003104                HAL_UART_TxCpltCallback
 .text.HAL_UARTEx_RxEventCallback
                0x08003118       0x90 ./Core/Src/uart/main.o
                0x08003118                HAL_UARTEx_RxEventCallback
 .text.rspdw    0x080031a8      0x110 ./Core/Src/uart/main.o
 .text.radcw    0x080032b8      0x104 ./Core/Src/uart/main.o
 .text.uart_transmit
                0x080033bc       0x98 ./Core/Src/uart/main.o
 .text.uart_tr_pkt_proc
                0x08003454       0x12 ./Core/Src/uart/main.o
 *fill*         0x08003466        0x2 
 .text.uart_re_pkt_proc_data_store
                0x08003468      0x228 ./Core/Src/uart/main.o
 .text.uart_re_pkt_proc
                0x08003690       0xf8 ./Core/Src/uart/main.o
 .text.StartUartTask
                0x08003788       0x64 ./Core/Src/uart/main.o
                0x08003788                StartUartTask
 .text.uart_pkt_add_data
                0x080037ec       0x4e ./Core/Src/uart/packet.o
                0x080037ec                uart_pkt_add_data
 .text.uart_pkt_get_data
                0x0800383a       0x4e ./Core/Src/uart/packet.o
                0x0800383a                uart_pkt_get_data
 .text.uart_pkt_pack
                0x08003888       0xdc ./Core/Src/uart/packet.o
                0x08003888                uart_pkt_pack
 .text.uart_pkt_unpack
                0x08003964       0x8a ./Core/Src/uart/packet.o
                0x08003964                uart_pkt_unpack
 *fill*         0x080039ee        0x2 
 .text.uart_trcv_buf_push
                0x080039f0       0x88 ./Core/Src/uart/trcv_buffer.o
                0x080039f0                uart_trcv_buf_push
 .text.uart_trcv_buf_pop
                0x08003a78       0xa4 ./Core/Src/uart/trcv_buffer.o
                0x08003a78                uart_trcv_buf_pop
 .text.Reset_Handler
                0x08003b1c       0x50 ./Core/Startup/startup_stm32g431rbtx.o
                0x08003b1c                Reset_Handler
 .text.Default_Handler
                0x08003b6c        0x2 ./Core/Startup/startup_stm32g431rbtx.o
                0x08003b6c                RTC_Alarm_IRQHandler
                0x08003b6c                TIM8_TRG_COM_IRQHandler
                0x08003b6c                TIM8_CC_IRQHandler
                0x08003b6c                TIM1_CC_IRQHandler
                0x08003b6c                USB_HP_IRQHandler
                0x08003b6c                CORDIC_IRQHandler
                0x08003b6c                I2C3_ER_IRQHandler
                0x08003b6c                EXTI0_IRQHandler
                0x08003b6c                I2C2_EV_IRQHandler
                0x08003b6c                FPU_IRQHandler
                0x08003b6c                ADC1_2_IRQHandler
                0x08003b6c                SPI1_IRQHandler
                0x08003b6c                TIM8_UP_IRQHandler
                0x08003b6c                DMA1_Channel4_IRQHandler
                0x08003b6c                TIM4_IRQHandler
                0x08003b6c                I2C1_EV_IRQHandler
                0x08003b6c                DMA1_Channel6_IRQHandler
                0x08003b6c                UART4_IRQHandler
                0x08003b6c                DMA2_Channel4_IRQHandler
                0x08003b6c                RCC_IRQHandler
                0x08003b6c                Default_Handler
                0x08003b6c                RTC_TAMP_LSECSS_IRQHandler
                0x08003b6c                FMAC_IRQHandler
                0x08003b6c                TIM7_IRQHandler
                0x08003b6c                UCPD1_IRQHandler
                0x08003b6c                I2C3_EV_IRQHandler
                0x08003b6c                RTC_WKUP_IRQHandler
                0x08003b6c                PVD_PVM_IRQHandler
                0x08003b6c                SPI2_IRQHandler
                0x08003b6c                DMA2_Channel5_IRQHandler
                0x08003b6c                CRS_IRQHandler
                0x08003b6c                DMA1_Channel5_IRQHandler
                0x08003b6c                USB_LP_IRQHandler
                0x08003b6c                RNG_IRQHandler
                0x08003b6c                TIM1_TRG_COM_TIM17_IRQHandler
                0x08003b6c                DMA1_Channel3_IRQHandler
                0x08003b6c                WWDG_IRQHandler
                0x08003b6c                LPUART1_IRQHandler
                0x08003b6c                DMA2_Channel6_IRQHandler
                0x08003b6c                COMP1_2_3_IRQHandler
                0x08003b6c                USART2_IRQHandler
                0x08003b6c                I2C2_ER_IRQHandler
                0x08003b6c                DMA1_Channel2_IRQHandler
                0x08003b6c                TIM8_BRK_IRQHandler
                0x08003b6c                FLASH_IRQHandler
                0x08003b6c                USART1_IRQHandler
                0x08003b6c                SPI3_IRQHandler
                0x08003b6c                I2C1_ER_IRQHandler
                0x08003b6c                LPTIM1_IRQHandler
                0x08003b6c                DMAMUX_OVR_IRQHandler
                0x08003b6c                USBWakeUp_IRQHandler
                0x08003b6c                SAI1_IRQHandler
                0x08003b6c                DMA2_Channel3_IRQHandler
                0x08003b6c                COMP4_IRQHandler
                0x08003b6c                TIM1_BRK_TIM15_IRQHandler
 *fill*         0x08003b6e        0x2 
 .text.BSP_LED_Init
                0x08003b70       0x6c ./Drivers/BSP/STM32G4xx_Nucleo/stm32g4xx_nucleo.o
                0x08003b70                BSP_LED_Init
 .text.BSP_PB_Init
                0x08003bdc       0xdc ./Drivers/BSP/STM32G4xx_Nucleo/stm32g4xx_nucleo.o
                0x08003bdc                BSP_PB_Init
 .text.BSP_PB_IRQHandler
                0x08003cb8       0x24 ./Drivers/BSP/STM32G4xx_Nucleo/stm32g4xx_nucleo.o
                0x08003cb8                BSP_PB_IRQHandler
 .text.BSP_PB_Callback
                0x08003cdc       0x16 ./Drivers/BSP/STM32G4xx_Nucleo/stm32g4xx_nucleo.o
                0x08003cdc                BSP_PB_Callback
 *fill*         0x08003cf2        0x2 
 .text.BSP_COM_Init
                0x08003cf4       0x60 ./Drivers/BSP/STM32G4xx_Nucleo/stm32g4xx_nucleo.o
                0x08003cf4                BSP_COM_Init
 .text.MX_LPUART1_Init
                0x08003d54       0x64 ./Drivers/BSP/STM32G4xx_Nucleo/stm32g4xx_nucleo.o
                0x08003d54                MX_LPUART1_Init
 .text.BUTTON_USER_EXTI_Callback
                0x08003db8        0xe ./Drivers/BSP/STM32G4xx_Nucleo/stm32g4xx_nucleo.o
 *fill*         0x08003dc6        0x2 
 .text.COM1_MspInit
                0x08003dc8       0x98 ./Drivers/BSP/STM32G4xx_Nucleo/stm32g4xx_nucleo.o
 .text.HAL_Init
                0x08003e60       0x30 ./Drivers/STM32G4xx_HAL_Driver/Src/stm32g4xx_hal.o
                0x08003e60                HAL_Init
 .text.HAL_GetTick
                0x08003e90       0x18 ./Drivers/STM32G4xx_HAL_Driver/Src/stm32g4xx_hal.o
                0x08003e90                HAL_GetTick
 .text.LL_ADC_SetCommonClock
                0x08003ea8       0x26 ./Drivers/STM32G4xx_HAL_Driver/Src/stm32g4xx_hal_adc.o
 .text.LL_ADC_SetCommonPathInternalCh
                0x08003ece       0x26 ./Drivers/STM32G4xx_HAL_Driver/Src/stm32g4xx_hal_adc.o
 .text.LL_ADC_GetCommonPathInternalCh
                0x08003ef4       0x1c ./Drivers/STM32G4xx_HAL_Driver/Src/stm32g4xx_hal_adc.o
 .text.LL_ADC_SetOffset
                0x08003f10       0x48 ./Drivers/STM32G4xx_HAL_Driver/Src/stm32g4xx_hal_adc.o
 .text.LL_ADC_GetOffsetChannel
                0x08003f58       0x2c ./Drivers/STM32G4xx_HAL_Driver/Src/stm32g4xx_hal_adc.o
 .text.LL_ADC_SetOffsetState
                0x08003f84       0x36 ./Drivers/STM32G4xx_HAL_Driver/Src/stm32g4xx_hal_adc.o
 .text.LL_ADC_SetOffsetSign
                0x08003fba       0x36 ./Drivers/STM32G4xx_HAL_Driver/Src/stm32g4xx_hal_adc.o
 .text.LL_ADC_SetOffsetSaturation
                0x08003ff0       0x36 ./Drivers/STM32G4xx_HAL_Driver/Src/stm32g4xx_hal_adc.o
 .text.LL_ADC_SetSamplingTimeCommonConfig
                0x08004026       0x26 ./Drivers/STM32G4xx_HAL_Driver/Src/stm32g4xx_hal_adc.o
 .text.LL_ADC_REG_SetSequencerRanks
                0x0800404c       0x58 ./Drivers/STM32G4xx_HAL_Driver/Src/stm32g4xx_hal_adc.o
 .text.LL_ADC_SetChannelSamplingTime
                0x080040a4       0x56 ./Drivers/STM32G4xx_HAL_Driver/Src/stm32g4xx_hal_adc.o
 *fill*         0x080040fa        0x2 
 .text.LL_ADC_SetChannelSingleDiff
                0x080040fc       0x48 ./Drivers/STM32G4xx_HAL_Driver/Src/stm32g4xx_hal_adc.o
 .text.LL_ADC_DisableDeepPowerDown
                0x08004144       0x24 ./Drivers/STM32G4xx_HAL_Driver/Src/stm32g4xx_hal_adc.o
 .text.LL_ADC_IsDeepPowerDownEnabled
                0x08004168       0x28 ./Drivers/STM32G4xx_HAL_Driver/Src/stm32g4xx_hal_adc.o
 .text.LL_ADC_EnableInternalRegulator
                0x08004190       0x28 ./Drivers/STM32G4xx_HAL_Driver/Src/stm32g4xx_hal_adc.o
 .text.LL_ADC_IsInternalRegulatorEnabled
                0x080041b8       0x28 ./Drivers/STM32G4xx_HAL_Driver/Src/stm32g4xx_hal_adc.o
 .text.LL_ADC_IsEnabled
                0x080041e0       0x26 ./Drivers/STM32G4xx_HAL_Driver/Src/stm32g4xx_hal_adc.o
 .text.LL_ADC_REG_IsConversionOngoing
                0x08004206       0x26 ./Drivers/STM32G4xx_HAL_Driver/Src/stm32g4xx_hal_adc.o
 .text.LL_ADC_INJ_IsConversionOngoing
                0x0800422c       0x26 ./Drivers/STM32G4xx_HAL_Driver/Src/stm32g4xx_hal_adc.o
 *fill*         0x08004252        0x2 
 .text.HAL_ADC_Init
                0x08004254      0x308 ./Drivers/STM32G4xx_HAL_Driver/Src/stm32g4xx_hal_adc.o
                0x08004254                HAL_ADC_Init
 .text.HAL_ADC_ConfigChannel
                0x0800455c      0x7e0 ./Drivers/STM32G4xx_HAL_Driver/Src/stm32g4xx_hal_adc.o
                0x0800455c                HAL_ADC_ConfigChannel
 .text.LL_ADC_IsEnabled
                0x08004d3c       0x26 ./Drivers/STM32G4xx_HAL_Driver/Src/stm32g4xx_hal_adc_ex.o
 .text.LL_ADC_REG_IsConversionOngoing
                0x08004d62       0x26 ./Drivers/STM32G4xx_HAL_Driver/Src/stm32g4xx_hal_adc_ex.o
 .text.HAL_ADCEx_MultiModeConfigChannel
                0x08004d88      0x148 ./Drivers/STM32G4xx_HAL_Driver/Src/stm32g4xx_hal_adc_ex.o
                0x08004d88                HAL_ADCEx_MultiModeConfigChannel
 .text.__NVIC_SetPriorityGrouping
                0x08004ed0       0x48 ./Drivers/STM32G4xx_HAL_Driver/Src/stm32g4xx_hal_cortex.o
 .text.__NVIC_GetPriorityGrouping
                0x08004f18       0x1c ./Drivers/STM32G4xx_HAL_Driver/Src/stm32g4xx_hal_cortex.o
 .text.__NVIC_EnableIRQ
                0x08004f34       0x3c ./Drivers/STM32G4xx_HAL_Driver/Src/stm32g4xx_hal_cortex.o
 .text.__NVIC_SetPriority
                0x08004f70       0x54 ./Drivers/STM32G4xx_HAL_Driver/Src/stm32g4xx_hal_cortex.o
 .text.NVIC_EncodePriority
                0x08004fc4       0x66 ./Drivers/STM32G4xx_HAL_Driver/Src/stm32g4xx_hal_cortex.o
 .text.HAL_NVIC_SetPriorityGrouping
                0x0800502a       0x16 ./Drivers/STM32G4xx_HAL_Driver/Src/stm32g4xx_hal_cortex.o
                0x0800502a                HAL_NVIC_SetPriorityGrouping
 .text.HAL_NVIC_SetPriority
                0x08005040       0x34 ./Drivers/STM32G4xx_HAL_Driver/Src/stm32g4xx_hal_cortex.o
                0x08005040                HAL_NVIC_SetPriority
 .text.HAL_NVIC_EnableIRQ
                0x08005074       0x1c ./Drivers/STM32G4xx_HAL_Driver/Src/stm32g4xx_hal_cortex.o
                0x08005074                HAL_NVIC_EnableIRQ
 .text.HAL_DMA_Init
                0x08005090      0x150 ./Drivers/STM32G4xx_HAL_Driver/Src/stm32g4xx_hal_dma.o
                0x08005090                HAL_DMA_Init
 .text.HAL_DMA_Start_IT
                0x080051e0       0xf6 ./Drivers/STM32G4xx_HAL_Driver/Src/stm32g4xx_hal_dma.o
                0x080051e0                HAL_DMA_Start_IT
 .text.HAL_DMA_Abort
                0x080052d6       0xb2 ./Drivers/STM32G4xx_HAL_Driver/Src/stm32g4xx_hal_dma.o
                0x080052d6                HAL_DMA_Abort
 .text.HAL_DMA_Abort_IT
                0x08005388       0xce ./Drivers/STM32G4xx_HAL_Driver/Src/stm32g4xx_hal_dma.o
                0x08005388                HAL_DMA_Abort_IT
 .text.HAL_DMA_IRQHandler
                0x08005456      0x15e ./Drivers/STM32G4xx_HAL_Driver/Src/stm32g4xx_hal_dma.o
                0x08005456                HAL_DMA_IRQHandler
 .text.HAL_DMA_GetState
                0x080055b4       0x1c ./Drivers/STM32G4xx_HAL_Driver/Src/stm32g4xx_hal_dma.o
                0x080055b4                HAL_DMA_GetState
 .text.DMA_SetConfig
                0x080055d0       0x7c ./Drivers/STM32G4xx_HAL_Driver/Src/stm32g4xx_hal_dma.o
 .text.DMA_CalcDMAMUXChannelBaseAndMask
                0x0800564c       0x7c ./Drivers/STM32G4xx_HAL_Driver/Src/stm32g4xx_hal_dma.o
 .text.DMA_CalcDMAMUXRequestGenBaseAndMask
                0x080056c8       0x48 ./Drivers/STM32G4xx_HAL_Driver/Src/stm32g4xx_hal_dma.o
 .text.HAL_EXTI_RegisterCallback
                0x08005710       0x3a ./Drivers/STM32G4xx_HAL_Driver/Src/stm32g4xx_hal_exti.o
                0x08005710                HAL_EXTI_RegisterCallback
 .text.HAL_EXTI_GetHandle
                0x0800574a       0x28 ./Drivers/STM32G4xx_HAL_Driver/Src/stm32g4xx_hal_exti.o
                0x0800574a                HAL_EXTI_GetHandle
 *fill*         0x08005772        0x2 
 .text.HAL_EXTI_IRQHandler
                0x08005774       0x60 ./Drivers/STM32G4xx_HAL_Driver/Src/stm32g4xx_hal_exti.o
                0x08005774                HAL_EXTI_IRQHandler
 .text.HAL_FDCAN_Init
                0x080057d4      0x2b4 ./Drivers/STM32G4xx_HAL_Driver/Src/stm32g4xx_hal_fdcan.o
                0x080057d4                HAL_FDCAN_Init
 .text.HAL_FDCAN_ConfigFilter
                0x08005a88       0xb4 ./Drivers/STM32G4xx_HAL_Driver/Src/stm32g4xx_hal_fdcan.o
                0x08005a88                HAL_FDCAN_ConfigFilter
 .text.HAL_FDCAN_Start
                0x08005b3c       0x50 ./Drivers/STM32G4xx_HAL_Driver/Src/stm32g4xx_hal_fdcan.o
                0x08005b3c                HAL_FDCAN_Start
 .text.HAL_FDCAN_AddMessageToTxFifoQ
                0x08005b8c       0x88 ./Drivers/STM32G4xx_HAL_Driver/Src/stm32g4xx_hal_fdcan.o
                0x08005b8c                HAL_FDCAN_AddMessageToTxFifoQ
 .text.HAL_FDCAN_GetRxMessage
                0x08005c14      0x210 ./Drivers/STM32G4xx_HAL_Driver/Src/stm32g4xx_hal_fdcan.o
                0x08005c14                HAL_FDCAN_GetRxMessage
 .text.HAL_FDCAN_ActivateNotification
                0x08005e24      0x1cc ./Drivers/STM32G4xx_HAL_Driver/Src/stm32g4xx_hal_fdcan.o
                0x08005e24                HAL_FDCAN_ActivateNotification
 .text.HAL_FDCAN_IRQHandler
                0x08005ff0      0x266 ./Drivers/STM32G4xx_HAL_Driver/Src/stm32g4xx_hal_fdcan.o
                0x08005ff0                HAL_FDCAN_IRQHandler
 .text.HAL_FDCAN_TxEventFifoCallback
                0x08006256       0x16 ./Drivers/STM32G4xx_HAL_Driver/Src/stm32g4xx_hal_fdcan.o
                0x08006256                HAL_FDCAN_TxEventFifoCallback
 .text.HAL_FDCAN_RxFifo1Callback
                0x0800626c       0x16 ./Drivers/STM32G4xx_HAL_Driver/Src/stm32g4xx_hal_fdcan.o
                0x0800626c                HAL_FDCAN_RxFifo1Callback
 .text.HAL_FDCAN_TxFifoEmptyCallback
                0x08006282       0x14 ./Drivers/STM32G4xx_HAL_Driver/Src/stm32g4xx_hal_fdcan.o
                0x08006282                HAL_FDCAN_TxFifoEmptyCallback
 .text.HAL_FDCAN_TxBufferAbortCallback
                0x08006296       0x16 ./Drivers/STM32G4xx_HAL_Driver/Src/stm32g4xx_hal_fdcan.o
                0x08006296                HAL_FDCAN_TxBufferAbortCallback
 .text.HAL_FDCAN_TimestampWraparoundCallback
                0x080062ac       0x14 ./Drivers/STM32G4xx_HAL_Driver/Src/stm32g4xx_hal_fdcan.o
                0x080062ac                HAL_FDCAN_TimestampWraparoundCallback
 .text.HAL_FDCAN_TimeoutOccurredCallback
                0x080062c0       0x14 ./Drivers/STM32G4xx_HAL_Driver/Src/stm32g4xx_hal_fdcan.o
                0x080062c0                HAL_FDCAN_TimeoutOccurredCallback
 .text.HAL_FDCAN_HighPriorityMessageCallback
                0x080062d4       0x14 ./Drivers/STM32G4xx_HAL_Driver/Src/stm32g4xx_hal_fdcan.o
                0x080062d4                HAL_FDCAN_HighPriorityMessageCallback
 .text.HAL_FDCAN_ErrorCallback
                0x080062e8       0x14 ./Drivers/STM32G4xx_HAL_Driver/Src/stm32g4xx_hal_fdcan.o
                0x080062e8                HAL_FDCAN_ErrorCallback
 .text.HAL_FDCAN_ErrorStatusCallback
                0x080062fc       0x16 ./Drivers/STM32G4xx_HAL_Driver/Src/stm32g4xx_hal_fdcan.o
                0x080062fc                HAL_FDCAN_ErrorStatusCallback
 *fill*         0x08006312        0x2 
 .text.FDCAN_CalcultateRamBlockAddresses
                0x08006314       0xac ./Drivers/STM32G4xx_HAL_Driver/Src/stm32g4xx_hal_fdcan.o
 .text.FDCAN_CopyMessageToRAM
                0x080063c0       0xf8 ./Drivers/STM32G4xx_HAL_Driver/Src/stm32g4xx_hal_fdcan.o
 .text.HAL_GPIO_Init
                0x080064b8      0x304 ./Drivers/STM32G4xx_HAL_Driver/Src/stm32g4xx_hal_gpio.o
                0x080064b8                HAL_GPIO_Init
 .text.HAL_GPIO_ReadPin
                0x080067bc       0x30 ./Drivers/STM32G4xx_HAL_Driver/Src/stm32g4xx_hal_gpio.o
                0x080067bc                HAL_GPIO_ReadPin
 .text.HAL_GPIO_WritePin
                0x080067ec       0x30 ./Drivers/STM32G4xx_HAL_Driver/Src/stm32g4xx_hal_gpio.o
                0x080067ec                HAL_GPIO_WritePin
 .text.HAL_GPIO_TogglePin
                0x0800681c       0x34 ./Drivers/STM32G4xx_HAL_Driver/Src/stm32g4xx_hal_gpio.o
                0x0800681c                HAL_GPIO_TogglePin
 .text.HAL_GPIO_EXTI_IRQHandler
                0x08006850       0x30 ./Drivers/STM32G4xx_HAL_Driver/Src/stm32g4xx_hal_gpio.o
                0x08006850                HAL_GPIO_EXTI_IRQHandler
 .text.HAL_GPIO_EXTI_Callback
                0x08006880       0x16 ./Drivers/STM32G4xx_HAL_Driver/Src/stm32g4xx_hal_gpio.o
                0x08006880                HAL_GPIO_EXTI_Callback
 *fill*         0x08006896        0x2 
 .text.HAL_PWREx_ControlVoltageScaling
                0x08006898      0x148 ./Drivers/STM32G4xx_HAL_Driver/Src/stm32g4xx_hal_pwr_ex.o
                0x08006898                HAL_PWREx_ControlVoltageScaling
 .text.HAL_PWREx_DisableUCPDDeadBattery
                0x080069e0       0x20 ./Drivers/STM32G4xx_HAL_Driver/Src/stm32g4xx_hal_pwr_ex.o
                0x080069e0                HAL_PWREx_DisableUCPDDeadBattery
 .text.HAL_RCC_OscConfig
                0x08006a00      0x624 ./Drivers/STM32G4xx_HAL_Driver/Src/stm32g4xx_hal_rcc.o
                0x08006a00                HAL_RCC_OscConfig
 .text.HAL_RCC_ClockConfig
                0x08007024      0x278 ./Drivers/STM32G4xx_HAL_Driver/Src/stm32g4xx_hal_rcc.o
                0x08007024                HAL_RCC_ClockConfig
 .text.HAL_RCC_GetSysClockFreq
                0x0800729c       0xc4 ./Drivers/STM32G4xx_HAL_Driver/Src/stm32g4xx_hal_rcc.o
                0x0800729c                HAL_RCC_GetSysClockFreq
 .text.HAL_RCC_GetHCLKFreq
                0x08007360       0x18 ./Drivers/STM32G4xx_HAL_Driver/Src/stm32g4xx_hal_rcc.o
                0x08007360                HAL_RCC_GetHCLKFreq
 .text.HAL_RCC_GetPCLK1Freq
                0x08007378       0x2c ./Drivers/STM32G4xx_HAL_Driver/Src/stm32g4xx_hal_rcc.o
                0x08007378                HAL_RCC_GetPCLK1Freq
 .text.HAL_RCC_GetPCLK2Freq
                0x080073a4       0x2c ./Drivers/STM32G4xx_HAL_Driver/Src/stm32g4xx_hal_rcc.o
                0x080073a4                HAL_RCC_GetPCLK2Freq
 .text.HAL_RCC_GetClockConfig
                0x080073d0       0x64 ./Drivers/STM32G4xx_HAL_Driver/Src/stm32g4xx_hal_rcc.o
                0x080073d0                HAL_RCC_GetClockConfig
 .text.RCC_GetSysClockFreqFromPLLSource
                0x08007434       0x8c ./Drivers/STM32G4xx_HAL_Driver/Src/stm32g4xx_hal_rcc.o
 .text.HAL_RCCEx_PeriphCLKConfig
                0x080074c0      0x3e0 ./Drivers/STM32G4xx_HAL_Driver/Src/stm32g4xx_hal_rcc_ex.o
                0x080074c0                HAL_RCCEx_PeriphCLKConfig
 .text.HAL_TIM_Base_Init
                0x080078a0       0xae ./Drivers/STM32G4xx_HAL_Driver/Src/stm32g4xx_hal_tim.o
                0x080078a0                HAL_TIM_Base_Init
 .text.HAL_TIM_Base_MspInit
                0x0800794e       0x14 ./Drivers/STM32G4xx_HAL_Driver/Src/stm32g4xx_hal_tim.o
                0x0800794e                HAL_TIM_Base_MspInit
 *fill*         0x08007962        0x2 
 .text.HAL_TIM_Base_Start_IT
                0x08007964       0xd4 ./Drivers/STM32G4xx_HAL_Driver/Src/stm32g4xx_hal_tim.o
                0x08007964                HAL_TIM_Base_Start_IT
 .text.HAL_TIM_OC_Init
                0x08007a38       0xae ./Drivers/STM32G4xx_HAL_Driver/Src/stm32g4xx_hal_tim.o
                0x08007a38                HAL_TIM_OC_Init
 .text.HAL_TIM_PWM_Init
                0x08007ae6       0xae ./Drivers/STM32G4xx_HAL_Driver/Src/stm32g4xx_hal_tim.o
                0x08007ae6                HAL_TIM_PWM_Init
 .text.HAL_TIM_PWM_Start
                0x08007b94      0x200 ./Drivers/STM32G4xx_HAL_Driver/Src/stm32g4xx_hal_tim.o
                0x08007b94                HAL_TIM_PWM_Start
 .text.HAL_TIM_IRQHandler
                0x08007d94      0x29e ./Drivers/STM32G4xx_HAL_Driver/Src/stm32g4xx_hal_tim.o
                0x08007d94                HAL_TIM_IRQHandler
 *fill*         0x08008032        0x2 
 .text.HAL_TIM_OC_ConfigChannel
                0x08008034       0xf4 ./Drivers/STM32G4xx_HAL_Driver/Src/stm32g4xx_hal_tim.o
                0x08008034                HAL_TIM_OC_ConfigChannel
 .text.HAL_TIM_PWM_ConfigChannel
                0x08008128      0x228 ./Drivers/STM32G4xx_HAL_Driver/Src/stm32g4xx_hal_tim.o
                0x08008128                HAL_TIM_PWM_ConfigChannel
 .text.HAL_TIM_OC_DelayElapsedCallback
                0x08008350       0x14 ./Drivers/STM32G4xx_HAL_Driver/Src/stm32g4xx_hal_tim.o
                0x08008350                HAL_TIM_OC_DelayElapsedCallback
 .text.HAL_TIM_IC_CaptureCallback
                0x08008364       0x14 ./Drivers/STM32G4xx_HAL_Driver/Src/stm32g4xx_hal_tim.o
                0x08008364                HAL_TIM_IC_CaptureCallback
 .text.HAL_TIM_PWM_PulseFinishedCallback
                0x08008378       0x14 ./Drivers/STM32G4xx_HAL_Driver/Src/stm32g4xx_hal_tim.o
                0x08008378                HAL_TIM_PWM_PulseFinishedCallback
 .text.HAL_TIM_TriggerCallback
                0x0800838c       0x14 ./Drivers/STM32G4xx_HAL_Driver/Src/stm32g4xx_hal_tim.o
                0x0800838c                HAL_TIM_TriggerCallback
 .text.TIM_Base_SetConfig
                0x080083a0      0x138 ./Drivers/STM32G4xx_HAL_Driver/Src/stm32g4xx_hal_tim.o
                0x080083a0                TIM_Base_SetConfig
 .text.TIM_OC1_SetConfig
                0x080084d8      0x120 ./Drivers/STM32G4xx_HAL_Driver/Src/stm32g4xx_hal_tim.o
 .text.TIM_OC2_SetConfig
                0x080085f8      0x114 ./Drivers/STM32G4xx_HAL_Driver/Src/stm32g4xx_hal_tim.o
                0x080085f8                TIM_OC2_SetConfig
 .text.TIM_OC3_SetConfig
                0x0800870c      0x110 ./Drivers/STM32G4xx_HAL_Driver/Src/stm32g4xx_hal_tim.o
 .text.TIM_OC4_SetConfig
                0x0800881c      0x114 ./Drivers/STM32G4xx_HAL_Driver/Src/stm32g4xx_hal_tim.o
 .text.TIM_OC5_SetConfig
                0x08008930       0xc8 ./Drivers/STM32G4xx_HAL_Driver/Src/stm32g4xx_hal_tim.o
 .text.TIM_OC6_SetConfig
                0x080089f8       0xcc ./Drivers/STM32G4xx_HAL_Driver/Src/stm32g4xx_hal_tim.o
 .text.TIM_CCxChannelCmd
                0x08008ac4       0x4a ./Drivers/STM32G4xx_HAL_Driver/Src/stm32g4xx_hal_tim.o
                0x08008ac4                TIM_CCxChannelCmd
 *fill*         0x08008b0e        0x2 
 .text.HAL_TIMEx_MasterConfigSynchronization
                0x08008b10      0x104 ./Drivers/STM32G4xx_HAL_Driver/Src/stm32g4xx_hal_tim_ex.o
                0x08008b10                HAL_TIMEx_MasterConfigSynchronization
 .text.HAL_TIMEx_ConfigBreakDeadTime
                0x08008c14      0x118 ./Drivers/STM32G4xx_HAL_Driver/Src/stm32g4xx_hal_tim_ex.o
                0x08008c14                HAL_TIMEx_ConfigBreakDeadTime
 .text.HAL_TIMEx_CommutCallback
                0x08008d2c       0x14 ./Drivers/STM32G4xx_HAL_Driver/Src/stm32g4xx_hal_tim_ex.o
                0x08008d2c                HAL_TIMEx_CommutCallback
 .text.HAL_TIMEx_BreakCallback
                0x08008d40       0x14 ./Drivers/STM32G4xx_HAL_Driver/Src/stm32g4xx_hal_tim_ex.o
                0x08008d40                HAL_TIMEx_BreakCallback
 .text.HAL_TIMEx_Break2Callback
                0x08008d54       0x14 ./Drivers/STM32G4xx_HAL_Driver/Src/stm32g4xx_hal_tim_ex.o
                0x08008d54                HAL_TIMEx_Break2Callback
 .text.HAL_TIMEx_EncoderIndexCallback
                0x08008d68       0x14 ./Drivers/STM32G4xx_HAL_Driver/Src/stm32g4xx_hal_tim_ex.o
                0x08008d68                HAL_TIMEx_EncoderIndexCallback
 .text.HAL_TIMEx_DirectionChangeCallback
                0x08008d7c       0x14 ./Drivers/STM32G4xx_HAL_Driver/Src/stm32g4xx_hal_tim_ex.o
                0x08008d7c                HAL_TIMEx_DirectionChangeCallback
 .text.HAL_TIMEx_IndexErrorCallback
                0x08008d90       0x14 ./Drivers/STM32G4xx_HAL_Driver/Src/stm32g4xx_hal_tim_ex.o
                0x08008d90                HAL_TIMEx_IndexErrorCallback
 .text.HAL_TIMEx_TransitionErrorCallback
                0x08008da4       0x14 ./Drivers/STM32G4xx_HAL_Driver/Src/stm32g4xx_hal_tim_ex.o
                0x08008da4                HAL_TIMEx_TransitionErrorCallback
 .text.HAL_UART_Init
                0x08008db8       0xa0 ./Drivers/STM32G4xx_HAL_Driver/Src/stm32g4xx_hal_uart.o
                0x08008db8                HAL_UART_Init
 .text.HAL_UART_Transmit_DMA
                0x08008e58      0x100 ./Drivers/STM32G4xx_HAL_Driver/Src/stm32g4xx_hal_uart.o
                0x08008e58                HAL_UART_Transmit_DMA
 .text.HAL_UART_IRQHandler
                0x08008f58      0x684 ./Drivers/STM32G4xx_HAL_Driver/Src/stm32g4xx_hal_uart.o
                0x08008f58                HAL_UART_IRQHandler
 .text.HAL_UART_TxHalfCpltCallback
                0x080095dc       0x14 ./Drivers/STM32G4xx_HAL_Driver/Src/stm32g4xx_hal_uart.o
                0x080095dc                HAL_UART_TxHalfCpltCallback
 .text.HAL_UART_RxCpltCallback
                0x080095f0       0x14 ./Drivers/STM32G4xx_HAL_Driver/Src/stm32g4xx_hal_uart.o
                0x080095f0                HAL_UART_RxCpltCallback
 .text.HAL_UART_RxHalfCpltCallback
                0x08009604       0x14 ./Drivers/STM32G4xx_HAL_Driver/Src/stm32g4xx_hal_uart.o
                0x08009604                HAL_UART_RxHalfCpltCallback
 .text.HAL_UART_ErrorCallback
                0x08009618       0x14 ./Drivers/STM32G4xx_HAL_Driver/Src/stm32g4xx_hal_uart.o
                0x08009618                HAL_UART_ErrorCallback
 .text.UART_SetConfig
                0x0800962c      0x598 ./Drivers/STM32G4xx_HAL_Driver/Src/stm32g4xx_hal_uart.o
                0x0800962c                UART_SetConfig
 .text.UART_AdvFeatureConfig
                0x08009bc4      0x144 ./Drivers/STM32G4xx_HAL_Driver/Src/stm32g4xx_hal_uart.o
                0x08009bc4                UART_AdvFeatureConfig
 .text.UART_CheckIdleState
                0x08009d08      0x154 ./Drivers/STM32G4xx_HAL_Driver/Src/stm32g4xx_hal_uart.o
                0x08009d08                UART_CheckIdleState
 .text.UART_WaitOnFlagUntilTimeout
                0x08009e5c       0xda ./Drivers/STM32G4xx_HAL_Driver/Src/stm32g4xx_hal_uart.o
                0x08009e5c                UART_WaitOnFlagUntilTimeout
 *fill*         0x08009f36        0x2 
 .text.UART_Start_Receive_DMA
                0x08009f38      0x14c ./Drivers/STM32G4xx_HAL_Driver/Src/stm32g4xx_hal_uart.o
                0x08009f38                UART_Start_Receive_DMA
 .text.UART_EndTxTransfer
                0x0800a084       0x82 ./Drivers/STM32G4xx_HAL_Driver/Src/stm32g4xx_hal_uart.o
 .text.UART_EndRxTransfer
                0x0800a106       0xcc ./Drivers/STM32G4xx_HAL_Driver/Src/stm32g4xx_hal_uart.o
 .text.UART_DMATransmitCplt
                0x0800a1d2       0x9a ./Drivers/STM32G4xx_HAL_Driver/Src/stm32g4xx_hal_uart.o
 .text.UART_DMATxHalfCplt
                0x0800a26c       0x1c ./Drivers/STM32G4xx_HAL_Driver/Src/stm32g4xx_hal_uart.o
 .text.UART_DMAReceiveCplt
                0x0800a288      0x12c ./Drivers/STM32G4xx_HAL_Driver/Src/stm32g4xx_hal_uart.o
 .text.UART_DMARxHalfCplt
                0x0800a3b4       0x3e ./Drivers/STM32G4xx_HAL_Driver/Src/stm32g4xx_hal_uart.o
 .text.UART_DMAError
                0x0800a3f2       0x80 ./Drivers/STM32G4xx_HAL_Driver/Src/stm32g4xx_hal_uart.o
 .text.UART_DMAAbortOnError
                0x0800a472       0x24 ./Drivers/STM32G4xx_HAL_Driver/Src/stm32g4xx_hal_uart.o
 .text.UART_EndTransmit_IT
                0x0800a496       0x56 ./Drivers/STM32G4xx_HAL_Driver/Src/stm32g4xx_hal_uart.o
 .text.HAL_UARTEx_WakeupCallback
                0x0800a4ec       0x14 ./Drivers/STM32G4xx_HAL_Driver/Src/stm32g4xx_hal_uart_ex.o
                0x0800a4ec                HAL_UARTEx_WakeupCallback
 .text.HAL_UARTEx_RxFifoFullCallback
                0x0800a500       0x14 ./Drivers/STM32G4xx_HAL_Driver/Src/stm32g4xx_hal_uart_ex.o
                0x0800a500                HAL_UARTEx_RxFifoFullCallback
 .text.HAL_UARTEx_TxFifoEmptyCallback
                0x0800a514       0x14 ./Drivers/STM32G4xx_HAL_Driver/Src/stm32g4xx_hal_uart_ex.o
                0x0800a514                HAL_UARTEx_TxFifoEmptyCallback
 .text.HAL_UARTEx_DisableFifoMode
                0x0800a528       0x72 ./Drivers/STM32G4xx_HAL_Driver/Src/stm32g4xx_hal_uart_ex.o
                0x0800a528                HAL_UARTEx_DisableFifoMode
 .text.HAL_UARTEx_SetTxFifoThreshold
                0x0800a59a       0x7c ./Drivers/STM32G4xx_HAL_Driver/Src/stm32g4xx_hal_uart_ex.o
                0x0800a59a                HAL_UARTEx_SetTxFifoThreshold
 .text.HAL_UARTEx_SetRxFifoThreshold
                0x0800a616       0x7c ./Drivers/STM32G4xx_HAL_Driver/Src/stm32g4xx_hal_uart_ex.o
                0x0800a616                HAL_UARTEx_SetRxFifoThreshold
 .text.HAL_UARTEx_ReceiveToIdle_DMA
                0x0800a692       0xa8 ./Drivers/STM32G4xx_HAL_Driver/Src/stm32g4xx_hal_uart_ex.o
                0x0800a692                HAL_UARTEx_ReceiveToIdle_DMA
 *fill*         0x0800a73a        0x2 
 .text.UARTEx_SetNbDataToProcess
                0x0800a73c       0x9c ./Drivers/STM32G4xx_HAL_Driver/Src/stm32g4xx_hal_uart_ex.o
 .text.__NVIC_SetPriority
                0x0800a7d8       0x54 ./Middlewares/Third_Party/FreeRTOS/Source/CMSIS_RTOS_V2/cmsis_os2.o
 .text.SysTick_Handler
                0x0800a82c       0x20 ./Middlewares/Third_Party/FreeRTOS/Source/CMSIS_RTOS_V2/cmsis_os2.o
                0x0800a82c                SysTick_Handler
 .text.SVC_Setup
                0x0800a84c       0x12 ./Middlewares/Third_Party/FreeRTOS/Source/CMSIS_RTOS_V2/cmsis_os2.o
 *fill*         0x0800a85e        0x2 
 .text.osKernelInitialize
                0x0800a860       0x48 ./Middlewares/Third_Party/FreeRTOS/Source/CMSIS_RTOS_V2/cmsis_os2.o
                0x0800a860                osKernelInitialize
 .text.osKernelStart
                0x0800a8a8       0x4c ./Middlewares/Third_Party/FreeRTOS/Source/CMSIS_RTOS_V2/cmsis_os2.o
                0x0800a8a8                osKernelStart
 .text.osThreadNew
                0x0800a8f4      0x124 ./Middlewares/Third_Party/FreeRTOS/Source/CMSIS_RTOS_V2/cmsis_os2.o
                0x0800a8f4                osThreadNew
 .text.osDelay  0x0800aa18       0x36 ./Middlewares/Third_Party/FreeRTOS/Source/CMSIS_RTOS_V2/cmsis_os2.o
                0x0800aa18                osDelay
 *fill*         0x0800aa4e        0x2 
 .text.vApplicationGetIdleTaskMemory
                0x0800aa50       0x34 ./Middlewares/Third_Party/FreeRTOS/Source/CMSIS_RTOS_V2/cmsis_os2.o
                0x0800aa50                vApplicationGetIdleTaskMemory
 .text.vApplicationGetTimerTaskMemory
                0x0800aa84       0x34 ./Middlewares/Third_Party/FreeRTOS/Source/CMSIS_RTOS_V2/cmsis_os2.o
                0x0800aa84                vApplicationGetTimerTaskMemory
 .text.vListInitialise
                0x0800aab8       0x40 ./Middlewares/Third_Party/FreeRTOS/Source/list.o
                0x0800aab8                vListInitialise
 .text.vListInitialiseItem
                0x0800aaf8       0x1a ./Middlewares/Third_Party/FreeRTOS/Source/list.o
                0x0800aaf8                vListInitialiseItem
 .text.vListInsertEnd
                0x0800ab12       0x48 ./Middlewares/Third_Party/FreeRTOS/Source/list.o
                0x0800ab12                vListInsertEnd
 .text.vListInsert
                0x0800ab5a       0x72 ./Middlewares/Third_Party/FreeRTOS/Source/list.o
                0x0800ab5a                vListInsert
 .text.uxListRemove
                0x0800abcc       0x54 ./Middlewares/Third_Party/FreeRTOS/Source/list.o
                0x0800abcc                uxListRemove
 .text.xQueueGenericReset
                0x0800ac20       0xd4 ./Middlewares/Third_Party/FreeRTOS/Source/queue.o
                0x0800ac20                xQueueGenericReset
 .text.xQueueGenericCreateStatic
                0x0800acf4       0xfa ./Middlewares/Third_Party/FreeRTOS/Source/queue.o
                0x0800acf4                xQueueGenericCreateStatic
 .text.prvInitialiseNewQueue
                0x0800adee       0x46 ./Middlewares/Third_Party/FreeRTOS/Source/queue.o
 .text.xQueueGenericSend
                0x0800ae34      0x204 ./Middlewares/Third_Party/FreeRTOS/Source/queue.o
                0x0800ae34                xQueueGenericSend
 .text.xQueueGenericSendFromISR
                0x0800b038      0x13c ./Middlewares/Third_Party/FreeRTOS/Source/queue.o
                0x0800b038                xQueueGenericSendFromISR
 .text.xQueueReceive
                0x0800b174      0x1c4 ./Middlewares/Third_Party/FreeRTOS/Source/queue.o
                0x0800b174                xQueueReceive
 .text.prvCopyDataToQueue
                0x0800b338       0xd4 ./Middlewares/Third_Party/FreeRTOS/Source/queue.o
 .text.prvCopyDataFromQueue
                0x0800b40c       0x4c ./Middlewares/Third_Party/FreeRTOS/Source/queue.o
 .text.prvUnlockQueue
                0x0800b458       0xa4 ./Middlewares/Third_Party/FreeRTOS/Source/queue.o
 .text.prvIsQueueEmpty
                0x0800b4fc       0x2c ./Middlewares/Third_Party/FreeRTOS/Source/queue.o
 .text.prvIsQueueFull
                0x0800b528       0x30 ./Middlewares/Third_Party/FreeRTOS/Source/queue.o
 .text.vQueueAddToRegistry
                0x0800b558       0x54 ./Middlewares/Third_Party/FreeRTOS/Source/queue.o
                0x0800b558                vQueueAddToRegistry
 .text.vQueueWaitForMessageRestricted
                0x0800b5ac       0x68 ./Middlewares/Third_Party/FreeRTOS/Source/queue.o
                0x0800b5ac                vQueueWaitForMessageRestricted
 .text.xTaskCreateStatic
                0x0800b614       0xc0 ./Middlewares/Third_Party/FreeRTOS/Source/tasks.o
                0x0800b614                xTaskCreateStatic
 .text.xTaskCreate
                0x0800b6d4       0x8a ./Middlewares/Third_Party/FreeRTOS/Source/tasks.o
                0x0800b6d4                xTaskCreate
 .text.prvInitialiseNewTask
                0x0800b75e      0x120 ./Middlewares/Third_Party/FreeRTOS/Source/tasks.o
 *fill*         0x0800b87e        0x2 
 .text.prvAddNewTaskToReadyList
                0x0800b880       0xe0 ./Middlewares/Third_Party/FreeRTOS/Source/tasks.o
 .text.vTaskDelay
                0x0800b960       0x6c ./Middlewares/Third_Party/FreeRTOS/Source/tasks.o
                0x0800b960                vTaskDelay
 .text.vTaskStartScheduler
                0x0800b9cc       0xd0 ./Middlewares/Third_Party/FreeRTOS/Source/tasks.o
                0x0800b9cc                vTaskStartScheduler
 .text.vTaskSuspendAll
                0x0800ba9c       0x1c ./Middlewares/Third_Party/FreeRTOS/Source/tasks.o
                0x0800ba9c                vTaskSuspendAll
 .text.xTaskResumeAll
                0x0800bab8      0x13c ./Middlewares/Third_Party/FreeRTOS/Source/tasks.o
                0x0800bab8                xTaskResumeAll
 .text.xTaskGetTickCount
                0x0800bbf4       0x20 ./Middlewares/Third_Party/FreeRTOS/Source/tasks.o
                0x0800bbf4                xTaskGetTickCount
 .text.xTaskIncrementTick
                0x0800bc14      0x174 ./Middlewares/Third_Party/FreeRTOS/Source/tasks.o
                0x0800bc14                xTaskIncrementTick
 .text.vTaskSwitchContext
                0x0800bd88       0xbc ./Middlewares/Third_Party/FreeRTOS/Source/tasks.o
                0x0800bd88                vTaskSwitchContext
 .text.vTaskPlaceOnEventList
                0x0800be44       0x4c ./Middlewares/Third_Party/FreeRTOS/Source/tasks.o
                0x0800be44                vTaskPlaceOnEventList
 .text.vTaskPlaceOnEventListRestricted
                0x0800be90       0x58 ./Middlewares/Third_Party/FreeRTOS/Source/tasks.o
                0x0800be90                vTaskPlaceOnEventListRestricted
 .text.xTaskRemoveFromEventList
                0x0800bee8       0xc8 ./Middlewares/Third_Party/FreeRTOS/Source/tasks.o
                0x0800bee8                xTaskRemoveFromEventList
 .text.vTaskInternalSetTimeOutState
                0x0800bfb0       0x2c ./Middlewares/Third_Party/FreeRTOS/Source/tasks.o
                0x0800bfb0                vTaskInternalSetTimeOutState
 .text.xTaskCheckForTimeOut
                0x0800bfdc       0xc8 ./Middlewares/Third_Party/FreeRTOS/Source/tasks.o
                0x0800bfdc                xTaskCheckForTimeOut
 .text.vTaskMissedYield
                0x0800c0a4       0x18 ./Middlewares/Third_Party/FreeRTOS/Source/tasks.o
                0x0800c0a4                vTaskMissedYield
 .text.prvIdleTask
                0x0800c0bc       0x30 ./Middlewares/Third_Party/FreeRTOS/Source/tasks.o
 .text.prvInitialiseTaskLists
                0x0800c0ec       0x80 ./Middlewares/Third_Party/FreeRTOS/Source/tasks.o
 .text.prvCheckTasksWaitingTermination
                0x0800c16c       0x5c ./Middlewares/Third_Party/FreeRTOS/Source/tasks.o
 .text.prvDeleteTCB
                0x0800c1c8       0x60 ./Middlewares/Third_Party/FreeRTOS/Source/tasks.o
 .text.prvResetNextTaskUnblockTime
                0x0800c228       0x40 ./Middlewares/Third_Party/FreeRTOS/Source/tasks.o
 .text.xTaskGetSchedulerState
                0x0800c268       0x3c ./Middlewares/Third_Party/FreeRTOS/Source/tasks.o
                0x0800c268                xTaskGetSchedulerState
 .text.xTaskPriorityDisinherit
                0x0800c2a4       0xe0 ./Middlewares/Third_Party/FreeRTOS/Source/tasks.o
                0x0800c2a4                xTaskPriorityDisinherit
 .text.prvAddCurrentTaskToDelayedList
                0x0800c384       0xa8 ./Middlewares/Third_Party/FreeRTOS/Source/tasks.o
 .text.xTimerCreateTimerTask
                0x0800c42c       0x94 ./Middlewares/Third_Party/FreeRTOS/Source/timers.o
                0x0800c42c                xTimerCreateTimerTask
 .text.xTimerGenericCommand
                0x0800c4c0       0x9c ./Middlewares/Third_Party/FreeRTOS/Source/timers.o
                0x0800c4c0                xTimerGenericCommand
 .text.prvProcessExpiredTimer
                0x0800c55c       0x9c ./Middlewares/Third_Party/FreeRTOS/Source/timers.o
 .text.prvTimerTask
                0x0800c5f8       0x26 ./Middlewares/Third_Party/FreeRTOS/Source/timers.o
 *fill*         0x0800c61e        0x2 
 .text.prvProcessTimerOrBlockTask
                0x0800c620       0x9c ./Middlewares/Third_Party/FreeRTOS/Source/timers.o
 .text.prvGetNextExpireTime
                0x0800c6bc       0x48 ./Middlewares/Third_Party/FreeRTOS/Source/timers.o
 .text.prvSampleTimeNow
                0x0800c704       0x40 ./Middlewares/Third_Party/FreeRTOS/Source/timers.o
 .text.prvInsertTimerInActiveList
                0x0800c744       0x84 ./Middlewares/Third_Party/FreeRTOS/Source/timers.o
 .text.prvProcessReceivedCommands
                0x0800c7c8      0x1cc ./Middlewares/Third_Party/FreeRTOS/Source/timers.o
 .text.prvSwitchTimerLists
                0x0800c994       0xcc ./Middlewares/Third_Party/FreeRTOS/Source/timers.o
 .text.prvCheckForValidListAndQueue
                0x0800ca60       0x80 ./Middlewares/Third_Party/FreeRTOS/Source/timers.o
 .text.pxPortInitialiseStack
                0x0800cae0       0x68 ./Middlewares/Third_Party/FreeRTOS/Source/portable/GCC/ARM_CM4F/port.o
                0x0800cae0                pxPortInitialiseStack
 .text.prvTaskExitError
                0x0800cb48       0x5c ./Middlewares/Third_Party/FreeRTOS/Source/portable/GCC/ARM_CM4F/port.o
 *fill*         0x0800cba4        0xc 
 .text.SVC_Handler
                0x0800cbb0       0x28 ./Middlewares/Third_Party/FreeRTOS/Source/portable/GCC/ARM_CM4F/port.o
                0x0800cbb0                SVC_Handler
 .text.prvPortStartFirstTask
                0x0800cbd8       0x28 ./Middlewares/Third_Party/FreeRTOS/Source/portable/GCC/ARM_CM4F/port.o
 .text.xPortStartScheduler
                0x0800cc00      0x148 ./Middlewares/Third_Party/FreeRTOS/Source/portable/GCC/ARM_CM4F/port.o
                0x0800cc00                xPortStartScheduler
 .text.vPortEnterCritical
                0x0800cd48       0x64 ./Middlewares/Third_Party/FreeRTOS/Source/portable/GCC/ARM_CM4F/port.o
                0x0800cd48                vPortEnterCritical
 .text.vPortExitCritical
                0x0800cdac       0x54 ./Middlewares/Third_Party/FreeRTOS/Source/portable/GCC/ARM_CM4F/port.o
                0x0800cdac                vPortExitCritical
 .text.PendSV_Handler
                0x0800ce00       0x68 ./Middlewares/Third_Party/FreeRTOS/Source/portable/GCC/ARM_CM4F/port.o
                0x0800ce00                PendSV_Handler
 .text.xPortSysTickHandler
                0x0800ce68       0x44 ./Middlewares/Third_Party/FreeRTOS/Source/portable/GCC/ARM_CM4F/port.o
                0x0800ce68                xPortSysTickHandler
 .text.vPortSetupTimerInterrupt
                0x0800ceac       0x48 ./Middlewares/Third_Party/FreeRTOS/Source/portable/GCC/ARM_CM4F/port.o
                0x0800ceac                vPortSetupTimerInterrupt
 .text.vPortEnableVFP
                0x0800cef4       0x14 ./Middlewares/Third_Party/FreeRTOS/Source/portable/GCC/ARM_CM4F/port.o
 .text.vPortValidateInterruptPriority
                0x0800cf08       0x84 ./Middlewares/Third_Party/FreeRTOS/Source/portable/GCC/ARM_CM4F/port.o
                0x0800cf08                vPortValidateInterruptPriority
 .text.pvPortMalloc
                0x0800cf8c      0x19c ./Middlewares/Third_Party/FreeRTOS/Source/portable/MemMang/heap_4.o
                0x0800cf8c                pvPortMalloc
 .text.vPortFree
                0x0800d128       0xc8 ./Middlewares/Third_Party/FreeRTOS/Source/portable/MemMang/heap_4.o
                0x0800d128                vPortFree
 .text.prvHeapInit
                0x0800d1f0       0xc4 ./Middlewares/Third_Party/FreeRTOS/Source/portable/MemMang/heap_4.o
 .text.prvInsertBlockIntoFreeList
                0x0800d2b4       0xb4 ./Middlewares/Third_Party/FreeRTOS/Source/portable/MemMang/heap_4.o
 .text.memcmp   0x0800d368       0x20 C:/ST/STM32CubeIDE_1.18.1/STM32CubeIDE/plugins/com.st.stm32cube.ide.mcu.externaltools.gnu-tools-for-stm32.13.3.rel1.win32_1.0.0.202411081344/tools/bin/../lib/gcc/arm-none-eabi/13.3.1/../../../../arm-none-eabi/lib/thumb/v7e-m+fp/hard\libc_nano.a(libc_a-memcmp.o)
                0x0800d368                memcmp
 .text.memmove  0x0800d388       0x34 C:/ST/STM32CubeIDE_1.18.1/STM32CubeIDE/plugins/com.st.stm32cube.ide.mcu.externaltools.gnu-tools-for-stm32.13.3.rel1.win32_1.0.0.202411081344/tools/bin/../lib/gcc/arm-none-eabi/13.3.1/../../../../arm-none-eabi/lib/thumb/v7e-m+fp/hard\libc_nano.a(libc_a-memmove.o)
                0x0800d388                memmove
 .text.memset   0x0800d3bc       0x10 C:/ST/STM32CubeIDE_1.18.1/STM32CubeIDE/plugins/com.st.stm32cube.ide.mcu.externaltools.gnu-tools-for-stm32.13.3.rel1.win32_1.0.0.202411081344/tools/bin/../lib/gcc/arm-none-eabi/13.3.1/../../../../arm-none-eabi/lib/thumb/v7e-m+fp/hard\libc_nano.a(libc_a-memset.o)
                0x0800d3bc                memset
 .text.__libc_init_array
                0x0800d3cc       0x48 C:/ST/STM32CubeIDE_1.18.1/STM32CubeIDE/plugins/com.st.stm32cube.ide.mcu.externaltools.gnu-tools-for-stm32.13.3.rel1.win32_1.0.0.202411081344/tools/bin/../lib/gcc/arm-none-eabi/13.3.1/../../../../arm-none-eabi/lib/thumb/v7e-m+fp/hard\libc_nano.a(libc_a-init.o)
                0x0800d3cc                __libc_init_array
 .text.memcpy   0x0800d414       0x1c C:/ST/STM32CubeIDE_1.18.1/STM32CubeIDE/plugins/com.st.stm32cube.ide.mcu.externaltools.gnu-tools-for-stm32.13.3.rel1.win32_1.0.0.202411081344/tools/bin/../lib/gcc/arm-none-eabi/13.3.1/../../../../arm-none-eabi/lib/thumb/v7e-m+fp/hard\libc_nano.a(libc_a-memcpy-stub.o)
                0x0800d414                memcpy
 *(.glue_7)
 .glue_7        0x0800d430        0x0 linker stubs
 *(.glue_7t)
 .glue_7t       0x0800d430        0x0 linker stubs
 *(.eh_frame)
 .eh_frame      0x0800d430        0x0 C:/ST/STM32CubeIDE_1.18.1/STM32CubeIDE/plugins/com.st.stm32cube.ide.mcu.externaltools.gnu-tools-for-stm32.13.3.rel1.win32_1.0.0.202411081344/tools/bin/../lib/gcc/arm-none-eabi/13.3.1/thumb/v7e-m+fp/hard/crtbegin.o
 *(.init)
 .init          0x0800d430        0x4 C:/ST/STM32CubeIDE_1.18.1/STM32CubeIDE/plugins/com.st.stm32cube.ide.mcu.externaltools.gnu-tools-for-stm32.13.3.rel1.win32_1.0.0.202411081344/tools/bin/../lib/gcc/arm-none-eabi/13.3.1/thumb/v7e-m+fp/hard/crti.o
                0x0800d430                _init
 .init          0x0800d434        0x8 C:/ST/STM32CubeIDE_1.18.1/STM32CubeIDE/plugins/com.st.stm32cube.ide.mcu.externaltools.gnu-tools-for-stm32.13.3.rel1.win32_1.0.0.202411081344/tools/bin/../lib/gcc/arm-none-eabi/13.3.1/thumb/v7e-m+fp/hard/crtn.o
 *(.fini)
 .fini          0x0800d43c        0x4 C:/ST/STM32CubeIDE_1.18.1/STM32CubeIDE/plugins/com.st.stm32cube.ide.mcu.externaltools.gnu-tools-for-stm32.13.3.rel1.win32_1.0.0.202411081344/tools/bin/../lib/gcc/arm-none-eabi/13.3.1/thumb/v7e-m+fp/hard/crti.o
                0x0800d43c                _fini
 .fini          0x0800d440        0x8 C:/ST/STM32CubeIDE_1.18.1/STM32CubeIDE/plugins/com.st.stm32cube.ide.mcu.externaltools.gnu-tools-for-stm32.13.3.rel1.win32_1.0.0.202411081344/tools/bin/../lib/gcc/arm-none-eabi/13.3.1/thumb/v7e-m+fp/hard/crtn.o
                0x0800d448                        . = ALIGN (0x4)
                0x0800d448                        _etext = .

.vfp11_veneer   0x0800d448        0x0
 .vfp11_veneer  0x0800d448        0x0 linker stubs

.v4_bx          0x0800d448        0x0
 .v4_bx         0x0800d448        0x0 linker stubs

.iplt           0x0800d448        0x0
 .iplt          0x0800d448        0x0 C:/ST/STM32CubeIDE_1.18.1/STM32CubeIDE/plugins/com.st.stm32cube.ide.mcu.externaltools.gnu-tools-for-stm32.13.3.rel1.win32_1.0.0.202411081344/tools/bin/../lib/gcc/arm-none-eabi/13.3.1/thumb/v7e-m+fp/hard/crtbegin.o

.rodata         0x0800d448      0x1c8
                0x0800d448                        . = ALIGN (0x4)
 *(.rodata)
 .rodata        0x0800d448       0x22 ./Core/Src/app_freertos.o
 *fill*         0x0800d46a        0x2 
 .rodata        0x0800d46c       0x20 ./Core/Src/fdcan/main.o
 .rodata        0x0800d48c       0x17 ./Core/Src/uart/main.o
 *fill*         0x0800d4a3        0x1 
 .rodata        0x0800d4a4        0x5 ./Middlewares/Third_Party/FreeRTOS/Source/tasks.o
 *fill*         0x0800d4a9        0x3 
 .rodata        0x0800d4ac        0xd ./Middlewares/Third_Party/FreeRTOS/Source/timers.o
 *(.rodata*)
 *fill*         0x0800d4b9        0x3 
 .rodata.defaultTask_attributes
                0x0800d4bc       0x24 ./Core/Src/app_freertos.o
                0x0800d4bc                defaultTask_attributes
 .rodata.uartTask_attributes
                0x0800d4e0       0x24 ./Core/Src/app_freertos.o
                0x0800d4e0                uartTask_attributes
 .rodata.motorTask_attributes
                0x0800d504       0x24 ./Core/Src/app_freertos.o
                0x0800d504                motorTask_attributes
 .rodata.AHBPrescTable
                0x0800d528       0x10 ./Core/Src/system_stm32g4xx.o
                0x0800d528                AHBPrescTable
 .rodata.APBPrescTable
                0x0800d538        0x8 ./Core/Src/system_stm32g4xx.o
                0x0800d538                APBPrescTable
 .rodata.SEQUENCE
                0x0800d540       0x12 ./Core/Src/motor/main.o
 *fill*         0x0800d552        0x2 
 .rodata.motor_right_const
                0x0800d554       0x40 ./Core/Src/motor/main.o
 .rodata.motor_left_const
                0x0800d594       0x40 ./Core/Src/motor/main.o
 .rodata.BUTTON_EXTI_LINE.2
                0x0800d5d4        0x4 ./Drivers/BSP/STM32G4xx_Nucleo/stm32g4xx_nucleo.o
 .rodata.DLCtoBytes
                0x0800d5d8       0x10 ./Drivers/STM32G4xx_HAL_Driver/Src/stm32g4xx_hal_fdcan.o
 .rodata.UARTPrescTable
                0x0800d5e8       0x18 ./Drivers/STM32G4xx_HAL_Driver/Src/stm32g4xx_hal_uart.o
                0x0800d5e8                UARTPrescTable
 .rodata.numerator.1
                0x0800d600        0x8 ./Drivers/STM32G4xx_HAL_Driver/Src/stm32g4xx_hal_uart_ex.o
 .rodata.denominator.0
                0x0800d608        0x8 ./Drivers/STM32G4xx_HAL_Driver/Src/stm32g4xx_hal_uart_ex.o
                0x0800d610                        . = ALIGN (0x4)

.ARM.extab      0x0800d610        0x0
                0x0800d610                        . = ALIGN (0x4)
 *(.ARM.extab* .gnu.linkonce.armextab.*)
                0x0800d610                        . = ALIGN (0x4)

.ARM            0x0800d610        0x8
                0x0800d610                        . = ALIGN (0x4)
                0x0800d610                        __exidx_start = .
 *(.ARM.exidx*)
 .ARM.exidx     0x0800d610        0x8 C:/ST/STM32CubeIDE_1.18.1/STM32CubeIDE/plugins/com.st.stm32cube.ide.mcu.externaltools.gnu-tools-for-stm32.13.3.rel1.win32_1.0.0.202411081344/tools/bin/../lib/gcc/arm-none-eabi/13.3.1/thumb/v7e-m+fp/hard\libgcc.a(_udivmoddi4.o)
                0x0800d618                        __exidx_end = .
                0x0800d618                        . = ALIGN (0x4)

.preinit_array  0x0800d618        0x0
                0x0800d618                        . = ALIGN (0x4)
                0x0800d618                        PROVIDE (__preinit_array_start = .)
 *(.preinit_array*)
                0x0800d618                        PROVIDE (__preinit_array_end = .)
                0x0800d618                        . = ALIGN (0x4)

.init_array     0x0800d618        0x4
                0x0800d618                        . = ALIGN (0x4)
                0x0800d618                        PROVIDE (__init_array_start = .)
 *(SORT_BY_NAME(.init_array.*))
 *(.init_array*)
 .init_array    0x0800d618        0x4 C:/ST/STM32CubeIDE_1.18.1/STM32CubeIDE/plugins/com.st.stm32cube.ide.mcu.externaltools.gnu-tools-for-stm32.13.3.rel1.win32_1.0.0.202411081344/tools/bin/../lib/gcc/arm-none-eabi/13.3.1/thumb/v7e-m+fp/hard/crtbegin.o
                0x0800d61c                        PROVIDE (__init_array_end = .)
                0x0800d61c                        . = ALIGN (0x4)

.fini_array     0x0800d61c        0x4
                0x0800d61c                        . = ALIGN (0x4)
                [!provide]                        PROVIDE (__fini_array_start = .)
 *(SORT_BY_NAME(.fini_array.*))
 *(.fini_array*)
 .fini_array    0x0800d61c        0x4 C:/ST/STM32CubeIDE_1.18.1/STM32CubeIDE/plugins/com.st.stm32cube.ide.mcu.externaltools.gnu-tools-for-stm32.13.3.rel1.win32_1.0.0.202411081344/tools/bin/../lib/gcc/arm-none-eabi/13.3.1/thumb/v7e-m+fp/hard/crtbegin.o
                [!provide]                        PROVIDE (__fini_array_end = .)
                0x0800d620                        . = ALIGN (0x4)
                0x0800d620                        _sidata = LOADADDR (.data)

.rel.dyn        0x0800d620        0x0
 .rel.iplt      0x0800d620        0x0 C:/ST/STM32CubeIDE_1.18.1/STM32CubeIDE/plugins/com.st.stm32cube.ide.mcu.externaltools.gnu-tools-for-stm32.13.3.rel1.win32_1.0.0.202411081344/tools/bin/../lib/gcc/arm-none-eabi/13.3.1/thumb/v7e-m+fp/hard/crtbegin.o

.data           0x20000000      0x34c load address 0x0800d620
                0x20000000                        . = ALIGN (0x4)
                0x20000000                        _sdata = .
 *(.data)
 *(.data*)
 .data.SystemCoreClock
                0x20000000        0x4 ./Core/Src/system_stm32g4xx.o
                0x20000000                SystemCoreClock
 .data.TxHeader
                0x20000004       0x24 ./Core/Src/fdcan/main.o
 .data.sys_run_switch
                0x20000028        0x6 ./Core/Src/main/config.o
                0x20000028                sys_run_switch
 *fill*         0x2000002e        0x2 
 .data.error_state
                0x20000030        0x8 ./Core/Src/main/fn_state.o
                0x20000030                error_state
 .data.toggle1  0x20000038        0x1 ./Core/Src/main/it.o
                0x20000038                toggle1
 *fill*         0x20000039        0x3 
 .data.locations_t
                0x2000003c      0x2a8 ./Core/Src/main/map.o
                0x2000003c                locations_t
 .data.hall_magnetic_stripe_value
                0x200002e4        0x4 ./Core/Src/main/vehicle2.o
                0x200002e4                hall_magnetic_stripe_value
 .data.hall_strong_magnet_value
                0x200002e8        0x4 ./Core/Src/main/vehicle2.o
                0x200002e8                hall_strong_magnet_value
 .data.hall_sensor_node
                0x200002ec        0x4 ./Core/Src/main/vehicle2.o
                0x200002ec                hall_sensor_node
 .data.max_speed
                0x200002f0        0x4 ./Core/Src/motor/PI_control.o
                0x200002f0                max_speed
 .data.motor_right
                0x200002f4       0x1c ./Core/Src/motor/main.o
                0x200002f4                motor_right
 .data.motor_left
                0x20000310       0x1c ./Core/Src/motor/main.o
                0x20000310                motor_left
 .data.LED_PORT
                0x2000032c        0x4 ./Drivers/BSP/STM32G4xx_Nucleo/stm32g4xx_nucleo.o
 .data.BUTTON_PORT
                0x20000330        0x4 ./Drivers/BSP/STM32G4xx_Nucleo/stm32g4xx_nucleo.o
 .data.COM_USART
                0x20000334        0x4 ./Drivers/BSP/STM32G4xx_Nucleo/stm32g4xx_nucleo.o
 .data.ButtonCallback.1
                0x20000338        0x4 ./Drivers/BSP/STM32G4xx_Nucleo/stm32g4xx_nucleo.o
 .data.BSP_BUTTON_PRIO.0
                0x2000033c        0x4 ./Drivers/BSP/STM32G4xx_Nucleo/stm32g4xx_nucleo.o
 .data.uwTickPrio
                0x20000340        0x4 ./Drivers/STM32G4xx_HAL_Driver/Src/stm32g4xx_hal.o
                0x20000340                uwTickPrio
 .data.uwTickFreq
                0x20000344        0x4 ./Drivers/STM32G4xx_HAL_Driver/Src/stm32g4xx_hal.o
                0x20000344                uwTickFreq
 .data.uxCriticalNesting
                0x20000348        0x4 ./Middlewares/Third_Party/FreeRTOS/Source/portable/GCC/ARM_CM4F/port.o
 *(.RamFunc)
 *(.RamFunc*)
                0x2000034c                        . = ALIGN (0x4)
                0x2000034c                        _edata = .

.igot.plt       0x2000034c        0x0 load address 0x0800d96c
 .igot.plt      0x2000034c        0x0 C:/ST/STM32CubeIDE_1.18.1/STM32CubeIDE/plugins/com.st.stm32cube.ide.mcu.externaltools.gnu-tools-for-stm32.13.3.rel1.win32_1.0.0.202411081344/tools/bin/../lib/gcc/arm-none-eabi/13.3.1/thumb/v7e-m+fp/hard/crtbegin.o
                0x2000034c                        . = ALIGN (0x4)

.bss            0x2000034c     0x234c load address 0x0800d96c
                0x2000034c                        _sbss = .
                0x2000034c                        __bss_start__ = _sbss
 *(.bss)
 .bss           0x2000034c       0x1c C:/ST/STM32CubeIDE_1.18.1/STM32CubeIDE/plugins/com.st.stm32cube.ide.mcu.externaltools.gnu-tools-for-stm32.13.3.rel1.win32_1.0.0.202411081344/tools/bin/../lib/gcc/arm-none-eabi/13.3.1/thumb/v7e-m+fp/hard/crtbegin.o
 *(.bss*)
 .bss.hadc1     0x20000368       0x6c ./Core/Src/adc.o
                0x20000368                hadc1
 .bss.hdma_adc1
                0x200003d4       0x60 ./Core/Src/adc.o
                0x200003d4                hdma_adc1
 .bss.defaultTaskHandle
                0x20000434        0x4 ./Core/Src/app_freertos.o
                0x20000434                defaultTaskHandle
 .bss.uartTaskHandle
                0x20000438        0x4 ./Core/Src/app_freertos.o
                0x20000438                uartTaskHandle
 .bss.motorTaskHandle
                0x2000043c        0x4 ./Core/Src/app_freertos.o
                0x2000043c                motorTaskHandle
 .bss.hfdcan1   0x20000440       0x64 ./Core/Src/fdcan.o
                0x20000440                hfdcan1
 .bss.BspCOMInit
                0x200004a4       0x10 ./Core/Src/main.o
                0x200004a4                BspCOMInit
 .bss.htim6     0x200004b4       0x4c ./Core/Src/stm32g4xx_hal_timebase_tim.o
                0x200004b4                htim6
 .bss.htim1     0x20000500       0x4c ./Core/Src/tim.o
                0x20000500                htim1
 .bss.htim2     0x2000054c       0x4c ./Core/Src/tim.o
                0x2000054c                htim2
 .bss.htim3     0x20000598       0x4c ./Core/Src/tim.o
                0x20000598                htim3
 .bss.huart3    0x200005e4       0x94 ./Core/Src/usart.o
                0x200005e4                huart3
 .bss.hdma_usart3_rx
                0x20000678       0x60 ./Core/Src/usart.o
                0x20000678                hdma_usart3_rx
 .bss.hdma_usart3_tx
                0x200006d8       0x60 ./Core/Src/usart.o
                0x200006d8                hdma_usart3_tx
 .bss.RxHeader  0x20000738       0x28 ./Core/Src/fdcan/main.o
 .bss.RxData    0x20000760        0xe ./Core/Src/fdcan/main.o
                0x20000760                RxData
 *fill*         0x2000076e        0x2 
 .bss.TxData    0x20000770        0xe ./Core/Src/fdcan/main.o
                0x20000770                TxData
 *fill*         0x2000077e        0x2 
 .bss.ADC_Values
                0x20000780       0x14 ./Core/Src/main/adc.o
 .bss.temp_time1
                0x20000794        0x4 ./Core/Src/main/it.o
                0x20000794                temp_time1
 .bss.temp_time2
                0x20000798        0x4 ./Core/Src/main/it.o
                0x20000798                temp_time2
 .bss.toggle2   0x2000079c        0x1 ./Core/Src/main/it.o
                0x2000079c                toggle2
 *fill*         0x2000079d        0x3 
 .bss.user_sys_tick
                0x200007a0        0x4 ./Core/Src/main/main.o
                0x200007a0                user_sys_tick
 .bss.text_end  0x200007a4        0x4 ./Core/Src/main/main.o
                0x200007a4                text_end
 .bss.graph     0x200007a8      0x190 ./Core/Src/main/map.o
                0x200007a8                graph
 .bss.path      0x20000938      0x190 ./Core/Src/main/map.o
                0x20000938                path
 .bss.final_node_count
                0x20000ac8        0x1 ./Core/Src/main/map.o
                0x20000ac8                final_node_count
 *fill*         0x20000ac9        0x3 
 .bss.map_data  0x20000acc       0x2c ./Core/Src/main/map.o
                0x20000acc                map_data
 .bss.rotate_direction_mode
                0x20000af8        0x1 ./Core/Src/main/vehicle.o
                0x20000af8                rotate_direction_mode
 *fill*         0x20000af9        0x3 
 .bss.hall_sensor_direction
                0x20000afc        0x4 ./Core/Src/main/vehicle2.o
                0x20000afc                hall_sensor_direction
 .bss.text_count_until_zero
                0x20000b00        0x1 ./Core/Src/main/vehicle2.o
                0x20000b00                text_count_until_zero
 *fill*         0x20000b01        0x3 
 .bss.setpoint  0x20000b04        0x4 ./Core/Src/motor/PI_control.o
                0x20000b04                setpoint
 .bss.real_speed
                0x20000b08        0x4 ./Core/Src/motor/main.o
                0x20000b08                real_speed
 .bss.uart_dma_tr_buf
                0x20000b0c        0xe ./Core/Src/uart/main.o
                0x20000b0c                uart_dma_tr_buf
 *fill*         0x20000b1a        0x2 
 .bss.uart_dma_rv_buf
                0x20000b1c        0xe ./Core/Src/uart/main.o
                0x20000b1c                uart_dma_rv_buf
 *fill*         0x20000b2a        0x2 
 .bss.uart_tr_pkt_buf
                0x20000b2c       0xb6 ./Core/Src/uart/main.o
                0x20000b2c                uart_tr_pkt_buf
 *fill*         0x20000be2        0x2 
 .bss.uart_rv_pkt_buf
                0x20000be4       0xb6 ./Core/Src/uart/main.o
                0x20000be4                uart_rv_pkt_buf
 *fill*         0x20000c9a        0x2 
 .bss.transceive_flags
                0x20000c9c        0x2 ./Core/Src/uart/main.o
                0x20000c9c                transceive_flags
 *fill*         0x20000c9e        0x2 
 .bss.f32_test  0x20000ca0        0x4 ./Core/Src/uart/main.o
                0x20000ca0                f32_test
 .bss.u16_test  0x20000ca4        0x2 ./Core/Src/uart/main.o
                0x20000ca4                u16_test
 *fill*         0x20000ca6        0x2 
 .bss.hpb_exti  0x20000ca8        0x8 ./Drivers/BSP/STM32G4xx_Nucleo/stm32g4xx_nucleo.o
                0x20000ca8                hpb_exti
 .bss.hcom_uart
                0x20000cb0       0x94 ./Drivers/BSP/STM32G4xx_Nucleo/stm32g4xx_nucleo.o
                0x20000cb0                hcom_uart
 .bss.uwTick    0x20000d44        0x4 ./Drivers/STM32G4xx_HAL_Driver/Src/stm32g4xx_hal.o
                0x20000d44                uwTick
 .bss.KernelState
                0x20000d48        0x4 ./Middlewares/Third_Party/FreeRTOS/Source/CMSIS_RTOS_V2/cmsis_os2.o
 .bss.Idle_TCB.3
                0x20000d4c       0x5c ./Middlewares/Third_Party/FreeRTOS/Source/CMSIS_RTOS_V2/cmsis_os2.o
 .bss.Idle_Stack.2
                0x20000da8      0x200 ./Middlewares/Third_Party/FreeRTOS/Source/CMSIS_RTOS_V2/cmsis_os2.o
 .bss.Timer_TCB.1
                0x20000fa8       0x5c ./Middlewares/Third_Party/FreeRTOS/Source/CMSIS_RTOS_V2/cmsis_os2.o
 .bss.Timer_Stack.0
                0x20001004      0x400 ./Middlewares/Third_Party/FreeRTOS/Source/CMSIS_RTOS_V2/cmsis_os2.o
 .bss.xQueueRegistry
                0x20001404       0x40 ./Middlewares/Third_Party/FreeRTOS/Source/queue.o
                0x20001404                xQueueRegistry
 .bss.pxCurrentTCB
                0x20001444        0x4 ./Middlewares/Third_Party/FreeRTOS/Source/tasks.o
                0x20001444                pxCurrentTCB
 .bss.pxReadyTasksLists
                0x20001448      0x460 ./Middlewares/Third_Party/FreeRTOS/Source/tasks.o
 .bss.xDelayedTaskList1
                0x200018a8       0x14 ./Middlewares/Third_Party/FreeRTOS/Source/tasks.o
 .bss.xDelayedTaskList2
                0x200018bc       0x14 ./Middlewares/Third_Party/FreeRTOS/Source/tasks.o
 .bss.pxDelayedTaskList
                0x200018d0        0x4 ./Middlewares/Third_Party/FreeRTOS/Source/tasks.o
 .bss.pxOverflowDelayedTaskList
                0x200018d4        0x4 ./Middlewares/Third_Party/FreeRTOS/Source/tasks.o
 .bss.xPendingReadyList
                0x200018d8       0x14 ./Middlewares/Third_Party/FreeRTOS/Source/tasks.o
 .bss.xTasksWaitingTermination
                0x200018ec       0x14 ./Middlewares/Third_Party/FreeRTOS/Source/tasks.o
 .bss.uxDeletedTasksWaitingCleanUp
                0x20001900        0x4 ./Middlewares/Third_Party/FreeRTOS/Source/tasks.o
 .bss.xSuspendedTaskList
                0x20001904       0x14 ./Middlewares/Third_Party/FreeRTOS/Source/tasks.o
 .bss.uxCurrentNumberOfTasks
                0x20001918        0x4 ./Middlewares/Third_Party/FreeRTOS/Source/tasks.o
 .bss.xTickCount
                0x2000191c        0x4 ./Middlewares/Third_Party/FreeRTOS/Source/tasks.o
 .bss.uxTopReadyPriority
                0x20001920        0x4 ./Middlewares/Third_Party/FreeRTOS/Source/tasks.o
 .bss.xSchedulerRunning
                0x20001924        0x4 ./Middlewares/Third_Party/FreeRTOS/Source/tasks.o
 .bss.xPendedTicks
                0x20001928        0x4 ./Middlewares/Third_Party/FreeRTOS/Source/tasks.o
 .bss.xYieldPending
                0x2000192c        0x4 ./Middlewares/Third_Party/FreeRTOS/Source/tasks.o
 .bss.xNumOfOverflows
                0x20001930        0x4 ./Middlewares/Third_Party/FreeRTOS/Source/tasks.o
 .bss.uxTaskNumber
                0x20001934        0x4 ./Middlewares/Third_Party/FreeRTOS/Source/tasks.o
 .bss.xNextTaskUnblockTime
                0x20001938        0x4 ./Middlewares/Third_Party/FreeRTOS/Source/tasks.o
 .bss.xIdleTaskHandle
                0x2000193c        0x4 ./Middlewares/Third_Party/FreeRTOS/Source/tasks.o
 .bss.uxSchedulerSuspended
                0x20001940        0x4 ./Middlewares/Third_Party/FreeRTOS/Source/tasks.o
 .bss.xActiveTimerList1
                0x20001944       0x14 ./Middlewares/Third_Party/FreeRTOS/Source/timers.o
 .bss.xActiveTimerList2
                0x20001958       0x14 ./Middlewares/Third_Party/FreeRTOS/Source/timers.o
 .bss.pxCurrentTimerList
                0x2000196c        0x4 ./Middlewares/Third_Party/FreeRTOS/Source/timers.o
 .bss.pxOverflowTimerList
                0x20001970        0x4 ./Middlewares/Third_Party/FreeRTOS/Source/timers.o
 .bss.xTimerQueue
                0x20001974        0x4 ./Middlewares/Third_Party/FreeRTOS/Source/timers.o
 .bss.xTimerTaskHandle
                0x20001978        0x4 ./Middlewares/Third_Party/FreeRTOS/Source/timers.o
 .bss.xLastTime.2
                0x2000197c        0x4 ./Middlewares/Third_Party/FreeRTOS/Source/timers.o
 .bss.ucStaticTimerQueueStorage.1
                0x20001980       0xa0 ./Middlewares/Third_Party/FreeRTOS/Source/timers.o
 .bss.xStaticTimerQueue.0
                0x20001a20       0x50 ./Middlewares/Third_Party/FreeRTOS/Source/timers.o
 .bss.ucMaxSysCallPriority
                0x20001a70        0x1 ./Middlewares/Third_Party/FreeRTOS/Source/portable/GCC/ARM_CM4F/port.o
 *fill*         0x20001a71        0x3 
 .bss.ulMaxPRIGROUPValue
                0x20001a74        0x4 ./Middlewares/Third_Party/FreeRTOS/Source/portable/GCC/ARM_CM4F/port.o
 .bss.ucHeap    0x20001a78      0xc00 ./Middlewares/Third_Party/FreeRTOS/Source/portable/MemMang/heap_4.o
 .bss.xStart    0x20002678        0x8 ./Middlewares/Third_Party/FreeRTOS/Source/portable/MemMang/heap_4.o
 .bss.pxEnd     0x20002680        0x4 ./Middlewares/Third_Party/FreeRTOS/Source/portable/MemMang/heap_4.o
 .bss.xFreeBytesRemaining
                0x20002684        0x4 ./Middlewares/Third_Party/FreeRTOS/Source/portable/MemMang/heap_4.o
 .bss.xMinimumEverFreeBytesRemaining
                0x20002688        0x4 ./Middlewares/Third_Party/FreeRTOS/Source/portable/MemMang/heap_4.o
 .bss.xNumberOfSuccessfulAllocations
                0x2000268c        0x4 ./Middlewares/Third_Party/FreeRTOS/Source/portable/MemMang/heap_4.o
 .bss.xNumberOfSuccessfulFrees
                0x20002690        0x4 ./Middlewares/Third_Party/FreeRTOS/Source/portable/MemMang/heap_4.o
 .bss.xBlockAllocatedBit
                0x20002694        0x4 ./Middlewares/Third_Party/FreeRTOS/Source/portable/MemMang/heap_4.o
 *(COMMON)
                0x20002698                        . = ALIGN (0x4)
                0x20002698                        _ebss = .
                0x20002698                        __bss_end__ = _ebss

._user_heap_stack
                0x20002698      0x600 load address 0x0800d96c
                0x20002698                        . = ALIGN (0x8)
                [!provide]                        PROVIDE (end = .)
                0x20002698                        PROVIDE (_end = .)
                0x20002898                        . = (. + _Min_Heap_Size)
 *fill*         0x20002698      0x200 
                0x20002c98                        . = (. + _Min_Stack_Size)
 *fill*         0x20002898      0x400 
                0x20002c98                        . = ALIGN (0x8)

/DISCARD/
 libc.a(*)
 libm.a(*)
 libgcc.a(*)

.ARM.attributes
                0x00000000       0x30
 *(.ARM.attributes)
 .ARM.attributes
                0x00000000       0x22 C:/ST/STM32CubeIDE_1.18.1/STM32CubeIDE/plugins/com.st.stm32cube.ide.mcu.externaltools.gnu-tools-for-stm32.13.3.rel1.win32_1.0.0.202411081344/tools/bin/../lib/gcc/arm-none-eabi/13.3.1/thumb/v7e-m+fp/hard/crti.o
 .ARM.attributes
                0x00000022       0x34 C:/ST/STM32CubeIDE_1.18.1/STM32CubeIDE/plugins/com.st.stm32cube.ide.mcu.externaltools.gnu-tools-for-stm32.13.3.rel1.win32_1.0.0.202411081344/tools/bin/../lib/gcc/arm-none-eabi/13.3.1/thumb/v7e-m+fp/hard/crtbegin.o
 .ARM.attributes
                0x00000056       0x34 ./Core/Src/adc.o
 .ARM.attributes
                0x0000008a       0x34 ./Core/Src/app_freertos.o
 .ARM.attributes
                0x000000be       0x34 ./Core/Src/dma.o
 .ARM.attributes
                0x000000f2       0x34 ./Core/Src/fdcan.o
 .ARM.attributes
                0x00000126       0x34 ./Core/Src/gpio.o
 .ARM.attributes
                0x0000015a       0x34 ./Core/Src/main.o
 .ARM.attributes
                0x0000018e       0x34 ./Core/Src/stm32g4xx_hal_msp.o
 .ARM.attributes
                0x000001c2       0x34 ./Core/Src/stm32g4xx_hal_timebase_tim.o
 .ARM.attributes
                0x000001f6       0x34 ./Core/Src/stm32g4xx_it.o
 .ARM.attributes
                0x0000022a       0x34 ./Core/Src/system_stm32g4xx.o
 .ARM.attributes
                0x0000025e       0x34 ./Core/Src/tim.o
 .ARM.attributes
                0x00000292       0x34 ./Core/Src/usart.o
 .ARM.attributes
                0x000002c6       0x34 ./Core/Src/fdcan/main.o
 .ARM.attributes
                0x000002fa       0x34 ./Core/Src/main/adc.o
 .ARM.attributes
                0x0000032e       0x34 ./Core/Src/main/config.o
 .ARM.attributes
                0x00000362       0x34 ./Core/Src/main/fn_state.o
 .ARM.attributes
                0x00000396       0x34 ./Core/Src/main/it.o
 .ARM.attributes
                0x000003ca       0x34 ./Core/Src/main/main.o
 .ARM.attributes
                0x000003fe       0x34 ./Core/Src/main/map.o
 .ARM.attributes
                0x00000432       0x34 ./Core/Src/main/vec.o
 .ARM.attributes
                0x00000466       0x34 ./Core/Src/main/vehicle.o
 .ARM.attributes
                0x0000049a       0x34 ./Core/Src/main/vehicle2.o
 .ARM.attributes