Archive member included to satisfy reference by file (symbol)

C:/ST/STM32CubeIDE_1.18.1/STM32CubeIDE/plugins/com.st.stm32cube.ide.mcu.externaltools.gnu-tools-for-stm32.13.3.rel1.win32_1.0.0.202411081344/tools/bin/../lib/gcc/arm-none-eabi/13.3.1/../../../../arm-none-eabi/lib/thumb/v7e-m+fp/hard\libc_nano.a(libc_a-exit.o)
                              C:/ST/STM32CubeIDE_1.18.1/STM32CubeIDE/plugins/com.st.stm32cube.ide.mcu.externaltools.gnu-tools-for-stm32.13.3.rel1.win32_1.0.0.202411081344/tools/bin/../lib/gcc/arm-none-eabi/13.3.1/../../../../arm-none-eabi/lib/thumb/v7e-m+fp/hard/crt0.o (exit)
C:/ST/STM32CubeIDE_1.18.1/STM32CubeIDE/plugins/com.st.stm32cube.ide.mcu.externaltools.gnu-tools-for-stm32.13.3.rel1.win32_1.0.0.202411081344/tools/bin/../lib/gcc/arm-none-eabi/13.3.1/../../../../arm-none-eabi/lib/thumb/v7e-m+fp/hard\libc_nano.a(libc_a-malloc.o)
                              ./Core/Src/main/vec.o (malloc)
C:/ST/STM32CubeIDE_1.18.1/STM32CubeIDE/plugins/com.st.stm32cube.ide.mcu.externaltools.gnu-tools-for-stm32.13.3.rel1.win32_1.0.0.202411081344/tools/bin/../lib/gcc/arm-none-eabi/13.3.1/../../../../arm-none-eabi/lib/thumb/v7e-m+fp/hard\libc_nano.a(libc_a-mallocr.o)
                              C:/ST/STM32CubeIDE_1.18.1/STM32CubeIDE/plugins/com.st.stm32cube.ide.mcu.externaltools.gnu-tools-for-stm32.13.3.rel1.win32_1.0.0.202411081344/tools/bin/../lib/gcc/arm-none-eabi/13.3.1/../../../../arm-none-eabi/lib/thumb/v7e-m+fp/hard\libc_nano.a(libc_a-malloc.o) (_malloc_r)
C:/ST/STM32CubeIDE_1.18.1/STM32CubeIDE/plugins/com.st.stm32cube.ide.mcu.externaltools.gnu-tools-for-stm32.13.3.rel1.win32_1.0.0.202411081344/tools/bin/../lib/gcc/arm-none-eabi/13.3.1/../../../../arm-none-eabi/lib/thumb/v7e-m+fp/hard\libc_nano.a(libc_a-mlock.o)
                              C:/ST/STM32CubeIDE_1.18.1/STM32CubeIDE/plugins/com.st.stm32cube.ide.mcu.externaltools.gnu-tools-for-stm32.13.3.rel1.win32_1.0.0.202411081344/tools/bin/../lib/gcc/arm-none-eabi/13.3.1/../../../../arm-none-eabi/lib/thumb/v7e-m+fp/hard\libc_nano.a(libc_a-mallocr.o) (__malloc_lock)
C:/ST/STM32CubeIDE_1.18.1/STM32CubeIDE/plugins/com.st.stm32cube.ide.mcu.externaltools.gnu-tools-for-stm32.13.3.rel1.win32_1.0.0.202411081344/tools/bin/../lib/gcc/arm-none-eabi/13.3.1/../../../../arm-none-eabi/lib/thumb/v7e-m+fp/hard\libc_nano.a(libc_a-findfp.o)
                              C:/ST/STM32CubeIDE_1.18.1/STM32CubeIDE/plugins/com.st.stm32cube.ide.mcu.externaltools.gnu-tools-for-stm32.13.3.rel1.win32_1.0.0.202411081344/tools/bin/../lib/gcc/arm-none-eabi/13.3.1/../../../../arm-none-eabi/lib/thumb/v7e-m+fp/hard\libc_nano.a(libc_a-exit.o) (__stdio_exit_handler)
C:/ST/STM32CubeIDE_1.18.1/STM32CubeIDE/plugins/com.st.stm32cube.ide.mcu.externaltools.gnu-tools-for-stm32.13.3.rel1.win32_1.0.0.202411081344/tools/bin/../lib/gcc/arm-none-eabi/13.3.1/../../../../arm-none-eabi/lib/thumb/v7e-m+fp/hard\libc_nano.a(libc_a-fwalk.o)
                              C:/ST/STM32CubeIDE_1.18.1/STM32CubeIDE/plugins/com.st.stm32cube.ide.mcu.externaltools.gnu-tools-for-stm32.13.3.rel1.win32_1.0.0.202411081344/tools/bin/../lib/gcc/arm-none-eabi/13.3.1/../../../../arm-none-eabi/lib/thumb/v7e-m+fp/hard\libc_nano.a(libc_a-findfp.o) (_fwalk_sglue)
C:/ST/STM32CubeIDE_1.18.1/STM32CubeIDE/plugins/com.st.stm32cube.ide.mcu.externaltools.gnu-tools-for-stm32.13.3.rel1.win32_1.0.0.202411081344/tools/bin/../lib/gcc/arm-none-eabi/13.3.1/../../../../arm-none-eabi/lib/thumb/v7e-m+fp/hard\libc_nano.a(libc_a-stdio.o)
                              C:/ST/STM32CubeIDE_1.18.1/STM32CubeIDE/plugins/com.st.stm32cube.ide.mcu.externaltools.gnu-tools-for-stm32.13.3.rel1.win32_1.0.0.202411081344/tools/bin/../lib/gcc/arm-none-eabi/13.3.1/../../../../arm-none-eabi/lib/thumb/v7e-m+fp/hard\libc_nano.a(libc_a-findfp.o) (__sread)
C:/ST/STM32CubeIDE_1.18.1/STM32CubeIDE/plugins/com.st.stm32cube.ide.mcu.externaltools.gnu-tools-for-stm32.13.3.rel1.win32_1.0.0.202411081344/tools/bin/../lib/gcc/arm-none-eabi/13.3.1/../../../../arm-none-eabi/lib/thumb/v7e-m+fp/hard\libc_nano.a(libc_a-memcmp.o)
                              ./Core/Src/main/vec.o (memcmp)
C:/ST/STM32CubeIDE_1.18.1/STM32CubeIDE/plugins/com.st.stm32cube.ide.mcu.externaltools.gnu-tools-for-stm32.13.3.rel1.win32_1.0.0.202411081344/tools/bin/../lib/gcc/arm-none-eabi/13.3.1/../../../../arm-none-eabi/lib/thumb/v7e-m+fp/hard\libc_nano.a(libc_a-memmove.o)
                              ./Core/Src/main/vec.o (memmove)
C:/ST/STM32CubeIDE_1.18.1/STM32CubeIDE/plugins/com.st.stm32cube.ide.mcu.externaltools.gnu-tools-for-stm32.13.3.rel1.win32_1.0.0.202411081344/tools/bin/../lib/gcc/arm-none-eabi/13.3.1/../../../../arm-none-eabi/lib/thumb/v7e-m+fp/hard\libc_nano.a(libc_a-memset.o)
                              C:/ST/STM32CubeIDE_1.18.1/STM32CubeIDE/plugins/com.st.stm32cube.ide.mcu.externaltools.gnu-tools-for-stm32.13.3.rel1.win32_1.0.0.202411081344/tools/bin/../lib/gcc/arm-none-eabi/13.3.1/../../../../arm-none-eabi/lib/thumb/v7e-m+fp/hard/crt0.o (memset)
[...]
Memory Configuration

Name             Origin             Length             Attributes
RAM              0x20000000         0x00008000         xrw
FLASH            0x08000000         0x00020000         xr
*default*        0x00000000         0xffffffff

Linker script and memory map

LOAD C:/ST/STM32CubeIDE_1.18.1/STM32CubeIDE/plugins/com.st.stm32cube.ide.mcu.externaltools.gnu-tools-for-stm32.13.3.rel1.win32_1.0.0.202411081344/tools/bin/../lib/gcc/arm-none-eabi/13.3.1/thumb/v7e-m+fp/hard/crti.o
LOAD C:/ST/STM32CubeIDE_1.18.1/STM32CubeIDE/plugins/com.st.stm32cube.ide.mcu.externaltools.gnu-tools-for-stm32.13.3.rel1.win32_1.0.0.202411081344/tools/bin/../lib/gcc/arm-none-eabi/13.3.1/thumb/v7e-m+fp/hard/crtbegin.o
LOAD C:/ST/STM32CubeIDE_1.18.1/STM32CubeIDE/plugins/com.st.stm32cube.ide.mcu.externaltools.gnu-tools-for-stm32.13.3.rel1.win32_1.0.0.202411081344/tools/bin/../lib/gcc/arm-none-eabi/13.3.1/../../../../arm-none-eabi/lib/thumb/v7e-m+fp/hard/crt0.o
LOAD ./Core/Src/adc.o
LOAD ./Core/Src/app_freertos.o
LOAD ./Core/Src/dma.o
LOAD ./Core/Src/fdcan.o
LOAD ./Core/Src/gpio.o
LOAD ./Core/Src/main.o
LOAD ./Core/Src/stm32g4xx_hal_msp.o
LOAD ./Core/Src/stm32g4xx_hal_timebase_tim.o
LOAD ./Core/Src/stm32g4xx_it.o
LOAD ./Core/Src/syscalls.o
LOAD ./Core/Src/sysmem.o
LOAD ./Core/Src/system_stm32g4xx.o
LOAD ./Core/Src/tim.o
LOAD ./Core/Src/usart.o
LOAD ./Core/Src/fdcan/main.o
LOAD ./Core/Src/fdcan/trcv_buffer.o
LOAD ./Core/Src/freeRTOS/main.o
LOAD ./Core/Src/main/adc.o
LOAD ./Core/Src/main/config.o
LOAD ./Core/Src/main/fn_state.o
LOAD ./Core/Src/main/it.o
LOAD ./Core/Src/main/main.o
LOAD ./Core/Src/main/map.o
LOAD ./Core/Src/main/vec.o
LOAD ./Core/Src/main/vehicle.o
LOAD ./Core/Src/main/vehicle2.o
LOAD ./Core/Src/motor/PI_control.o
LOAD ./Core/Src/motor/main.o
LOAD ./Core/Src/uart/main.o
LOAD ./Core/Src/uart/trcv_buffer.o
LOAD ./Core/Startup/startup_stm32g431rbtx.o
LOAD ./Drivers/BSP/STM32G4xx_Nucleo/stm32g4xx_nucleo.o
LOAD ./Drivers/STM32G4xx_HAL_Driver/Src/stm32g4xx_hal.o
LOAD ./Drivers/STM32G4xx_HAL_Driver/Src/stm32g4xx_hal_adc.o
LOAD ./Drivers/STM32G4xx_HAL_Driver/Src/stm32g4xx_hal_adc_ex.o
LOAD ./Drivers/STM32G4xx_HAL_Driver/Src/stm32g4xx_hal_cortex.o
LOAD ./Drivers/STM32G4xx_HAL_Driver/Src/stm32g4xx_hal_dma.o
LOAD ./Drivers/STM32G4xx_HAL_Driver/Src/stm32g4xx_hal_dma_ex.o
LOAD ./Drivers/STM32G4xx_HAL_Driver/Src/stm32g4xx_hal_exti.o
LOAD ./Drivers/STM32G4xx_HAL_Driver/Src/stm32g4xx_hal_fdcan.o
LOAD ./Drivers/STM32G4xx_HAL_Driver/Src/stm32g4xx_hal_flash.o
LOAD ./Drivers/STM32G4xx_HAL_Driver/Src/stm32g4xx_hal_flash_ex.o
LOAD ./Drivers/STM32G4xx_HAL_Driver/Src/stm32g4xx_hal_flash_ramfunc.o
LOAD ./Drivers/STM32G4xx_HAL_Driver/Src/stm32g4xx_hal_gpio.o
LOAD ./Drivers/STM32G4xx_HAL_Driver/Src/stm32g4xx_hal_pwr.o
LOAD ./Drivers/STM32G4xx_HAL_Driver/Src/stm32g4xx_hal_pwr_ex.o
LOAD ./Drivers/STM32G4xx_HAL_Driver/Src/stm32g4xx_hal_rcc.o
LOAD ./Drivers/STM32G4xx_HAL_Driver/Src/stm32g4xx_hal_rcc_ex.o
LOAD ./Drivers/STM32G4xx_HAL_Driver/Src/stm32g4xx_hal_tim.o
LOAD ./Drivers/STM32G4xx_HAL_Driver/Src/stm32g4xx_hal_tim_ex.o
LOAD ./Drivers/STM32G4xx_HAL_Driver/Src/stm32g4xx_hal_uart.o
LOAD ./Drivers/STM32G4xx_HAL_Driver/Src/stm32g4xx_hal_uart_ex.o
LOAD ./Drivers/STM32G4xx_HAL_Driver/Src/stm32g4xx_hal_usart.o
LOAD ./Drivers/STM32G4xx_HAL_Driver/Src/stm32g4xx_hal_usart_ex.o
LOAD ./Drivers/STM32G4xx_HAL_Driver/Src/stm32g4xx_ll_adc.o
LOAD ./Middlewares/Third_Party/FreeRTOS/Source/CMSIS_RTOS_V2/cmsis_os2.o
LOAD ./Middlewares/Third_Party/FreeRTOS/Source/croutine.o
LOAD ./Middlewares/Third_Party/FreeRTOS/Source/event_groups.o
LOAD ./Middlewares/Third_Party/FreeRTOS/Source/list.o
LOAD ./Middlewares/Third_Party/FreeRTOS/Source/queue.o
LOAD ./Middlewares/Third_Party/FreeRTOS/Source/stream_buffer.o
LOAD ./Middlewares/Third_Party/FreeRTOS/Source/tasks.o
LOAD ./Middlewares/Third_Party/FreeRTOS/Source/timers.o
LOAD ./Middlewares/Third_Party/FreeRTOS/Source/portable/GCC/ARM_CM4F/port.o
LOAD ./Middlewares/Third_Party/FreeRTOS/Source/portable/MemMang/heap_4.o
START GROUP
LOAD C:/ST/STM32CubeIDE_1.18.1/STM32CubeIDE/plugins/com.st.stm32cube.ide.mcu.externaltools.gnu-tools-for-stm32.13.3.rel1.win32_1.0.0.202411081344/tools/bin/../lib/gcc/arm-none-eabi/13.3.1/../../../../arm-none-eabi/lib/thumb/v7e-m+fp/hard\libc_nano.a
LOAD C:/ST/STM32CubeIDE_1.18.1/STM32CubeIDE/plugins/com.st.stm32cube.ide.mcu.externaltools.gnu-tools-for-stm32.13.3.rel1.win32_1.0.0.202411081344/tools/bin/../lib/gcc/arm-none-eabi/13.3.1/../../../../arm-none-eabi/lib/thumb/v7e-m+fp/hard\libm.a
END GROUP
START GROUP
LOAD C:/ST/STM32CubeIDE_1.18.1/STM32CubeIDE/plugins/com.st.stm32cube.ide.mcu.externaltools.gnu-tools-for-stm32.13.3.rel1.win32_1.0.0.202411081344/tools/bin/../lib/gcc/arm-none-eabi/13.3.1/thumb/v7e-m+fp/hard\libgcc.a
LOAD C:/ST/STM32CubeIDE_1.18.1/STM32CubeIDE/plugins/com.st.stm32cube.ide.mcu.externaltools.gnu-tools-for-stm32.13.3.rel1.win32_1.0.0.202411081344/tools/bin/../lib/gcc/arm-none-eabi/13.3.1/../../../../arm-none-eabi/lib/thumb/v7e-m+fp/hard\libc_nano.a
END GROUP
START GROUP
LOAD C:/ST/STM32CubeIDE_1.18.1/STM32CubeIDE/plugins/com.st.stm32cube.ide.mcu.externaltools.gnu-tools-for-stm32.13.3.rel1.win32_1.0.0.202411081344/tools/bin/../lib/gcc/arm-none-eabi/13.3.1/thumb/v7e-m+fp/hard\libgcc.a
LOAD C:/ST/STM32CubeIDE_1.18.1/STM32CubeIDE/plugins/com.st.stm32cube.ide.mcu.externaltools.gnu-tools-for-stm32.13.3.rel1.win32_1.0.0.202411081344/tools/bin/../lib/gcc/arm-none-eabi/13.3.1/../../../../arm-none-eabi/lib/thumb/v7e-m+fp/hard\libc_nano.a
LOAD C:/ST/STM32CubeIDE_1.18.1/STM32CubeIDE/plugins/com.st.stm32cube.ide.mcu.externaltools.gnu-tools-for-stm32.13.3.rel1.win32_1.0.0.202411081344/tools/bin/../lib/gcc/arm-none-eabi/13.3.1/../../../../arm-none-eabi/lib/thumb/v7e-m+fp/hard\libnosys.a
END GROUP
START GROUP
LOAD C:/ST/STM32CubeIDE_1.18.1/STM32CubeIDE/plugins/com.st.stm32cube.ide.mcu.externaltools.gnu-tools-for-stm32.13.3.rel1.win32_1.0.0.202411081344/tools/bin/../lib/gcc/arm-none-eabi/13.3.1/thumb/v7e-m+fp/hard\libgcc.a
LOAD C:/ST/STM32CubeIDE_1.18.1/STM32CubeIDE/plugins/com.st.stm32cube.ide.mcu.externaltools.gnu-tools-for-stm32.13.3.rel1.win32_1.0.0.202411081344/tools/bin/../lib/gcc/arm-none-eabi/13.3.1/../../../../arm-none-eabi/lib/thumb/v7e-m+fp/hard\libc_nano.a
LOAD C:/ST/STM32CubeIDE_1.18.1/STM32CubeIDE/plugins/com.st.stm32cube.ide.mcu.externaltools.gnu-tools-for-stm32.13.3.rel1.win32_1.0.0.202411081344/tools/bin/../lib/gcc/arm-none-eabi/13.3.1/../../../../arm-none-eabi/lib/thumb/v7e-m+fp/hard\libnosys.a
END GROUP
LOAD C:/ST/STM32CubeIDE_1.18.1/STM32CubeIDE/plugins/com.st.stm32cube.ide.mcu.externaltools.gnu-tools-for-stm32.13.3.rel1.win32_1.0.0.202411081344/tools/bin/../lib/gcc/arm-none-eabi/13.3.1/thumb/v7e-m+fp/hard/crtend.o
LOAD C:/ST/STM32CubeIDE_1.18.1/STM32CubeIDE/plugins/com.st.stm32cube.ide.mcu.externaltools.gnu-tools-for-stm32.13.3.rel1.win32_1.0.0.202411081344/tools/bin/../lib/gcc/arm-none-eabi/13.3.1/thumb/v7e-m+fp/hard/crtn.o
                0x20008000                        _estack = (ORIGIN (RAM) + LENGTH (RAM))
                0x00000200                        _Min_Heap_Size = 0x200
                0x00000400                        _Min_Stack_Size = 0x400

.isr_vector     0x08000000      0x1d8
                0x08000000                        . = ALIGN (0x4)
 *(.isr_vector)
 .isr_vector    0x08000000      0x1d8 ./Core/Startup/startup_stm32g431rbtx.o
                0x08000000                g_pfnVectors
                0x080001d8                        . = ALIGN (0x4)

.text           0x080001e0     0xd3a8
                0x080001e0                        . = ALIGN (0x4)
 *(.text)
 .text          0x080001e0       0x40 C:/ST/STM32CubeIDE_1.18.1/STM32CubeIDE/plugins/com.st.stm32cube.ide.mcu.externaltools.gnu-tools-for-stm32.13.3.rel1.win32_1.0.0.202411081344/tools/bin/../lib/gcc/arm-none-eabi/13.3.1/thumb/v7e-m+fp/hard/crtbegin.o
 .text          0x08000220       0x30 C:/ST/STM32CubeIDE_1.18.1/STM32CubeIDE/plugins/com.st.stm32cube.ide.mcu.externaltools.gnu-tools-for-stm32.13.3.rel1.win32_1.0.0.202411081344/tools/bin/../lib/gcc/arm-none-eabi/13.3.1/thumb/v7e-m+fp/hard\libgcc.a(_aeabi_uldivmod.o)
                0x08000220                __aeabi_uldivmod
 .text          0x08000250      0x2f8 C:/ST/STM32CubeIDE_1.18.1/STM32CubeIDE/plugins/com.st.stm32cube.ide.mcu.externaltools.gnu-tools-for-stm32.13.3.rel1.win32_1.0.0.202411081344/tools/bin/../lib/gcc/arm-none-eabi/13.3.1/thumb/v7e-m+fp/hard\libgcc.a(_udivmoddi4.o)
                0x08000250                __udivmoddi4
 .text          0x08000548        0x4 C:/ST/STM32CubeIDE_1.18.1/STM32CubeIDE/plugins/com.st.stm32cube.ide.mcu.externaltools.gnu-tools-for-stm32.13.3.rel1.win32_1.0.0.202411081344/tools/bin/../lib/gcc/arm-none-eabi/13.3.1/thumb/v7e-m+fp/hard\libgcc.a(_dvmd_tls.o)
                0x08000548                __aeabi_idiv0
                0x08000548                __aeabi_ldiv0
 *(.text*)
 .text.MX_ADC1_Init
                0x0800054c      0x110 ./Core/Src/adc.o
                0x0800054c                MX_ADC1_Init
 .text.HAL_ADC_MspInit
                0x0800065c      0x10c ./Core/Src/adc.o
                0x0800065c                HAL_ADC_MspInit
 .text.MX_FREERTOS_Init
                0x08000768       0x5c ./Core/Src/app_freertos.o
                0x08000768                MX_FREERTOS_Init
 .text.MX_DMA_Init
                0x080007c4       0x8c ./Core/Src/dma.o
                0x080007c4                MX_DMA_Init
 .text.MX_FDCAN1_Init
                0x08000850       0x90 ./Core/Src/fdcan.o
                0x08000850                MX_FDCAN1_Init
 .text.HAL_FDCAN_MspInit
                0x080008e0       0xd4 ./Core/Src/fdcan.o
                0x080008e0                HAL_FDCAN_MspInit
 .text.MX_GPIO_Init
                0x080009b4      0x164 ./Core/Src/gpio.o
                0x080009b4                MX_GPIO_Init
 .text.main     0x08000b18       0x80 ./Core/Src/main.o
                0x08000b18                main
 .text.SystemClock_Config
                0x08000b98       0x96 ./Core/Src/main.o
                0x08000b98                SystemClock_Config
 *fill*         0x08000c2e        0x2 
 .text.HAL_TIM_PeriodElapsedCallback
                0x08000c30       0x24 ./Core/Src/main.o
                0x08000c30                HAL_TIM_PeriodElapsedCallback
 .text.Error_Handler
                0x08000c54        0xc ./Core/Src/main.o
                0x08000c54                Error_Handler
 .text.HAL_MspInit
                0x08000c60       0x54 ./Core/Src/stm32g4xx_hal_msp.o
                0x08000c60                HAL_MspInit
 .text.HAL_InitTick
                0x08000cb4       0xd8 ./Core/Src/stm32g4xx_hal_timebase_tim.o
                0x08000cb4                HAL_InitTick
 .text.NMI_Handler
                0x08000d8c        0x8 ./Core/Src/stm32g4xx_it.o
                0x08000d8c                NMI_Handler
 .text.HardFault_Handler
                0x08000d94        0x8 ./Core/Src/stm32g4xx_it.o
                0x08000d94                HardFault_Handler
 .text.MemManage_Handler
                0x08000d9c        0x8 ./Core/Src/stm32g4xx_it.o
                0x08000d9c                MemManage_Handler
 .text.BusFault_Handler
                0x08000da4        0x8 ./Core/Src/stm32g4xx_it.o
                0x08000da4                BusFault_Handler
 .text.UsageFault_Handler
                0x08000dac        0x8 ./Core/Src/stm32g4xx_it.o
                0x08000dac                UsageFault_Handler
 .text.DebugMon_Handler
                0x08000db4        0xe ./Core/Src/stm32g4xx_it.o
                0x08000db4                DebugMon_Handler
 .text.EXTI1_IRQHandler
                0x08000dc2        0xe ./Core/Src/stm32g4xx_it.o
                0x08000dc2                EXTI1_IRQHandler
 .text.EXTI2_IRQHandler
                0x08000dd0        0xe ./Core/Src/stm32g4xx_it.o
                0x08000dd0                EXTI2_IRQHandler
 .text.EXTI3_IRQHandler
                0x08000dde       0x12 ./Core/Src/stm32g4xx_it.o
                0x08000dde                EXTI3_IRQHandler
 .text.EXTI4_IRQHandler
                0x08000df0       0x12 ./Core/Src/stm32g4xx_it.o
                0x08000df0                EXTI4_IRQHandler
 *fill*         0x08000e02        0x2 
 .text.DMA1_Channel1_IRQHandler
                0x08000e04       0x14 ./Core/Src/stm32g4xx_it.o
                0x08000e04                DMA1_Channel1_IRQHandler
 .text.FDCAN1_IT0_IRQHandler
                0x08000e18       0x14 ./Core/Src/stm32g4xx_it.o
                0x08000e18                FDCAN1_IT0_IRQHandler
 .text.FDCAN1_IT1_IRQHandler
                0x08000e2c       0x14 ./Core/Src/stm32g4xx_it.o
                0x08000e2c                FDCAN1_IT1_IRQHandler
 .text.EXTI9_5_IRQHandler
                0x08000e40       0x20 ./Core/Src/stm32g4xx_it.o
                0x08000e40                EXTI9_5_IRQHandler
 .text.TIM1_UP_TIM16_IRQHandler
                0x08000e60       0x18 ./Core/Src/stm32g4xx_it.o
                0x08000e60                TIM1_UP_TIM16_IRQHandler
 .text.TIM2_IRQHandler
                0x08000e78       0x14 ./Core/Src/stm32g4xx_it.o
                0x08000e78                TIM2_IRQHandler
 .text.TIM3_IRQHandler
                0x08000e8c       0x14 ./Core/Src/stm32g4xx_it.o
                0x08000e8c                TIM3_IRQHandler
 .text.USART3_IRQHandler
                0x08000ea0       0x14 ./Core/Src/stm32g4xx_it.o
                0x08000ea0                USART3_IRQHandler
 .text.EXTI15_10_IRQHandler
                0x08000eb4       0x12 ./Core/Src/stm32g4xx_it.o
                0x08000eb4                EXTI15_10_IRQHandler
 *fill*         0x08000ec6        0x2 
 .text.TIM6_DAC_IRQHandler
                0x08000ec8       0x14 ./Core/Src/stm32g4xx_it.o
                0x08000ec8                TIM6_DAC_IRQHandler
 .text.DMA2_Channel1_IRQHandler
                0x08000edc       0x14 ./Core/Src/stm32g4xx_it.o
                0x08000edc                DMA2_Channel1_IRQHandler
 .text.DMA2_Channel2_IRQHandler
                0x08000ef0       0x14 ./Core/Src/stm32g4xx_it.o
                0x08000ef0                DMA2_Channel2_IRQHandler
 .text._sbrk    0x08000f04       0x6c ./Core/Src/sysmem.o
                0x08000f04                _sbrk
 .text.SystemInit
                0x08000f70       0x24 ./Core/Src/system_stm32g4xx.o
                0x08000f70                SystemInit
 .text.MX_TIM1_Init
                0x08000f94      0x124 ./Core/Src/tim.o
                0x08000f94                MX_TIM1_Init
 .text.MX_TIM2_Init
                0x080010b8       0xdc ./Core/Src/tim.o
                0x080010b8                MX_TIM2_Init
 .text.MX_TIM3_Init
                0x08001194       0xe0 ./Core/Src/tim.o
                0x08001194                MX_TIM3_Init
 .text.HAL_TIM_OC_MspInit
                0x08001274       0x4c ./Core/Src/tim.o
                0x08001274                HAL_TIM_OC_MspInit
 .text.HAL_TIM_PWM_MspInit
                0x080012c0       0x80 ./Core/Src/tim.o
                0x080012c0                HAL_TIM_PWM_MspInit
 .text.HAL_TIM_MspPostInit
                0x08001340      0x128 ./Core/Src/tim.o
                0x08001340                HAL_TIM_MspPostInit
 .text.MX_USART3_UART_Init
                0x08001468       0x98 ./Core/Src/usart.o
                0x08001468                MX_USART3_UART_Init
 .text.HAL_UART_MspInit
                0x08001500      0x180 ./Core/Src/usart.o
                0x08001500                HAL_UART_MspInit
 .text.user_MX_FDCAN1_Init
                0x08001680       0x88 ./Core/Src/fdcan/main.o
                0x08001680                user_MX_FDCAN1_Init
 .text.fdcan_setup
                0x08001708       0x30 ./Core/Src/fdcan/main.o
                0x08001708                fdcan_setup
 .text.HAL_FDCAN_RxFifo0Callback
                0x08001738       0x64 ./Core/Src/fdcan/main.o
                0x08001738                HAL_FDCAN_RxFifo0Callback
 .text.HAL_FDCAN_TxBufferCompleteCallback
                0x0800179c       0x16 ./Core/Src/fdcan/main.o
                0x0800179c                HAL_FDCAN_TxBufferCompleteCallback
 *fill*         0x080017b2        0x2 
 .text.fdcan_transmit
                0x080017b4       0x4c ./Core/Src/fdcan/main.o
                0x080017b4                fdcan_transmit
 .text.adc_renew
                0x08001800       0x98 ./Core/Src/main/adc.o
                0x08001800                adc_renew
 .text.timeout_error
                0x08001898       0x48 ./Core/Src/main/fn_state.o
                0x08001898                timeout_error
 .text.user_EXTI3_IRQHandler
                0x080018e0       0x18 ./Core/Src/main/it.o
                0x080018e0                user_EXTI3_IRQHandler
 .text.user_EXTI9_5_IRQHandler
                0x080018f8       0x18 ./Core/Src/main/it.o
                0x080018f8                user_EXTI9_5_IRQHandler
 .text.user_TIM1_UP_TIM16_IRQHandler
                0x08001910        0xe ./Core/Src/main/it.o
                0x08001910                user_TIM1_UP_TIM16_IRQHandler
 *fill*         0x0800191e        0x2 
 .text.user_EXTI15_10_IRQHandler
                0x08001920       0x54 ./Core/Src/main/it.o
                0x08001920                user_EXTI15_10_IRQHandler
 .text.user_EXTI4_IRQHandler
                0x08001974       0x60 ./Core/Src/main/it.o
                0x08001974                user_EXTI4_IRQHandler
 .text.ITM_SendChar
                0x080019d4       0x4e ./Core/Src/main/main.o
 .text.trace_putchar
                0x08001a22       0x24 ./Core/Src/main/main.o
                0x08001a22                trace_putchar
 .text.trace_print
                0x08001a46       0x2a ./Core/Src/main/main.o
                0x08001a46                trace_print
 .text.StartDefaultTask
                0x08001a70       0x70 ./Core/Src/main/main.o
                0x08001a70                StartDefaultTask
 .text.HAL_IncTick
                0x08001ae0       0x6c ./Core/Src/main/main.o
                0x08001ae0                HAL_IncTick
 .text.decide_move_mode
                0x08001b4c       0xc4 ./Core/Src/main/main.o
                0x08001b4c                decide_move_mode
 .text.map_setup
                0x08001c10       0x7c ./Core/Src/main/map.o
                0x08001c10                map_setup
 .text.map_init
                0x08001c8c      0x144 ./Core/Src/main/map.o
                0x08001c8c                map_init
 .text.map_data_init
                0x08001dd0       0x50 ./Core/Src/main/map.o
                0x08001dd0                map_data_init
 .text.floyd_warshall
                0x08001e20       0xfc ./Core/Src/main/map.o
                0x08001e20                floyd_warshall
 .text.build_current_map_data
                0x08001f1c      0x108 ./Core/Src/main/map.o
                0x08001f1c                build_current_map_data
 .text.get_index_by_id
                0x08002024       0x48 ./Core/Src/main/map.o
                0x08002024                get_index_by_id
 .text.decide_vehicle_status
                0x0800206c       0x74 ./Core/Src/main/map.o
                0x0800206c                decide_vehicle_status
 .text.vec_u8_new
                0x080020e0       0x56 ./Core/Src/main/vec.o
                0x080020e0                vec_u8_new
 .text.vec_u8_free
                0x08002136       0x3c ./Core/Src/main/vec.o
                0x08002136                vec_u8_free
 .text.vec_u8_realign
                0x08002172       0xf4 ./Core/Src/main/vec.o
                0x08002172                vec_u8_realign
 .text.vec_u8_starts_with
                0x08002266       0xa4 ./Core/Src/main/vec.o
                0x08002266                vec_u8_starts_with
 .text.vec_u8_push
                0x0800230a       0x7e ./Core/Src/main/vec.o
                0x0800230a                vec_u8_push
 .text.vec_u8_push_byte
                0x08002388       0x22 ./Core/Src/main/vec.o
                0x08002388                vec_u8_push_byte
 .text.swap16   0x080023aa       0x1c ./Core/Src/main/vec.o
 .text.vec_u8_push_u16
                0x080023c6       0x30 ./Core/Src/main/vec.o
                0x080023c6                vec_u8_push_u16
 .text.swap32   0x080023f6       0x32 ./Core/Src/main/vec.o
 .text.vec_u8_push_f32
                0x08002428       0x44 ./Core/Src/main/vec.o
                0x08002428                vec_u8_push_f32
 .text.vec_u8_rm_all
                0x0800246c       0x22 ./Core/Src/main/vec.o
                0x0800246c                vec_u8_rm_all
 .text.vec_u8_rm_range
                0x0800248e       0xd0 ./Core/Src/main/vec.o
                0x0800248e                vec_u8_rm_range
 *fill*         0x0800255e        0x2 
 .text.vehicle_track_mode
                0x08002560       0x6c ./Core/Src/main/vehicle.o
                0x08002560                vehicle_track_mode
 .text.vehicle_rotate_in_place
                0x080025cc      0x100 ./Core/Src/main/vehicle.o
                0x080025cc                vehicle_rotate_in_place
 .text.vehicle_breakdown_all_hall_lost
                0x080026cc       0x98 ./Core/Src/main/vehicle.o
                0x080026cc                vehicle_breakdown_all_hall_lost
 .text.vehicle_search_magnetic_path
                0x08002764       0xbc ./Core/Src/main/vehicle.o
                0x08002764                vehicle_search_magnetic_path
 .text.vehicle2_motion_and_speed_control
                0x08002820       0x9c ./Core/Src/main/vehicle2.o
                0x08002820                vehicle2_motion_and_speed_control
 .text.vehicle2_get_rotate_direction
                0x080028bc       0x52 ./Core/Src/main/vehicle2.o
                0x080028bc                vehicle2_get_rotate_direction
 *fill*         0x0800290e        0x2 
 .text.vehicle2_ensure_motor_stop
                0x08002910       0x68 ./Core/Src/main/vehicle2.o
                0x08002910                vehicle2_ensure_motor_stop
 .text.vehicle2_pass_magnetic_stripe_calculate
                0x08002978      0x12c ./Core/Src/main/vehicle2.o
                0x08002978                vehicle2_pass_magnetic_stripe_calculate
 .text.vehicle2_renew_vehicle_rotation_status
                0x08002aa4       0x84 ./Core/Src/main/vehicle2.o
                0x08002aa4                vehicle2_renew_vehicle_rotation_status
 .text.vehicle2_rotate_status_to_motioncommand
                0x08002b28       0x22 ./Core/Src/main/vehicle2.o
                0x08002b28                vehicle2_rotate_status_to_motioncommand
 *fill*         0x08002b4a        0x2 
 .text.motor_PI_control
                0x08002b4c       0xf0 ./Core/Src/motor/PI_control.o
                0x08002b4c                motor_PI_control
 .text.motor_tim_setup
                0x08002c3c       0x50 ./Core/Src/motor/main.o
 .text.motor_setup
                0x08002c8c       0x28 ./Core/Src/motor/main.o
                0x08002c8c                motor_setup
 .text.motor_commutate
                0x08002cb4      0x314 ./Core/Src/motor/main.o
 .text.motor_step_update
                0x08002fc8      0x138 ./Core/Src/motor/main.o
                0x08002fc8                motor_step_update
 .text.motor_speed_calculate
                0x08003100       0x68 ./Core/Src/motor/main.o
                0x08003100                motor_speed_calculate
 .text.motor_set_duty
                0x08003168       0x30 ./Core/Src/motor/main.o
                0x08003168                motor_set_duty
 .text.motor_set_speed_setpoint
                0x08003198       0x30 ./Core/Src/motor/main.o
                0x08003198                motor_set_speed_setpoint
 .text.motor_set_direction
                0x080031c8       0x1e ./Core/Src/motor/main.o
                0x080031c8                motor_set_direction
 .text.motor_set_integral_record
                0x080031e6       0x1e ./Core/Src/motor/main.o
                0x080031e6                motor_set_integral_record
 .text.motor_set_adc_val
                0x08003204       0x1e ./Core/Src/motor/main.o
                0x08003204                motor_set_adc_val
 .text.motor_add_step_count
                0x08003222       0x20 ./Core/Src/motor/main.o
                0x08003222                motor_add_step_count
 *fill*         0x08003242        0x2 
 .text.StartMotorTask
                0x08003244       0xa8 ./Core/Src/motor/main.o
                0x08003244                StartMotorTask
 .text.HAL_UART_TxCpltCallback
                0x080032ec       0x14 ./Core/Src/uart/main.o
                0x080032ec                HAL_UART_TxCpltCallback
 .text.HAL_UARTEx_RxEventCallback
                0x08003300       0x74 ./Core/Src/uart/main.o
                0x08003300                HAL_UARTEx_RxEventCallback
 .text.rspdw    0x08003374       0x90 ./Core/Src/uart/main.o
 .text.radcw    0x08003404       0x88 ./Core/Src/uart/main.o
 .text.uart_transmit
                0x0800348c       0x84 ./Core/Src/uart/main.o
 .text.uart_tr_pkt_proc
                0x08003510       0x12 ./Core/Src/uart/main.o
 *fill*         0x08003522        0x2 
 .text.uart_re_pkt_proc_data_store
                0x08003524      0x1f8 ./Core/Src/uart/main.o
 .text.uart_re_pkt_proc
                0x0800371c       0x74 ./Core/Src/uart/main.o
 .text.uart_setup
                0x08003790       0x6c ./Core/Src/uart/main.o
 .text.StartUartTask
                0x080037fc       0x7c ./Core/Src/uart/main.o
                0x080037fc                StartUartTask
 .text.uart_trcv_buf_setup
                0x08003878       0x56 ./Core/Src/uart/trcv_buffer.o
                0x08003878                uart_trcv_buf_setup
 *fill*         0x080038ce        0x2 
 .text.uart_trcv_buf_push
                0x080038d0       0x9c ./Core/Src/uart/trcv_buffer.o
                0x080038d0                uart_trcv_buf_push
 .text.uart_trcv_buf_pop
                0x0800396c       0xb4 ./Core/Src/uart/trcv_buffer.o
                0x0800396c                uart_trcv_buf_pop
 .text.Reset_Handler
                0x08003a20       0x50 ./Core/Startup/startup_stm32g431rbtx.o
                0x08003a20                Reset_Handler
 .text.Default_Handler
                0x08003a70        0x2 ./Core/Startup/startup_stm32g431rbtx.o
                0x08003a70                RTC_Alarm_IRQHandler
                0x08003a70                TIM8_TRG_COM_IRQHandler
                0x08003a70                TIM8_CC_IRQHandler
                0x08003a70                TIM1_CC_IRQHandler
                0x08003a70                USB_HP_IRQHandler
                0x08003a70                CORDIC_IRQHandler
                0x08003a70                I2C3_ER_IRQHandler
                0x08003a70                EXTI0_IRQHandler
                0x08003a70                I2C2_EV_IRQHandler
                0x08003a70                FPU_IRQHandler
                0x08003a70                ADC1_2_IRQHandler
                0x08003a70                SPI1_IRQHandler
                0x08003a70                TIM8_UP_IRQHandler
                0x08003a70                DMA1_Channel4_IRQHandler
                0x08003a70                TIM4_IRQHandler
                0x08003a70                I2C1_EV_IRQHandler
                0x08003a70                DMA1_Channel6_IRQHandler
                0x08003a70                UART4_IRQHandler
                0x08003a70                DMA2_Channel4_IRQHandler
                0x08003a70                RCC_IRQHandler
                0x08003a70                Default_Handler
                0x08003a70                RTC_TAMP_LSECSS_IRQHandler
                0x08003a70                FMAC_IRQHandler
                0x08003a70                TIM7_IRQHandler
                0x08003a70                UCPD1_IRQHandler
                0x08003a70                I2C3_EV_IRQHandler
                0x08003a70                RTC_WKUP_IRQHandler
                0x08003a70                PVD_PVM_IRQHandler
                0x08003a70                SPI2_IRQHandler
                0x08003a70                DMA2_Channel5_IRQHandler
                0x08003a70                CRS_IRQHandler
                0x08003a70                DMA1_Channel5_IRQHandler
                0x08003a70                USB_LP_IRQHandler
                0x08003a70                RNG_IRQHandler
                0x08003a70                TIM1_TRG_COM_TIM17_IRQHandler
                0x08003a70                DMA1_Channel3_IRQHandler
                0x08003a70                WWDG_IRQHandler
                0x08003a70                LPUART1_IRQHandler
                0x08003a70                DMA2_Channel6_IRQHandler
                0x08003a70                COMP1_2_3_IRQHandler
                0x08003a70                USART2_IRQHandler
                0x08003a70                I2C2_ER_IRQHandler
                0x08003a70                DMA1_Channel2_IRQHandler
                0x08003a70                TIM8_BRK_IRQHandler
                0x08003a70                FLASH_IRQHandler
                0x08003a70                USART1_IRQHandler
                0x08003a70                SPI3_IRQHandler
                0x08003a70                I2C1_ER_IRQHandler
                0x08003a70                LPTIM1_IRQHandler
                0x08003a70                DMAMUX_OVR_IRQHandler
                0x08003a70                USBWakeUp_IRQHandler
                0x08003a70                SAI1_IRQHandler
                0x08003a70                DMA2_Channel3_IRQHandler
                0x08003a70                COMP4_IRQHandler
                0x08003a70                TIM1_BRK_TIM15_IRQHandler
 *fill*         0x08003a72        0x2 
 .text.BSP_LED_Init
                0x08003a74       0x6c ./Drivers/BSP/STM32G4xx_Nucleo/stm32g4xx_nucleo.o
                0x08003a74                BSP_LED_Init
 .text.BSP_PB_Init
                0x08003ae0       0xdc ./Drivers/BSP/STM32G4xx_Nucleo/stm32g4xx_nucleo.o
                0x08003ae0                BSP_PB_Init
 .text.BSP_PB_IRQHandler
                0x08003bbc       0x24 ./Drivers/BSP/STM32G4xx_Nucleo/stm32g4xx_nucleo.o
                0x08003bbc                BSP_PB_IRQHandler
 .text.BSP_PB_Callback
                0x08003be0       0x16 ./Drivers/BSP/STM32G4xx_Nucleo/stm32g4xx_nucleo.o
                0x08003be0                BSP_PB_Callback
 *fill*         0x08003bf6        0x2 
 .text.BSP_COM_Init
                0x08003bf8       0x60 ./Drivers/BSP/STM32G4xx_Nucleo/stm32g4xx_nucleo.o
                0x08003bf8                BSP_COM_Init
 .text.MX_LPUART1_Init
                0x08003c58       0x64 ./Drivers/BSP/STM32G4xx_Nucleo/stm32g4xx_nucleo.o
                0x08003c58                MX_LPUART1_Init
 .text.BUTTON_USER_EXTI_Callback
                0x08003cbc        0xe ./Drivers/BSP/STM32G4xx_Nucleo/stm32g4xx_nucleo.o
 *fill*         0x08003cca        0x2 
 .text.COM1_MspInit
                0x08003ccc       0x98 ./Drivers/BSP/STM32G4xx_Nucleo/stm32g4xx_nucleo.o
 .text.HAL_Init
                0x08003d64       0x30 ./Drivers/STM32G4xx_HAL_Driver/Src/stm32g4xx_hal.o
                0x08003d64                HAL_Init
 .text.HAL_GetTick
                0x08003d94       0x18 ./Drivers/STM32G4xx_HAL_Driver/Src/stm32g4xx_hal.o
                0x08003d94                HAL_GetTick
 .text.LL_ADC_SetCommonClock
                0x08003dac       0x26 ./Drivers/STM32G4xx_HAL_Driver/Src/stm32g4xx_hal_adc.o
 .text.LL_ADC_SetCommonPathInternalCh
                0x08003dd2       0x26 ./Drivers/STM32G4xx_HAL_Driver/Src/stm32g4xx_hal_adc.o
 .text.LL_ADC_GetCommonPathInternalCh
                0x08003df8       0x1c ./Drivers/STM32G4xx_HAL_Driver/Src/stm32g4xx_hal_adc.o
 .text.LL_ADC_SetOffset
                0x08003e14       0x48 ./Drivers/STM32G4xx_HAL_Driver/Src/stm32g4xx_hal_adc.o
 .text.LL_ADC_GetOffsetChannel
                0x08003e5c       0x2c ./Drivers/STM32G4xx_HAL_Driver/Src/stm32g4xx_hal_adc.o
 .text.LL_ADC_SetOffsetState
                0x08003e88       0x36 ./Drivers/STM32G4xx_HAL_Driver/Src/stm32g4xx_hal_adc.o
 .text.LL_ADC_SetOffsetSign
                0x08003ebe       0x36 ./Drivers/STM32G4xx_HAL_Driver/Src/stm32g4xx_hal_adc.o
 .text.LL_ADC_SetOffsetSaturation
                0x08003ef4       0x36 ./Drivers/STM32G4xx_HAL_Driver/Src/stm32g4xx_hal_adc.o
 .text.LL_ADC_SetSamplingTimeCommonConfig
                0x08003f2a       0x26 ./Drivers/STM32G4xx_HAL_Driver/Src/stm32g4xx_hal_adc.o
 .text.LL_ADC_REG_SetSequencerRanks
                0x08003f50       0x58 ./Drivers/STM32G4xx_HAL_Driver/Src/stm32g4xx_hal_adc.o
 .text.LL_ADC_SetChannelSamplingTime
                0x08003fa8       0x56 ./Drivers/STM32G4xx_HAL_Driver/Src/stm32g4xx_hal_adc.o
 *fill*         0x08003ffe        0x2 
 .text.LL_ADC_SetChannelSingleDiff
                0x08004000       0x48 ./Drivers/STM32G4xx_HAL_Driver/Src/stm32g4xx_hal_adc.o
 .text.LL_ADC_DisableDeepPowerDown
                0x08004048       0x24 ./Drivers/STM32G4xx_HAL_Driver/Src/stm32g4xx_hal_adc.o
 .text.LL_ADC_IsDeepPowerDownEnabled
                0x0800406c       0x28 ./Drivers/STM32G4xx_HAL_Driver/Src/stm32g4xx_hal_adc.o
 .text.LL_ADC_EnableInternalRegulator
                0x08004094       0x28 ./Drivers/STM32G4xx_HAL_Driver/Src/stm32g4xx_hal_adc.o
 .text.LL_ADC_IsInternalRegulatorEnabled
                0x080040bc       0x28 ./Drivers/STM32G4xx_HAL_Driver/Src/stm32g4xx_hal_adc.o
 .text.LL_ADC_IsEnabled
                0x080040e4       0x26 ./Drivers/STM32G4xx_HAL_Driver/Src/stm32g4xx_hal_adc.o
 .text.LL_ADC_REG_IsConversionOngoing
                0x0800410a       0x26 ./Drivers/STM32G4xx_HAL_Driver/Src/stm32g4xx_hal_adc.o
 .text.LL_ADC_INJ_IsConversionOngoing
                0x08004130       0x26 ./Drivers/STM32G4xx_HAL_Driver/Src/stm32g4xx_hal_adc.o
 *fill*         0x08004156        0x2 
 .text.HAL_ADC_Init
                0x08004158      0x308 ./Drivers/STM32G4xx_HAL_Driver/Src/stm32g4xx_hal_adc.o
                0x08004158                HAL_ADC_Init
 .text.HAL_ADC_ConfigChannel
                0x08004460      0x7e0 ./Drivers/STM32G4xx_HAL_Driver/Src/stm32g4xx_hal_adc.o
                0x08004460                HAL_ADC_ConfigChannel
 .text.LL_ADC_IsEnabled
                0x08004c40       0x26 ./Drivers/STM32G4xx_HAL_Driver/Src/stm32g4xx_hal_adc_ex.o
 .text.LL_ADC_REG_IsConversionOngoing
                0x08004c66       0x26 ./Drivers/STM32G4xx_HAL_Driver/Src/stm32g4xx_hal_adc_ex.o
 .text.HAL_ADCEx_MultiModeConfigChannel
                0x08004c8c      0x148 ./Drivers/STM32G4xx_HAL_Driver/Src/stm32g4xx_hal_adc_ex.o
                0x08004c8c                HAL_ADCEx_MultiModeConfigChannel
 .text.__NVIC_SetPriorityGrouping
                0x08004dd4       0x48 ./Drivers/STM32G4xx_HAL_Driver/Src/stm32g4xx_hal_cortex.o
 .text.__NVIC_GetPriorityGrouping
                0x08004e1c       0x1c ./Drivers/STM32G4xx_HAL_Driver/Src/stm32g4xx_hal_cortex.o
 .text.__NVIC_EnableIRQ
                0x08004e38       0x3c ./Drivers/STM32G4xx_HAL_Driver/Src/stm32g4xx_hal_cortex.o
 .text.__NVIC_SetPriority
                0x08004e74       0x54 ./Drivers/STM32G4xx_HAL_Driver/Src/stm32g4xx_hal_cortex.o
 .text.NVIC_EncodePriority
                0x08004ec8       0x66 ./Drivers/STM32G4xx_HAL_Driver/Src/stm32g4xx_hal_cortex.o
 .text.HAL_NVIC_SetPriorityGrouping
                0x08004f2e       0x16 ./Drivers/STM32G4xx_HAL_Driver/Src/stm32g4xx_hal_cortex.o
                0x08004f2e                HAL_NVIC_SetPriorityGrouping
 .text.HAL_NVIC_SetPriority
                0x08004f44       0x34 ./Drivers/STM32G4xx_HAL_Driver/Src/stm32g4xx_hal_cortex.o
                0x08004f44                HAL_NVIC_SetPriority
 .text.HAL_NVIC_EnableIRQ
                0x08004f78       0x1c ./Drivers/STM32G4xx_HAL_Driver/Src/stm32g4xx_hal_cortex.o
                0x08004f78                HAL_NVIC_EnableIRQ
 .text.HAL_DMA_Init
                0x08004f94      0x150 ./Drivers/STM32G4xx_HAL_Driver/Src/stm32g4xx_hal_dma.o
                0x08004f94                HAL_DMA_Init
 .text.HAL_DMA_Start_IT
                0x080050e4       0xf6 ./Drivers/STM32G4xx_HAL_Driver/Src/stm32g4xx_hal_dma.o
                0x080050e4                HAL_DMA_Start_IT
 .text.HAL_DMA_Abort
                0x080051da       0xb2 ./Drivers/STM32G4xx_HAL_Driver/Src/stm32g4xx_hal_dma.o
                0x080051da                HAL_DMA_Abort
 .text.HAL_DMA_Abort_IT
                0x0800528c       0xce ./Drivers/STM32G4xx_HAL_Driver/Src/stm32g4xx_hal_dma.o
                0x0800528c                HAL_DMA_Abort_IT
 .text.HAL_DMA_IRQHandler
                0x0800535a      0x15e ./Drivers/STM32G4xx_HAL_Driver/Src/stm32g4xx_hal_dma.o
                0x0800535a                HAL_DMA_IRQHandler
 .text.HAL_DMA_GetState
                0x080054b8       0x1c ./Drivers/STM32G4xx_HAL_Driver/Src/stm32g4xx_hal_dma.o
                0x080054b8                HAL_DMA_GetState
 .text.DMA_SetConfig
                0x080054d4       0x7c ./Drivers/STM32G4xx_HAL_Driver/Src/stm32g4xx_hal_dma.o
 .text.DMA_CalcDMAMUXChannelBaseAndMask
                0x08005550       0x7c ./Drivers/STM32G4xx_HAL_Driver/Src/stm32g4xx_hal_dma.o
 .text.DMA_CalcDMAMUXRequestGenBaseAndMask
                0x080055cc       0x48 ./Drivers/STM32G4xx_HAL_Driver/Src/stm32g4xx_hal_dma.o
 .text.HAL_EXTI_RegisterCallback
                0x08005614       0x3a ./Drivers/STM32G4xx_HAL_Driver/Src/stm32g4xx_hal_exti.o
                0x08005614                HAL_EXTI_RegisterCallback
 .text.HAL_EXTI_GetHandle
                0x0800564e       0x28 ./Drivers/STM32G4xx_HAL_Driver/Src/stm32g4xx_hal_exti.o
                0x0800564e                HAL_EXTI_GetHandle
 *fill*         0x08005676        0x2 
 .text.HAL_EXTI_IRQHandler
                0x08005678       0x60 ./Drivers/STM32G4xx_HAL_Driver/Src/stm32g4xx_hal_exti.o
                0x08005678                HAL_EXTI_IRQHandler
 .text.HAL_FDCAN_Init
                0x080056d8      0x2b4 ./Drivers/STM32G4xx_HAL_Driver/Src/stm32g4xx_hal_fdcan.o
                0x080056d8                HAL_FDCAN_Init
 .text.HAL_FDCAN_ConfigFilter
                0x0800598c       0xb4 ./Drivers/STM32G4xx_HAL_Driver/Src/stm32g4xx_hal_fdcan.o
                0x0800598c                HAL_FDCAN_ConfigFilter
 .text.HAL_FDCAN_Start
                0x08005a40       0x50 ./Drivers/STM32G4xx_HAL_Driver/Src/stm32g4xx_hal_fdcan.o
                0x08005a40                HAL_FDCAN_Start
 .text.HAL_FDCAN_AddMessageToTxFifoQ
                0x08005a90       0x88 ./Drivers/STM32G4xx_HAL_Driver/Src/stm32g4xx_hal_fdcan.o
                0x08005a90                HAL_FDCAN_AddMessageToTxFifoQ
 .text.HAL_FDCAN_GetRxMessage
                0x08005b18      0x210 ./Drivers/STM32G4xx_HAL_Driver/Src/stm32g4xx_hal_fdcan.o
                0x08005b18                HAL_FDCAN_GetRxMessage
 .text.HAL_FDCAN_ActivateNotification
                0x08005d28      0x1cc ./Drivers/STM32G4xx_HAL_Driver/Src/stm32g4xx_hal_fdcan.o
                0x08005d28                HAL_FDCAN_ActivateNotification
 .text.HAL_FDCAN_IRQHandler
                0x08005ef4      0x266 ./Drivers/STM32G4xx_HAL_Driver/Src/stm32g4xx_hal_fdcan.o
                0x08005ef4                HAL_FDCAN_IRQHandler
 .text.HAL_FDCAN_TxEventFifoCallback
                0x0800615a       0x16 ./Drivers/STM32G4xx_HAL_Driver/Src/stm32g4xx_hal_fdcan.o
                0x0800615a                HAL_FDCAN_TxEventFifoCallback
 .text.HAL_FDCAN_RxFifo1Callback
                0x08006170       0x16 ./Drivers/STM32G4xx_HAL_Driver/Src/stm32g4xx_hal_fdcan.o
                0x08006170                HAL_FDCAN_RxFifo1Callback
 .text.HAL_FDCAN_TxFifoEmptyCallback
                0x08006186       0x14 ./Drivers/STM32G4xx_HAL_Driver/Src/stm32g4xx_hal_fdcan.o
                0x08006186                HAL_FDCAN_TxFifoEmptyCallback
 .text.HAL_FDCAN_TxBufferAbortCallback
                0x0800619a       0x16 ./Drivers/STM32G4xx_HAL_Driver/Src/stm32g4xx_hal_fdcan.o
                0x0800619a                HAL_FDCAN_TxBufferAbortCallback
 .text.HAL_FDCAN_TimestampWraparoundCallback
                0x080061b0       0x14 ./Drivers/STM32G4xx_HAL_Driver/Src/stm32g4xx_hal_fdcan.o
                0x080061b0                HAL_FDCAN_TimestampWraparoundCallback
 .text.HAL_FDCAN_TimeoutOccurredCallback
                0x080061c4       0x14 ./Drivers/STM32G4xx_HAL_Driver/Src/stm32g4xx_hal_fdcan.o
                0x080061c4                HAL_FDCAN_TimeoutOccurredCallback
 .text.HAL_FDCAN_HighPriorityMessageCallback
                0x080061d8       0x14 ./Drivers/STM32G4xx_HAL_Driver/Src/stm32g4xx_hal_fdcan.o
                0x080061d8                HAL_FDCAN_HighPriorityMessageCallback
 .text.HAL_FDCAN_ErrorCallback
                0x080061ec       0x14 ./Drivers/STM32G4xx_HAL_Driver/Src/stm32g4xx_hal_fdcan.o
                0x080061ec                HAL_FDCAN_ErrorCallback
 .text.HAL_FDCAN_ErrorStatusCallback
                0x08006200       0x16 ./Drivers/STM32G4xx_HAL_Driver/Src/stm32g4xx_hal_fdcan.o
                0x08006200                HAL_FDCAN_ErrorStatusCallback
 *fill*         0x08006216        0x2 
 .text.FDCAN_CalcultateRamBlockAddresses
                0x08006218       0xac ./Drivers/STM32G4xx_HAL_Driver/Src/stm32g4xx_hal_fdcan.o
 .text.FDCAN_CopyMessageToRAM
                0x080062c4       0xf8 ./Drivers/STM32G4xx_HAL_Driver/Src/stm32g4xx_hal_fdcan.o
 .text.HAL_GPIO_Init
                0x080063bc      0x304 ./Drivers/STM32G4xx_HAL_Driver/Src/stm32g4xx_hal_gpio.o
                0x080063bc                HAL_GPIO_Init
 .text.HAL_GPIO_ReadPin
                0x080066c0       0x30 ./Drivers/STM32G4xx_HAL_Driver/Src/stm32g4xx_hal_gpio.o
                0x080066c0                HAL_GPIO_ReadPin
 .text.HAL_GPIO_WritePin
                0x080066f0       0x30 ./Drivers/STM32G4xx_HAL_Driver/Src/stm32g4xx_hal_gpio.o
                0x080066f0                HAL_GPIO_WritePin
 .text.HAL_GPIO_TogglePin
                0x08006720       0x34 ./Drivers/STM32G4xx_HAL_Driver/Src/stm32g4xx_hal_gpio.o
                0x08006720                HAL_GPIO_TogglePin
 .text.HAL_GPIO_EXTI_IRQHandler
                0x08006754       0x30 ./Drivers/STM32G4xx_HAL_Driver/Src/stm32g4xx_hal_gpio.o
                0x08006754                HAL_GPIO_EXTI_IRQHandler
 .text.HAL_GPIO_EXTI_Callback
                0x08006784       0x16 ./Drivers/STM32G4xx_HAL_Driver/Src/stm32g4xx_hal_gpio.o
                0x08006784                HAL_GPIO_EXTI_Callback
 *fill*         0x0800679a        0x2 
 .text.HAL_PWREx_ControlVoltageScaling
                0x0800679c      0x148 ./Drivers/STM32G4xx_HAL_Driver/Src/stm32g4xx_hal_pwr_ex.o
                0x0800679c                HAL_PWREx_ControlVoltageScaling
 .text.HAL_PWREx_DisableUCPDDeadBattery
                0x080068e4       0x20 ./Drivers/STM32G4xx_HAL_Driver/Src/stm32g4xx_hal_pwr_ex.o
                0x080068e4                HAL_PWREx_DisableUCPDDeadBattery
 .text.HAL_RCC_OscConfig
                0x08006904      0x624 ./Drivers/STM32G4xx_HAL_Driver/Src/stm32g4xx_hal_rcc.o
                0x08006904                HAL_RCC_OscConfig
 .text.HAL_RCC_ClockConfig
                0x08006f28      0x278 ./Drivers/STM32G4xx_HAL_Driver/Src/stm32g4xx_hal_rcc.o
                0x08006f28                HAL_RCC_ClockConfig
 .text.HAL_RCC_GetSysClockFreq
                0x080071a0       0xc4 ./Drivers/STM32G4xx_HAL_Driver/Src/stm32g4xx_hal_rcc.o
                0x080071a0                HAL_RCC_GetSysClockFreq
 .text.HAL_RCC_GetHCLKFreq
                0x08007264       0x18 ./Drivers/STM32G4xx_HAL_Driver/Src/stm32g4xx_hal_rcc.o
                0x08007264                HAL_RCC_GetHCLKFreq
 .text.HAL_RCC_GetPCLK1Freq
                0x0800727c       0x2c ./Drivers/STM32G4xx_HAL_Driver/Src/stm32g4xx_hal_rcc.o
                0x0800727c                HAL_RCC_GetPCLK1Freq
 .text.HAL_RCC_GetPCLK2Freq
                0x080072a8       0x2c ./Drivers/STM32G4xx_HAL_Driver/Src/stm32g4xx_hal_rcc.o
                0x080072a8                HAL_RCC_GetPCLK2Freq
 .text.HAL_RCC_GetClockConfig
                0x080072d4       0x64 ./Drivers/STM32G4xx_HAL_Driver/Src/stm32g4xx_hal_rcc.o
                0x080072d4                HAL_RCC_GetClockConfig
 .text.RCC_GetSysClockFreqFromPLLSource
                0x08007338       0x8c ./Drivers/STM32G4xx_HAL_Driver/Src/stm32g4xx_hal_rcc.o
 .text.HAL_RCCEx_PeriphCLKConfig
                0x080073c4      0x3e0 ./Drivers/STM32G4xx_HAL_Driver/Src/stm32g4xx_hal_rcc_ex.o
                0x080073c4                HAL_RCCEx_PeriphCLKConfig
 .text.HAL_TIM_Base_Init
                0x080077a4       0xae ./Drivers/STM32G4xx_HAL_Driver/Src/stm32g4xx_hal_tim.o
                0x080077a4                HAL_TIM_Base_Init
 .text.HAL_TIM_Base_MspInit
                0x08007852       0x14 ./Drivers/STM32G4xx_HAL_Driver/Src/stm32g4xx_hal_tim.o
                0x08007852                HAL_TIM_Base_MspInit
 *fill*         0x08007866        0x2 
 .text.HAL_TIM_Base_Start_IT
                0x08007868       0xd4 ./Drivers/STM32G4xx_HAL_Driver/Src/stm32g4xx_hal_tim.o
                0x08007868                HAL_TIM_Base_Start_IT
 .text.HAL_TIM_OC_Init
                0x0800793c       0xae ./Drivers/STM32G4xx_HAL_Driver/Src/stm32g4xx_hal_tim.o
                0x0800793c                HAL_TIM_OC_Init
 .text.HAL_TIM_PWM_Init
                0x080079ea       0xae ./Drivers/STM32G4xx_HAL_Driver/Src/stm32g4xx_hal_tim.o
                0x080079ea                HAL_TIM_PWM_Init
 .text.HAL_TIM_PWM_Start
                0x08007a98      0x200 ./Drivers/STM32G4xx_HAL_Driver/Src/stm32g4xx_hal_tim.o
                0x08007a98                HAL_TIM_PWM_Start
 .text.HAL_TIM_IRQHandler
                0x08007c98      0x29e ./Drivers/STM32G4xx_HAL_Driver/Src/stm32g4xx_hal_tim.o
                0x08007c98                HAL_TIM_IRQHandler
 *fill*         0x08007f36        0x2 
 .text.HAL_TIM_OC_ConfigChannel
                0x08007f38       0xf4 ./Drivers/STM32G4xx_HAL_Driver/Src/stm32g4xx_hal_tim.o
                0x08007f38                HAL_TIM_OC_ConfigChannel
 .text.HAL_TIM_PWM_ConfigChannel
                0x0800802c      0x228 ./Drivers/STM32G4xx_HAL_Driver/Src/stm32g4xx_hal_tim.o
                0x0800802c                HAL_TIM_PWM_ConfigChannel
 .text.HAL_TIM_OC_DelayElapsedCallback
                0x08008254       0x14 ./Drivers/STM32G4xx_HAL_Driver/Src/stm32g4xx_hal_tim.o
                0x08008254                HAL_TIM_OC_DelayElapsedCallback
 .text.HAL_TIM_IC_CaptureCallback
                0x08008268       0x14 ./Drivers/STM32G4xx_HAL_Driver/Src/stm32g4xx_hal_tim.o
                0x08008268                HAL_TIM_IC_CaptureCallback
 .text.HAL_TIM_PWM_PulseFinishedCallback
                0x0800827c       0x14 ./Drivers/STM32G4xx_HAL_Driver/Src/stm32g4xx_hal_tim.o
                0x0800827c                HAL_TIM_PWM_PulseFinishedCallback
 .text.HAL_TIM_TriggerCallback
                0x08008290       0x14 ./Drivers/STM32G4xx_HAL_Driver/Src/stm32g4xx_hal_tim.o
                0x08008290                HAL_TIM_TriggerCallback
 .text.TIM_Base_SetConfig
                0x080082a4      0x138 ./Drivers/STM32G4xx_HAL_Driver/Src/stm32g4xx_hal_tim.o
                0x080082a4                TIM_Base_SetConfig
 .text.TIM_OC1_SetConfig
                0x080083dc      0x120 ./Drivers/STM32G4xx_HAL_Driver/Src/stm32g4xx_hal_tim.o
 .text.TIM_OC2_SetConfig
                0x080084fc      0x114 ./Drivers/STM32G4xx_HAL_Driver/Src/stm32g4xx_hal_tim.o
                0x080084fc                TIM_OC2_SetConfig
 .text.TIM_OC3_SetConfig
                0x08008610      0x110 ./Drivers/STM32G4xx_HAL_Driver/Src/stm32g4xx_hal_tim.o
 .text.TIM_OC4_SetConfig
                0x08008720      0x114 ./Drivers/STM32G4xx_HAL_Driver/Src/stm32g4xx_hal_tim.o
 .text.TIM_OC5_SetConfig
                0x08008834       0xc8 ./Drivers/STM32G4xx_HAL_Driver/Src/stm32g4xx_hal_tim.o
 .text.TIM_OC6_SetConfig
                0x080088fc       0xcc ./Drivers/STM32G4xx_HAL_Driver/Src/stm32g4xx_hal_tim.o
 .text.TIM_CCxChannelCmd
                0x080089c8       0x4a ./Drivers/STM32G4xx_HAL_Driver/Src/stm32g4xx_hal_tim.o
                0x080089c8                TIM_CCxChannelCmd
 *fill*         0x08008a12        0x2 
 .text.HAL_TIMEx_MasterConfigSynchronization
                0x08008a14      0x104 ./Drivers/STM32G4xx_HAL_Driver/Src/stm32g4xx_hal_tim_ex.o
                0x08008a14                HAL_TIMEx_MasterConfigSynchronization
 .text.HAL_TIMEx_ConfigBreakDeadTime
                0x08008b18      0x118 ./Drivers/STM32G4xx_HAL_Driver/Src/stm32g4xx_hal_tim_ex.o
                0x08008b18                HAL_TIMEx_ConfigBreakDeadTime
 .text.HAL_TIMEx_CommutCallback
                0x08008c30       0x14 ./Drivers/STM32G4xx_HAL_Driver/Src/stm32g4xx_hal_tim_ex.o
                0x08008c30                HAL_TIMEx_CommutCallback
 .text.HAL_TIMEx_BreakCallback
                0x08008c44       0x14 ./Drivers/STM32G4xx_HAL_Driver/Src/stm32g4xx_hal_tim_ex.o
                0x08008c44                HAL_TIMEx_BreakCallback
 .text.HAL_TIMEx_Break2Callback
                0x08008c58       0x14 ./Drivers/STM32G4xx_HAL_Driver/Src/stm32g4xx_hal_tim_ex.o
                0x08008c58                HAL_TIMEx_Break2Callback
 .text.HAL_TIMEx_EncoderIndexCallback
                0x08008c6c       0x14 ./Drivers/STM32G4xx_HAL_Driver/Src/stm32g4xx_hal_tim_ex.o
                0x08008c6c                HAL_TIMEx_EncoderIndexCallback
 .text.HAL_TIMEx_DirectionChangeCallback
                0x08008c80       0x14 ./Drivers/STM32G4xx_HAL_Driver/Src/stm32g4xx_hal_tim_ex.o
                0x08008c80                HAL_TIMEx_DirectionChangeCallback
 .text.HAL_TIMEx_IndexErrorCallback
                0x08008c94       0x14 ./Drivers/STM32G4xx_HAL_Driver/Src/stm32g4xx_hal_tim_ex.o
                0x08008c94                HAL_TIMEx_IndexErrorCallback
 .text.HAL_TIMEx_TransitionErrorCallback
                0x08008ca8       0x14 ./Drivers/STM32G4xx_HAL_Driver/Src/stm32g4xx_hal_tim_ex.o
                0x08008ca8                HAL_TIMEx_TransitionErrorCallback
 .text.HAL_UART_Init
                0x08008cbc       0xa0 ./Drivers/STM32G4xx_HAL_Driver/Src/stm32g4xx_hal_uart.o
                0x08008cbc                HAL_UART_Init
 .text.HAL_UART_Transmit_DMA
                0x08008d5c      0x100 ./Drivers/STM32G4xx_HAL_Driver/Src/stm32g4xx_hal_uart.o
                0x08008d5c                HAL_UART_Transmit_DMA
 .text.HAL_UART_IRQHandler
                0x08008e5c      0x684 ./Drivers/STM32G4xx_HAL_Driver/Src/stm32g4xx_hal_uart.o
                0x08008e5c                HAL_UART_IRQHandler
 .text.HAL_UART_TxHalfCpltCallback
                0x080094e0       0x14 ./Drivers/STM32G4xx_HAL_Driver/Src/stm32g4xx_hal_uart.o
                0x080094e0                HAL_UART_TxHalfCpltCallback
 .text.HAL_UART_RxCpltCallback
                0x080094f4       0x14 ./Drivers/STM32G4xx_HAL_Driver/Src/stm32g4xx_hal_uart.o
                0x080094f4                HAL_UART_RxCpltCallback
 .text.HAL_UART_RxHalfCpltCallback
                0x08009508       0x14 ./Drivers/STM32G4xx_HAL_Driver/Src/stm32g4xx_hal_uart.o
                0x08009508                HAL_UART_RxHalfCpltCallback
 .text.HAL_UART_ErrorCallback
                0x0800951c       0x14 ./Drivers/STM32G4xx_HAL_Driver/Src/stm32g4xx_hal_uart.o
                0x0800951c                HAL_UART_ErrorCallback
 .text.UART_SetConfig
                0x08009530      0x598 ./Drivers/STM32G4xx_HAL_Driver/Src/stm32g4xx_hal_uart.o
                0x08009530                UART_SetConfig
 .text.UART_AdvFeatureConfig
                0x08009ac8      0x144 ./Drivers/STM32G4xx_HAL_Driver/Src/stm32g4xx_hal_uart.o
                0x08009ac8                UART_AdvFeatureConfig
 .text.UART_CheckIdleState
                0x08009c0c      0x154 ./Drivers/STM32G4xx_HAL_Driver/Src/stm32g4xx_hal_uart.o
                0x08009c0c                UART_CheckIdleState
 .text.UART_WaitOnFlagUntilTimeout
                0x08009d60       0xda ./Drivers/STM32G4xx_HAL_Driver/Src/stm32g4xx_hal_uart.o
                0x08009d60                UART_WaitOnFlagUntilTimeout
 *fill*         0x08009e3a        0x2 
 .text.UART_Start_Receive_DMA
                0x08009e3c      0x14c ./Drivers/STM32G4xx_HAL_Driver/Src/stm32g4xx_hal_uart.o
                0x08009e3c                UART_Start_Receive_DMA
 .text.UART_EndTxTransfer
                0x08009f88       0x82 ./Drivers/STM32G4xx_HAL_Driver/Src/stm32g4xx_hal_uart.o
 .text.UART_EndRxTransfer
                0x0800a00a       0xcc ./Drivers/STM32G4xx_HAL_Driver/Src/stm32g4xx_hal_uart.o
 .text.UART_DMATransmitCplt
                0x0800a0d6       0x9a ./Drivers/STM32G4xx_HAL_Driver/Src/stm32g4xx_hal_uart.o
 .text.UART_DMATxHalfCplt
                0x0800a170       0x1c ./Drivers/STM32G4xx_HAL_Driver/Src/stm32g4xx_hal_uart.o
 .text.UART_DMAReceiveCplt
                0x0800a18c      0x12c ./Drivers/STM32G4xx_HAL_Driver/Src/stm32g4xx_hal_uart.o
 .text.UART_DMARxHalfCplt
                0x0800a2b8       0x3e ./Drivers/STM32G4xx_HAL_Driver/Src/stm32g4xx_hal_uart.o
 .text.UART_DMAError
                0x0800a2f6       0x80 ./Drivers/STM32G4xx_HAL_Driver/Src/stm32g4xx_hal_uart.o
 .text.UART_DMAAbortOnError
                0x0800a376       0x24 ./Drivers/STM32G4xx_HAL_Driver/Src/stm32g4xx_hal_uart.o
 .text.UART_EndTransmit_IT
                0x0800a39a       0x56 ./Drivers/STM32G4xx_HAL_Driver/Src/stm32g4xx_hal_uart.o
 .text.HAL_UARTEx_WakeupCallback
                0x0800a3f0       0x14 ./Drivers/STM32G4xx_HAL_Driver/Src/stm32g4xx_hal_uart_ex.o
                0x0800a3f0                HAL_UARTEx_WakeupCallback
 .text.HAL_UARTEx_RxFifoFullCallback
                0x0800a404       0x14 ./Drivers/STM32G4xx_HAL_Driver/Src/stm32g4xx_hal_uart_ex.o
                0x0800a404                HAL_UARTEx_RxFifoFullCallback
 .text.HAL_UARTEx_TxFifoEmptyCallback
                0x0800a418       0x14 ./Drivers/STM32G4xx_HAL_Driver/Src/stm32g4xx_hal_uart_ex.o
                0x0800a418                HAL_UARTEx_TxFifoEmptyCallback
 .text.HAL_UARTEx_DisableFifoMode
                0x0800a42c       0x72 ./Drivers/STM32G4xx_HAL_Driver/Src/stm32g4xx_hal_uart_ex.o
                0x0800a42c                HAL_UARTEx_DisableFifoMode
 .text.HAL_UARTEx_SetTxFifoThreshold
                0x0800a49e       0x7c ./Drivers/STM32G4xx_HAL_Driver/Src/stm32g4xx_hal_uart_ex.o
                0x0800a49e                HAL_UARTEx_SetTxFifoThreshold
 .text.HAL_UARTEx_SetRxFifoThreshold
                0x0800a51a       0x7c ./Drivers/STM32G4xx_HAL_Driver/Src/stm32g4xx_hal_uart_ex.o
                0x0800a51a                HAL_UARTEx_SetRxFifoThreshold
 .text.HAL_UARTEx_ReceiveToIdle_DMA
                0x0800a596       0xa8 ./Drivers/STM32G4xx_HAL_Driver/Src/stm32g4xx_hal_uart_ex.o
                0x0800a596                HAL_UARTEx_ReceiveToIdle_DMA
 *fill*         0x0800a63e        0x2 
 .text.UARTEx_SetNbDataToProcess
                0x0800a640       0x9c ./Drivers/STM32G4xx_HAL_Driver/Src/stm32g4xx_hal_uart_ex.o
 .text.__NVIC_SetPriority
                0x0800a6dc       0x54 ./Middlewares/Third_Party/FreeRTOS/Source/CMSIS_RTOS_V2/cmsis_os2.o
 .text.SysTick_Handler
                0x0800a730       0x20 ./Middlewares/Third_Party/FreeRTOS/Source/CMSIS_RTOS_V2/cmsis_os2.o
                0x0800a730                SysTick_Handler
 .text.SVC_Setup
                0x0800a750       0x12 ./Middlewares/Third_Party/FreeRTOS/Source/CMSIS_RTOS_V2/cmsis_os2.o
 *fill*         0x0800a762        0x2 
 .text.osKernelInitialize
                0x0800a764       0x48 ./Middlewares/Third_Party/FreeRTOS/Source/CMSIS_RTOS_V2/cmsis_os2.o
                0x0800a764                osKernelInitialize
 .text.osKernelStart
                0x0800a7ac       0x4c ./Middlewares/Third_Party/FreeRTOS/Source/CMSIS_RTOS_V2/cmsis_os2.o
                0x0800a7ac                osKernelStart
 .text.osThreadNew
                0x0800a7f8      0x124 ./Middlewares/Third_Party/FreeRTOS/Source/CMSIS_RTOS_V2/cmsis_os2.o
                0x0800a7f8                osThreadNew
 .text.osDelay  0x0800a91c       0x36 ./Middlewares/Third_Party/FreeRTOS/Source/CMSIS_RTOS_V2/cmsis_os2.o
                0x0800a91c                osDelay
 *fill*         0x0800a952        0x2 
 .text.vApplicationGetIdleTaskMemory
                0x0800a954       0x34 ./Middlewares/Third_Party/FreeRTOS/Source/CMSIS_RTOS_V2/cmsis_os2.o
                0x0800a954                vApplicationGetIdleTaskMemory
 .text.vApplicationGetTimerTaskMemory
                0x0800a988       0x34 ./Middlewares/Third_Party/FreeRTOS/Source/CMSIS_RTOS_V2/cmsis_os2.o
                0x0800a988                vApplicationGetTimerTaskMemory
 .text.vListInitialise
                0x0800a9bc       0x40 ./Middlewares/Third_Party/FreeRTOS/Source/list.o
                0x0800a9bc                vListInitialise
 .text.vListInitialiseItem
                0x0800a9fc       0x1a ./Middlewares/Third_Party/FreeRTOS/Source/list.o
                0x0800a9fc                vListInitialiseItem
 .text.vListInsertEnd
                0x0800aa16       0x48 ./Middlewares/Third_Party/FreeRTOS/Source/list.o
                0x0800aa16                vListInsertEnd
 .text.vListInsert
                0x0800aa5e       0x72 ./Middlewares/Third_Party/FreeRTOS/Source/list.o
                0x0800aa5e                vListInsert
 .text.uxListRemove
                0x0800aad0       0x54 ./Middlewares/Third_Party/FreeRTOS/Source/list.o
                0x0800aad0                uxListRemove
 .text.xQueueGenericReset
                0x0800ab24       0xd4 ./Middlewares/Third_Party/FreeRTOS/Source/queue.o
                0x0800ab24                xQueueGenericReset
 .text.xQueueGenericCreateStatic
                0x0800abf8       0xfa ./Middlewares/Third_Party/FreeRTOS/Source/queue.o
                0x0800abf8                xQueueGenericCreateStatic
 .text.prvInitialiseNewQueue
                0x0800acf2       0x46 ./Middlewares/Third_Party/FreeRTOS/Source/queue.o
 .text.xQueueGenericSend
                0x0800ad38      0x204 ./Middlewares/Third_Party/FreeRTOS/Source/queue.o
                0x0800ad38                xQueueGenericSend
 .text.xQueueGenericSendFromISR
                0x0800af3c      0x13c ./Middlewares/Third_Party/FreeRTOS/Source/queue.o
                0x0800af3c                xQueueGenericSendFromISR
 .text.xQueueReceive
                0x0800b078      0x1c4 ./Middlewares/Third_Party/FreeRTOS/Source/queue.o
                0x0800b078                xQueueReceive
 .text.prvCopyDataToQueue
                0x0800b23c       0xd4 ./Middlewares/Third_Party/FreeRTOS/Source/queue.o
 .text.prvCopyDataFromQueue
                0x0800b310       0x4c ./Middlewares/Third_Party/FreeRTOS/Source/queue.o
 .text.prvUnlockQueue
                0x0800b35c       0xa4 ./Middlewares/Third_Party/FreeRTOS/Source/queue.o
 .text.prvIsQueueEmpty
                0x0800b400       0x2c ./Middlewares/Third_Party/FreeRTOS/Source/queue.o
 .text.prvIsQueueFull
                0x0800b42c       0x30 ./Middlewares/Third_Party/FreeRTOS/Source/queue.o
 .text.vQueueAddToRegistry
                0x0800b45c       0x54 ./Middlewares/Third_Party/FreeRTOS/Source/queue.o
                0x0800b45c                vQueueAddToRegistry
 .text.vQueueWaitForMessageRestricted
                0x0800b4b0       0x68 ./Middlewares/Third_Party/FreeRTOS/Source/queue.o
                0x0800b4b0                vQueueWaitForMessageRestricted
 .text.xTaskCreateStatic
                0x0800b518       0xc0 ./Middlewares/Third_Party/FreeRTOS/Source/tasks.o
                0x0800b518                xTaskCreateStatic
 .text.xTaskCreate
                0x0800b5d8       0x8a ./Middlewares/Third_Party/FreeRTOS/Source/tasks.o
                0x0800b5d8                xTaskCreate
 .text.prvInitialiseNewTask
                0x0800b662      0x120 ./Middlewares/Third_Party/FreeRTOS/Source/tasks.o
 *fill*         0x0800b782        0x2 
 .text.prvAddNewTaskToReadyList
                0x0800b784       0xe0 ./Middlewares/Third_Party/FreeRTOS/Source/tasks.o
 .text.vTaskDelay
                0x0800b864       0x6c ./Middlewares/Third_Party/FreeRTOS/Source/tasks.o
                0x0800b864                vTaskDelay
 .text.vTaskStartScheduler
                0x0800b8d0       0xd0 ./Middlewares/Third_Party/FreeRTOS/Source/tasks.o
                0x0800b8d0                vTaskStartScheduler
 .text.vTaskSuspendAll
                0x0800b9a0       0x1c ./Middlewares/Third_Party/FreeRTOS/Source/tasks.o
                0x0800b9a0                vTaskSuspendAll
 .text.xTaskResumeAll
                0x0800b9bc      0x13c ./Middlewares/Third_Party/FreeRTOS/Source/tasks.o
                0x0800b9bc                xTaskResumeAll
 .text.xTaskGetTickCount
                0x0800baf8       0x20 ./Middlewares/Third_Party/FreeRTOS/Source/tasks.o
                0x0800baf8                xTaskGetTickCount
 .text.xTaskIncrementTick
                0x0800bb18      0x174 ./Middlewares/Third_Party/FreeRTOS/Source/tasks.o
                0x0800bb18                xTaskIncrementTick
 .text.vTaskSwitchContext
                0x0800bc8c       0xbc ./Middlewares/Third_Party/FreeRTOS/Source/tasks.o
                0x0800bc8c                vTaskSwitchContext
 .text.vTaskPlaceOnEventList
                0x0800bd48       0x4c ./Middlewares/Third_Party/FreeRTOS/Source/tasks.o
                0x0800bd48                vTaskPlaceOnEventList
 .text.vTaskPlaceOnEventListRestricted
                0x0800bd94       0x58 ./Middlewares/Third_Party/FreeRTOS/Source/tasks.o
                0x0800bd94                vTaskPlaceOnEventListRestricted
 .text.xTaskRemoveFromEventList
                0x0800bdec       0xc8 ./Middlewares/Third_Party/FreeRTOS/Source/tasks.o
                0x0800bdec                xTaskRemoveFromEventList
 .text.vTaskInternalSetTimeOutState
                0x0800beb4       0x2c ./Middlewares/Third_Party/FreeRTOS/Source/tasks.o
                0x0800beb4                vTaskInternalSetTimeOutState
 .text.xTaskCheckForTimeOut
                0x0800bee0       0xc8 ./Middlewares/Third_Party/FreeRTOS/Source/tasks.o
                0x0800bee0                xTaskCheckForTimeOut
 .text.vTaskMissedYield
                0x0800bfa8       0x18 ./Middlewares/Third_Party/FreeRTOS/Source/tasks.o
                0x0800bfa8                vTaskMissedYield
 .text.prvIdleTask
                0x0800bfc0       0x30 ./Middlewares/Third_Party/FreeRTOS/Source/tasks.o
 .text.prvInitialiseTaskLists
                0x0800bff0       0x80 ./Middlewares/Third_Party/FreeRTOS/Source/tasks.o
 .text.prvCheckTasksWaitingTermination
                0x0800c070       0x5c ./Middlewares/Third_Party/FreeRTOS/Source/tasks.o
 .text.prvDeleteTCB
                0x0800c0cc       0x60 ./Middlewares/Third_Party/FreeRTOS/Source/tasks.o
 .text.prvResetNextTaskUnblockTime
                0x0800c12c       0x40 ./Middlewares/Third_Party/FreeRTOS/Source/tasks.o
 .text.xTaskGetSchedulerState
                0x0800c16c       0x3c ./Middlewares/Third_Party/FreeRTOS/Source/tasks.o
                0x0800c16c                xTaskGetSchedulerState
 .text.xTaskPriorityDisinherit
                0x0800c1a8       0xe0 ./Middlewares/Third_Party/FreeRTOS/Source/tasks.o
                0x0800c1a8                xTaskPriorityDisinherit
 .text.prvAddCurrentTaskToDelayedList
                0x0800c288       0xa8 ./Middlewares/Third_Party/FreeRTOS/Source/tasks.o
 .text.xTimerCreateTimerTask
                0x0800c330       0x94 ./Middlewares/Third_Party/FreeRTOS/Source/timers.o
                0x0800c330                xTimerCreateTimerTask
 .text.xTimerGenericCommand
                0x0800c3c4       0x9c ./Middlewares/Third_Party/FreeRTOS/Source/timers.o
                0x0800c3c4                xTimerGenericCommand
 .text.prvProcessExpiredTimer
                0x0800c460       0x9c ./Middlewares/Third_Party/FreeRTOS/Source/timers.o
 .text.prvTimerTask
                0x0800c4fc       0x26 ./Middlewares/Third_Party/FreeRTOS/Source/timers.o
 *fill*         0x0800c522        0x2 
 .text.prvProcessTimerOrBlockTask
                0x0800c524       0x9c ./Middlewares/Third_Party/FreeRTOS/Source/timers.o
 .text.prvGetNextExpireTime
                0x0800c5c0       0x48 ./Middlewares/Third_Party/FreeRTOS/Source/timers.o
 .text.prvSampleTimeNow
                0x0800c608       0x40 ./Middlewares/Third_Party/FreeRTOS/Source/timers.o
 .text.prvInsertTimerInActiveList
                0x0800c648       0x84 ./Middlewares/Third_Party/FreeRTOS/Source/timers.o
 .text.prvProcessReceivedCommands
                0x0800c6cc      0x1cc ./Middlewares/Third_Party/FreeRTOS/Source/timers.o
 .text.prvSwitchTimerLists
                0x0800c898       0xcc ./Middlewares/Third_Party/FreeRTOS/Source/timers.o
 .text.prvCheckForValidListAndQueue
                0x0800c964       0x80 ./Middlewares/Third_Party/FreeRTOS/Source/timers.o
 .text.pxPortInitialiseStack
                0x0800c9e4       0x68 ./Middlewares/Third_Party/FreeRTOS/Source/portable/GCC/ARM_CM4F/port.o
                0x0800c9e4                pxPortInitialiseStack
 .text.prvTaskExitError
                0x0800ca4c       0x5c ./Middlewares/Third_Party/FreeRTOS/Source/portable/GCC/ARM_CM4F/port.o
 *fill*         0x0800caa8        0x8 
 .text.SVC_Handler
                0x0800cab0       0x28 ./Middlewares/Third_Party/FreeRTOS/Source/portable/GCC/ARM_CM4F/port.o
                0x0800cab0                SVC_Handler
 .text.prvPortStartFirstTask
                0x0800cad8       0x28 ./Middlewares/Third_Party/FreeRTOS/Source/portable/GCC/ARM_CM4F/port.o
 .text.xPortStartScheduler
                0x0800cb00      0x148 ./Middlewares/Third_Party/FreeRTOS/Source/portable/GCC/ARM_CM4F/port.o
                0x0800cb00                xPortStartScheduler
 .text.vPortEnterCritical
                0x0800cc48       0x64 ./Middlewares/Third_Party/FreeRTOS/Source/portable/GCC/ARM_CM4F/port.o
                0x0800cc48                vPortEnterCritical
 .text.vPortExitCritical
                0x0800ccac       0x54 ./Middlewares/Third_Party/FreeRTOS/Source/portable/GCC/ARM_CM4F/port.o
                0x0800ccac                vPortExitCritical
 .text.PendSV_Handler
                0x0800cd00       0x68 ./Middlewares/Third_Party/FreeRTOS/Source/portable/GCC/ARM_CM4F/port.o
                0x0800cd00                PendSV_Handler
 .text.xPortSysTickHandler
                0x0800cd68       0x44 ./Middlewares/Third_Party/FreeRTOS/Source/portable/GCC/ARM_CM4F/port.o
                0x0800cd68                xPortSysTickHandler
 .text.vPortSetupTimerInterrupt
                0x0800cdac       0x48 ./Middlewares/Third_Party/FreeRTOS/Source/portable/GCC/ARM_CM4F/port.o
                0x0800cdac                vPortSetupTimerInterrupt
 .text.vPortEnableVFP
                0x0800cdf4       0x14 ./Middlewares/Third_Party/FreeRTOS/Source/portable/GCC/ARM_CM4F/port.o
 .text.vPortValidateInterruptPriority
                0x0800ce08       0x84 ./Middlewares/Third_Party/FreeRTOS/Source/portable/GCC/ARM_CM4F/port.o
                0x0800ce08                vPortValidateInterruptPriority
 .text.pvPortMalloc
                0x0800ce8c      0x19c ./Middlewares/Third_Party/FreeRTOS/Source/portable/MemMang/heap_4.o
                0x0800ce8c                pvPortMalloc
 .text.vPortFree
                0x0800d028       0xc8 ./Middlewares/Third_Party/FreeRTOS/Source/portable/MemMang/heap_4.o
                0x0800d028                vPortFree
 .text.prvHeapInit
                0x0800d0f0       0xc4 ./Middlewares/Third_Party/FreeRTOS/Source/portable/MemMang/heap_4.o
 .text.prvInsertBlockIntoFreeList
                0x0800d1b4       0xb4 ./Middlewares/Third_Party/FreeRTOS/Source/portable/MemMang/heap_4.o
 .text.malloc   0x0800d268       0x10 C:/ST/STM32CubeIDE_1.18.1/STM32CubeIDE/plugins/com.st.stm32cube.ide.mcu.externaltools.gnu-tools-for-stm32.13.3.rel1.win32_1.0.0.202411081344/tools/bin/../lib/gcc/arm-none-eabi/13.3.1/../../../../arm-none-eabi/lib/thumb/v7e-m+fp/hard\libc_nano.a(libc_a-malloc.o)
                0x0800d268                malloc
 .text.free     0x0800d278       0x10 C:/ST/STM32CubeIDE_1.18.1/STM32CubeIDE/plugins/com.st.stm32cube.ide.mcu.externaltools.gnu-tools-for-stm32.13.3.rel1.win32_1.0.0.202411081344/tools/bin/../lib/gcc/arm-none-eabi/13.3.1/../../../../arm-none-eabi/lib/thumb/v7e-m+fp/hard\libc_nano.a(libc_a-malloc.o)
                0x0800d278                free
 .text.sbrk_aligned
                0x0800d288       0x44 C:/ST/STM32CubeIDE_1.18.1/STM32CubeIDE/plugins/com.st.stm32cube.ide.mcu.externaltools.gnu-tools-for-stm32.13.3.rel1.win32_1.0.0.202411081344/tools/bin/../lib/gcc/arm-none-eabi/13.3.1/../../../../arm-none-eabi/lib/thumb/v7e-m+fp/hard\libc_nano.a(libc_a-mallocr.o)
 .text._malloc_r
                0x0800d2cc      0x100 C:/ST/STM32CubeIDE_1.18.1/STM32CubeIDE/plugins/com.st.stm32cube.ide.mcu.externaltools.gnu-tools-for-stm32.13.3.rel1.win32_1.0.0.202411081344/tools/bin/../lib/gcc/arm-none-eabi/13.3.1/../../../../arm-none-eabi/lib/thumb/v7e-m+fp/hard\libc_nano.a(libc_a-mallocr.o)
                0x0800d2cc                _malloc_r
 .text.__malloc_lock
                0x0800d3cc        0xc C:/ST/STM32CubeIDE_1.18.1/STM32CubeIDE/plugins/com.st.stm32cube.ide.mcu.externaltools.gnu-tools-for-stm32.13.3.rel1.win32_1.0.0.202411081344/tools/bin/../lib/gcc/arm-none-eabi/13.3.1/../../../../arm-none-eabi/lib/thumb/v7e-m+fp/hard\libc_nano.a(libc_a-mlock.o)
                0x0800d3cc                __malloc_lock
 .text.__malloc_unlock
                0x0800d3d8        0xc C:/ST/STM32CubeIDE_1.18.1/STM32CubeIDE/plugins/com.st.stm32cube.ide.mcu.externaltools.gnu-tools-for-stm32.13.3.rel1.win32_1.0.0.202411081344/tools/bin/../lib/gcc/arm-none-eabi/13.3.1/../../../../arm-none-eabi/lib/thumb/v7e-m+fp/hard\libc_nano.a(libc_a-mlock.o)
                0x0800d3d8                __malloc_unlock
 .text.memcmp   0x0800d3e4       0x20 C:/ST/STM32CubeIDE_1.18.1/STM32CubeIDE/plugins/com.st.stm32cube.ide.mcu.externaltools.gnu-tools-for-stm32.13.3.rel1.win32_1.0.0.202411081344/tools/bin/../lib/gcc/arm-none-eabi/13.3.1/../../../../arm-none-eabi/lib/thumb/v7e-m+fp/hard\libc_nano.a(libc_a-memcmp.o)
                0x0800d3e4                memcmp
 .text.memmove  0x0800d404       0x34 C:/ST/STM32CubeIDE_1.18.1/STM32CubeIDE/plugins/com.st.stm32cube.ide.mcu.externaltools.gnu-tools-for-stm32.13.3.rel1.win32_1.0.0.202411081344/tools/bin/../lib/gcc/arm-none-eabi/13.3.1/../../../../arm-none-eabi/lib/thumb/v7e-m+fp/hard\libc_nano.a(libc_a-memmove.o)
                0x0800d404                memmove
 .text.memset   0x0800d438       0x10 C:/ST/STM32CubeIDE_1.18.1/STM32CubeIDE/plugins/com.st.stm32cube.ide.mcu.externaltools.gnu-tools-for-stm32.13.3.rel1.win32_1.0.0.202411081344/tools/bin/../lib/gcc/arm-none-eabi/13.3.1/../../../../arm-none-eabi/lib/thumb/v7e-m+fp/hard\libc_nano.a(libc_a-memset.o)
                0x0800d438                memset
 .text._sbrk_r  0x0800d448       0x20 C:/ST/STM32CubeIDE_1.18.1/STM32CubeIDE/plugins/com.st.stm32cube.ide.mcu.externaltools.gnu-tools-for-stm32.13.3.rel1.win32_1.0.0.202411081344/tools/bin/../lib/gcc/arm-none-eabi/13.3.1/../../../../arm-none-eabi/lib/thumb/v7e-m+fp/hard\libc_nano.a(libc_a-sbrkr.o)
                0x0800d448                _sbrk_r
 .text.__errno  0x0800d468        0xc C:/ST/STM32CubeIDE_1.18.1/STM32CubeIDE/plugins/com.st.stm32cube.ide.mcu.externaltools.gnu-tools-for-stm32.13.3.rel1.win32_1.0.0.202411081344/tools/bin/../lib/gcc/arm-none-eabi/13.3.1/../../../../arm-none-eabi/lib/thumb/v7e-m+fp/hard\libc_nano.a(libc_a-errno.o)
                0x0800d468                __errno
 .text.__libc_init_array
                0x0800d474       0x48 C:/ST/STM32CubeIDE_1.18.1/STM32CubeIDE/plugins/com.st.stm32cube.ide.mcu.externaltools.gnu-tools-for-stm32.13.3.rel1.win32_1.0.0.202411081344/tools/bin/../lib/gcc/arm-none-eabi/13.3.1/../../../../arm-none-eabi/lib/thumb/v7e-m+fp/hard\libc_nano.a(libc_a-init.o)
                0x0800d474                __libc_init_array
 .text.__retarget_lock_acquire_recursive
                0x0800d4bc        0x2 C:/ST/STM32CubeIDE_1.18.1/STM32CubeIDE/plugins/com.st.stm32cube.ide.mcu.externaltools.gnu-tools-for-stm32.13.3.rel1.win32_1.0.0.202411081344/tools/bin/../lib/gcc/arm-none-eabi/13.3.1/../../../../arm-none-eabi/lib/thumb/v7e-m+fp/hard\libc_nano.a(libc_a-lock.o)
                0x0800d4bc                __retarget_lock_acquire_recursive
 .text.__retarget_lock_release_recursive
                0x0800d4be        0x2 C:/ST/STM32CubeIDE_1.18.1/STM32CubeIDE/plugins/com.st.stm32cube.ide.mcu.externaltools.gnu-tools-for-stm32.13.3.rel1.win32_1.0.0.202411081344/tools/bin/../lib/gcc/arm-none-eabi/13.3.1/../../../../arm-none-eabi/lib/thumb/v7e-m+fp/hard\libc_nano.a(libc_a-lock.o)
                0x0800d4be                __retarget_lock_release_recursive
 .text.memcpy   0x0800d4c0       0x1c C:/ST/STM32CubeIDE_1.18.1/STM32CubeIDE/plugins/com.st.stm32cube.ide.mcu.externaltools.gnu-tools-for-stm32.13.3.rel1.win32_1.0.0.202411081344/tools/bin/../lib/gcc/arm-none-eabi/13.3.1/../../../../arm-none-eabi/lib/thumb/v7e-m+fp/hard\libc_nano.a(libc_a-memcpy-stub.o)
                0x0800d4c0                memcpy
 .text._free_r  0x0800d4dc       0x94 C:/ST/STM32CubeIDE_1.18.1/STM32CubeIDE/plugins/com.st.stm32cube.ide.mcu.externaltools.gnu-tools-for-stm32.13.3.rel1.win32_1.0.0.202411081344/tools/bin/../lib/gcc/arm-none-eabi/13.3.1/../../../../arm-none-eabi/lib/thumb/v7e-m+fp/hard\libc_nano.a(libc_a-freer.o)
                0x0800d4dc                _free_r
 *(.glue_7)
 .glue_7        0x0800d570        0x0 linker stubs
 *(.glue_7t)
 .glue_7t       0x0800d570        0x0 linker stubs
 *(.eh_frame)
 .eh_frame      0x0800d570        0x0 C:/ST/STM32CubeIDE_1.18.1/STM32CubeIDE/plugins/com.st.stm32cube.ide.mcu.externaltools.gnu-tools-for-stm32.13.3.rel1.win32_1.0.0.202411081344/tools/bin/../lib/gcc/arm-none-eabi/13.3.1/thumb/v7e-m+fp/hard/crtbegin.o
 *(.init)
 .init          0x0800d570        0x4 C:/ST/STM32CubeIDE_1.18.1/STM32CubeIDE/plugins/com.st.stm32cube.ide.mcu.externaltools.gnu-tools-for-stm32.13.3.rel1.win32_1.0.0.202411081344/tools/bin/../lib/gcc/arm-none-eabi/13.3.1/thumb/v7e-m+fp/hard/crti.o
                0x0800d570                _init
 .init          0x0800d574        0x8 C:/ST/STM32CubeIDE_1.18.1/STM32CubeIDE/plugins/com.st.stm32cube.ide.mcu.externaltools.gnu-tools-for-stm32.13.3.rel1.win32_1.0.0.202411081344/tools/bin/../lib/gcc/arm-none-eabi/13.3.1/thumb/v7e-m+fp/hard/crtn.o
 *(.fini)
 .fini          0x0800d57c        0x4 C:/ST/STM32CubeIDE_1.18.1/STM32CubeIDE/plugins/com.st.stm32cube.ide.mcu.externaltools.gnu-tools-for-stm32.13.3.rel1.win32_1.0.0.202411081344/tools/bin/../lib/gcc/arm-none-eabi/13.3.1/thumb/v7e-m+fp/hard/crti.o
                0x0800d57c                _fini
 .fini          0x0800d580        0x8 C:/ST/STM32CubeIDE_1.18.1/STM32CubeIDE/plugins/com.st.stm32cube.ide.mcu.externaltools.gnu-tools-for-stm32.13.3.rel1.win32_1.0.0.202411081344/tools/bin/../lib/gcc/arm-none-eabi/13.3.1/thumb/v7e-m+fp/hard/crtn.o
                0x0800d588                        . = ALIGN (0x4)
                0x0800d588                        _etext = .

.vfp11_veneer   0x0800d588        0x0
 .vfp11_veneer  0x0800d588        0x0 linker stubs

.v4_bx          0x0800d588        0x0
 .v4_bx         0x0800d588        0x0 linker stubs

.iplt           0x0800d588        0x0
 .iplt          0x0800d588        0x0 C:/ST/STM32CubeIDE_1.18.1/STM32CubeIDE/plugins/com.st.stm32cube.ide.mcu.externaltools.gnu-tools-for-stm32.13.3.rel1.win32_1.0.0.202411081344/tools/bin/../lib/gcc/arm-none-eabi/13.3.1/thumb/v7e-m+fp/hard/crtbegin.o

.rodata         0x0800d588      0x1d8
                0x0800d588                        . = ALIGN (0x4)
 *(.rodata)
 .rodata        0x0800d588       0x22 ./Core/Src/app_freertos.o
 *fill*         0x0800d5aa        0x2 
 .rodata        0x0800d5ac       0x20 ./Core/Src/fdcan/main.o
 .rodata        0x0800d5cc        0xd ./Core/Src/main/main.o
 *fill*         0x0800d5d9        0x3 
 .rodata        0x0800d5dc       0x17 ./Core/Src/uart/main.o
 *fill*         0x0800d5f3        0x1 
 .rodata        0x0800d5f4        0x5 ./Middlewares/Third_Party/FreeRTOS/Source/tasks.o
 *fill*         0x0800d5f9        0x3 
 .rodata        0x0800d5fc        0xd ./Middlewares/Third_Party/FreeRTOS/Source/timers.o
 *(.rodata*)
 *fill*         0x0800d609        0x3 
 .rodata.defaultTask_attributes
                0x0800d60c       0x24 ./Core/Src/app_freertos.o
                0x0800d60c                defaultTask_attributes
 .rodata.uartTask_attributes
                0x0800d630       0x24 ./Core/Src/app_freertos.o
                0x0800d630                uartTask_attributes
 .rodata.motorTask_attributes
                0x0800d654       0x24 ./Core/Src/app_freertos.o
                0x0800d654                motorTask_attributes
 .rodata.AHBPrescTable
                0x0800d678       0x10 ./Core/Src/system_stm32g4xx.o
                0x0800d678                AHBPrescTable
 .rodata.APBPrescTable
                0x0800d688        0x8 ./Core/Src/system_stm32g4xx.o
                0x0800d688                APBPrescTable
 .rodata.SEQUENCE
                0x0800d690       0x12 ./Core/Src/motor/main.o
 *fill*         0x0800d6a2        0x2 
 .rodata.motor_right_const
                0x0800d6a4       0x40 ./Core/Src/motor/main.o
 .rodata.motor_left_const
                0x0800d6e4       0x40 ./Core/Src/motor/main.o
 .rodata.BUTTON_EXTI_LINE.2
                0x0800d724        0x4 ./Drivers/BSP/STM32G4xx_Nucleo/stm32g4xx_nucleo.o
 .rodata.DLCtoBytes
                0x0800d728       0x10 ./Drivers/STM32G4xx_HAL_Driver/Src/stm32g4xx_hal_fdcan.o
 .rodata.UARTPrescTable
                0x0800d738       0x18 ./Drivers/STM32G4xx_HAL_Driver/Src/stm32g4xx_hal_uart.o
                0x0800d738                UARTPrescTable
 .rodata.numerator.1
                0x0800d750        0x8 ./Drivers/STM32G4xx_HAL_Driver/Src/stm32g4xx_hal_uart_ex.o
 .rodata.denominator.0
                0x0800d758        0x8 ./Drivers/STM32G4xx_HAL_Driver/Src/stm32g4xx_hal_uart_ex.o
                0x0800d760                        . = ALIGN (0x4)

.ARM.extab      0x0800d760        0x0
                0x0800d760                        . = ALIGN (0x4)
 *(.ARM.extab* .gnu.linkonce.armextab.*)
                0x0800d760                        . = ALIGN (0x4)

.ARM            0x0800d760        0x8
                0x0800d760                        . = ALIGN (0x4)
                0x0800d760                        __exidx_start = .
 *(.ARM.exidx*)
 .ARM.exidx     0x0800d760        0x8 C:/ST/STM32CubeIDE_1.18.1/STM32CubeIDE/plugins/com.st.stm32cube.ide.mcu.externaltools.gnu-tools-for-stm32.13.3.rel1.win32_1.0.0.202411081344/tools/bin/../lib/gcc/arm-none-eabi/13.3.1/thumb/v7e-m+fp/hard\libgcc.a(_udivmoddi4.o)
                0x0800d768                        __exidx_end = .
                0x0800d768                        . = ALIGN (0x4)

.preinit_array  0x0800d768        0x0
                0x0800d768                        . = ALIGN (0x4)
                0x0800d768                        PROVIDE (__preinit_array_start = .)
 *(.preinit_array*)
                0x0800d768                        PROVIDE (__preinit_array_end = .)
                0x0800d768                        . = ALIGN (0x4)

.init_array     0x0800d768        0x4
                0x0800d768                        . = ALIGN (0x4)
                0x0800d768                        PROVIDE (__init_array_start = .)
 *(SORT_BY_NAME(.init_array.*))
 *(.init_array*)
 .init_array    0x0800d768        0x4 C:/ST/STM32CubeIDE_1.18.1/STM32CubeIDE/plugins/com.st.stm32cube.ide.mcu.externaltools.gnu-tools-for-stm32.13.3.rel1.win32_1.0.0.202411081344/tools/bin/../lib/gcc/arm-none-eabi/13.3.1/thumb/v7e-m+fp/hard/crtbegin.o
                0x0800d76c                        PROVIDE (__init_array_end = .)
                0x0800d76c                        . = ALIGN (0x4)

.fini_array     0x0800d76c        0x4
                0x0800d76c                        . = ALIGN (0x4)
                [!provide]                        PROVIDE (__fini_array_start = .)
 *(SORT_BY_NAME(.fini_array.*))
 *(.fini_array*)
 .fini_array    0x0800d76c        0x4 C:/ST/STM32CubeIDE_1.18.1/STM32CubeIDE/plugins/com.st.stm32cube.ide.mcu.externaltools.gnu-tools-for-stm32.13.3.rel1.win32_1.0.0.202411081344/tools/bin/../lib/gcc/arm-none-eabi/13.3.1/thumb/v7e-m+fp/hard/crtbegin.o
                [!provide]                        PROVIDE (__fini_array_end = .)
                0x0800d770                        . = ALIGN (0x4)
                0x0800d770                        _sidata = LOADADDR (.data)

.rel.dyn        0x0800d770        0x0
 .rel.iplt      0x0800d770        0x0 C:/ST/STM32CubeIDE_1.18.1/STM32CubeIDE/plugins/com.st.stm32cube.ide.mcu.externaltools.gnu-tools-for-stm32.13.3.rel1.win32_1.0.0.202411081344/tools/bin/../lib/gcc/arm-none-eabi/13.3.1/thumb/v7e-m+fp/hard/crtbegin.o

.data           0x20000000      0x3b4 load address 0x0800d770
                0x20000000                        . = ALIGN (0x4)
                0x20000000                        _sdata = .
 *(.data)
 *(.data*)
 .data.SystemCoreClock
                0x20000000        0x4 ./Core/Src/system_stm32g4xx.o
                0x20000000                SystemCoreClock
 .data.TxHeader
                0x20000004       0x24 ./Core/Src/fdcan/main.o
 .data.sys_run_switch
                0x20000028        0x6 ./Core/Src/main/config.o
                0x20000028                sys_run_switch
 *fill*         0x2000002e        0x2 
 .data.error_state
                0x20000030       0x20 ./Core/Src/main/fn_state.o
                0x20000030                error_state
 .data.toggle1  0x20000050        0x1 ./Core/Src/main/it.o
                0x20000050                toggle1
 *fill*         0x20000051        0x3 
 .data.locations_t
                0x20000054      0x2a8 ./Core/Src/main/map.o
                0x20000054                locations_t
 .data.hall_magnetic_stripe_value
                0x200002fc        0x4 ./Core/Src/main/vehicle2.o
                0x200002fc                hall_magnetic_stripe_value
 .data.hall_strong_magnet_value
                0x20000300        0x4 ./Core/Src/main/vehicle2.o
                0x20000300                hall_strong_magnet_value
 .data.hall_sensor_node
                0x20000304        0x4 ./Core/Src/main/vehicle2.o
                0x20000304                hall_sensor_node
 .data.max_speed
                0x20000308        0x4 ./Core/Src/motor/PI_control.o
                0x20000308                max_speed
 .data.motor_right
                0x2000030c       0x1c ./Core/Src/motor/main.o
                0x2000030c                motor_right
 .data.motor_left
                0x20000328       0x1c ./Core/Src/motor/main.o
                0x20000328                motor_left
 .data.LED_PORT
                0x20000344        0x4 ./Drivers/BSP/STM32G4xx_Nucleo/stm32g4xx_nucleo.o
 .data.BUTTON_PORT
                0x20000348        0x4 ./Drivers/BSP/STM32G4xx_Nucleo/stm32g4xx_nucleo.o
 .data.COM_USART
                0x2000034c        0x4 ./Drivers/BSP/STM32G4xx_Nucleo/stm32g4xx_nucleo.o
 .data.ButtonCallback.1
                0x20000350        0x4 ./Drivers/BSP/STM32G4xx_Nucleo/stm32g4xx_nucleo.o
 .data.BSP_BUTTON_PRIO.0
                0x20000354        0x4 ./Drivers/BSP/STM32G4xx_Nucleo/stm32g4xx_nucleo.o
 .data.uwTickPrio
                0x20000358        0x4 ./Drivers/STM32G4xx_HAL_Driver/Src/stm32g4xx_hal.o
                0x20000358                uwTickPrio
 .data.uwTickFreq
                0x2000035c        0x4 ./Drivers/STM32G4xx_HAL_Driver/Src/stm32g4xx_hal.o
                0x2000035c                uwTickFreq
 .data.uxCriticalNesting
                0x20000360        0x4 ./Middlewares/Third_Party/FreeRTOS/Source/portable/GCC/ARM_CM4F/port.o
 .data._impure_ptr
                0x20000364        0x4 C:/ST/STM32CubeIDE_1.18.1/STM32CubeIDE/plugins/com.st.stm32cube.ide.mcu.externaltools.gnu-tools-for-stm32.13.3.rel1.win32_1.0.0.202411081344/tools/bin/../lib/gcc/arm-none-eabi/13.3.1/../../../../arm-none-eabi/lib/thumb/v7e-m+fp/hard\libc_nano.a(libc_a-impure.o)
                0x20000364                _impure_ptr
 .data._impure_data
                0x20000368       0x4c C:/ST/STM32CubeIDE_1.18.1/STM32CubeIDE/plugins/com.st.stm32cube.ide.mcu.externaltools.gnu-tools-for-stm32.13.3.rel1.win32_1.0.0.202411081344/tools/bin/../lib/gcc/arm-none-eabi/13.3.1/../../../../arm-none-eabi/lib/thumb/v7e-m+fp/hard\libc_nano.a(libc_a-impure.o)
                0x20000368                _impure_data
 *(.RamFunc)
 *(.RamFunc*)
                0x200003b4                        . = ALIGN (0x4)
                0x200003b4                        _edata = .

.igot.plt       0x200003b4        0x0 load address 0x0800db24
 .igot.plt      0x200003b4        0x0 C:/ST/STM32CubeIDE_1.18.1/STM32CubeIDE/plugins/com.st.stm32cube.ide.mcu.externaltools.gnu-tools-for-stm32.13.3.rel1.win32_1.0.0.202411081344/tools/bin/../lib/gcc/arm-none-eabi/13.3.1/thumb/v7e-m+fp/hard/crtbegin.o
                0x200003b4                        . = ALIGN (0x4)

.bss            0x200003b4     0x2410 load address 0x0800db24
                0x200003b4                        _sbss = .
                0x200003b4                        __bss_start__ = _sbss
 *(.bss)
 .bss           0x200003b4       0x1c C:/ST/STM32CubeIDE_1.18.1/STM32CubeIDE/plugins/com.st.stm32cube.ide.mcu.externaltools.gnu-tools-for-stm32.13.3.rel1.win32_1.0.0.202411081344/tools/bin/../lib/gcc/arm-none-eabi/13.3.1/thumb/v7e-m+fp/hard/crtbegin.o
 *(.bss*)
 .bss.hadc1     0x200003d0       0x6c ./Core/Src/adc.o
                0x200003d0                hadc1
 .bss.hdma_adc1
                0x2000043c       0x60 ./Core/Src/adc.o
                0x2000043c                hdma_adc1
 .bss.defaultTaskHandle
                0x2000049c        0x4 ./Core/Src/app_freertos.o
                0x2000049c                defaultTaskHandle
 .bss.uartTaskHandle
                0x200004a0        0x4 ./Core/Src/app_freertos.o
                0x200004a0                uartTaskHandle
 .bss.motorTaskHandle
                0x200004a4        0x4 ./Core/Src/app_freertos.o
                0x200004a4                motorTaskHandle
 .bss.hfdcan1   0x200004a8       0x64 ./Core/Src/fdcan.o
                0x200004a8                hfdcan1
 .bss.BspCOMInit
                0x2000050c       0x10 ./Core/Src/main.o
                0x2000050c                BspCOMInit
 .bss.htim6     0x2000051c       0x4c ./Core/Src/stm32g4xx_hal_timebase_tim.o
                0x2000051c                htim6
 .bss.__sbrk_heap_end
                0x20000568        0x4 ./Core/Src/sysmem.o
 .bss.htim1     0x2000056c       0x4c ./Core/Src/tim.o
                0x2000056c                htim1
 .bss.htim2     0x200005b8       0x4c ./Core/Src/tim.o
                0x200005b8                htim2
 .bss.htim3     0x20000604       0x4c ./Core/Src/tim.o
                0x20000604                htim3
 .bss.huart3    0x20000650       0x94 ./Core/Src/usart.o
                0x20000650                huart3
 .bss.hdma_usart3_rx
                0x200006e4       0x60 ./Core/Src/usart.o
                0x200006e4                hdma_usart3_rx
 .bss.hdma_usart3_tx
                0x20000744       0x60 ./Core/Src/usart.o
                0x20000744                hdma_usart3_tx
 .bss.RxHeader  0x200007a4       0x28 ./Core/Src/fdcan/main.o
 .bss.RxData    0x200007cc        0xc ./Core/Src/fdcan/main.o
                0x200007cc                RxData
 .bss.TxData    0x200007d8        0xc ./Core/Src/fdcan/main.o
                0x200007d8                TxData
 .bss.ADC_Values
                0x200007e4       0x14 ./Core/Src/main/adc.o
 .bss.temp_time1
                0x200007f8        0x4 ./Core/Src/main/it.o
                0x200007f8                temp_time1
 .bss.temp_time2
                0x200007fc        0x4 ./Core/Src/main/it.o
                0x200007fc                temp_time2
 .bss.toggle2   0x20000800        0x1 ./Core/Src/main/it.o
                0x20000800                toggle2
 *fill*         0x20000801        0x3 
 .bss.user_sys_tick
                0x20000804        0x4 ./Core/Src/main/main.o
                0x20000804                user_sys_tick
 .bss.text_end  0x20000808        0x4 ./Core/Src/main/main.o
                0x20000808                text_end
 .bss.graph     0x2000080c      0x190 ./Core/Src/main/map.o
                0x2000080c                graph
 .bss.path      0x2000099c      0x190 ./Core/Src/main/map.o
                0x2000099c                path
 .bss.final_node_count
                0x20000b2c        0x1 ./Core/Src/main/map.o
                0x20000b2c                final_node_count
 *fill*         0x20000b2d        0x3 
 .bss.map_data  0x20000b30       0x2c ./Core/Src/main/map.o
                0x20000b30                map_data
 .bss.rotate_direction_mode
                0x20000b5c        0x1 ./Core/Src/main/vehicle.o
                0x20000b5c                rotate_direction_mode
 *fill*         0x20000b5d        0x3 
 .bss.hall_sensor_direction
                0x20000b60        0x4 ./Core/Src/main/vehicle2.o
                0x20000b60                hall_sensor_direction
 .bss.text_count_until_zero
                0x20000b64        0x1 ./Core/Src/main/vehicle2.o
                0x20000b64                text_count_until_zero
 *fill*         0x20000b65        0x3 
 .bss.setpoint  0x20000b68        0x4 ./Core/Src/motor/PI_control.o
                0x20000b68                setpoint
 .bss.real_speed
                0x20000b6c        0x4 ./Core/Src/motor/main.o
                0x20000b6c                real_speed
 .bss.uart_dma_tr_buf
                0x20000b70        0xc ./Core/Src/uart/main.o
                0x20000b70                uart_dma_tr_buf
 .bss.uart_dma_rv_buf
                0x20000b7c        0xc ./Core/Src/uart/main.o
                0x20000b7c                uart_dma_rv_buf
 .bss.uart_tr_pkt_buf
                0x20000b88       0x7c ./Core/Src/uart/main.o
                0x20000b88                uart_tr_pkt_buf
 .bss.uart_rv_pkt_buf
                0x20000c04       0x7c ./Core/Src/uart/main.o
                0x20000c04                uart_rv_pkt_buf
 .bss.transceive_flags
                0x20000c80        0x2 ./Core/Src/uart/main.o
                0x20000c80                transceive_flags
 *fill*         0x20000c82        0x2 
 .bss.f32_test  0x20000c84        0x4 ./Core/Src/uart/main.o
                0x20000c84                f32_test
 .bss.u16_test  0x20000c88        0x2 ./Core/Src/uart/main.o
                0x20000c88                u16_test
 *fill*         0x20000c8a        0x2 
 .bss.hpb_exti  0x20000c8c        0x8 ./Drivers/BSP/STM32G4xx_Nucleo/stm32g4xx_nucleo.o
                0x20000c8c                hpb_exti
 .bss.hcom_uart
                0x20000c94       0x94 ./Drivers/BSP/STM32G4xx_Nucleo/stm32g4xx_nucleo.o
                0x20000c94                hcom_uart
 .bss.uwTick    0x20000d28        0x4 ./Drivers/STM32G4xx_HAL_Driver/Src/stm32g4xx_hal.o
                0x20000d28                uwTick
 .bss.KernelState
                0x20000d2c        0x4 ./Middlewares/Third_Party/FreeRTOS/Source/CMSIS_RTOS_V2/cmsis_os2.o
 .bss.Idle_TCB.3
                0x20000d30       0x5c ./Middlewares/Third_Party/FreeRTOS/Source/CMSIS_RTOS_V2/cmsis_os2.o
 .bss.Idle_Stack.2
                0x20000d8c      0x200 ./Middlewares/Third_Party/FreeRTOS/Source/CMSIS_RTOS_V2/cmsis_os2.o
 .bss.Timer_TCB.1
                0x20000f8c       0x5c ./Middlewares/Third_Party/FreeRTOS/Source/CMSIS_RTOS_V2/cmsis_os2.o
 .bss.Timer_Stack.0
                0x20000fe8      0x400 ./Middlewares/Third_Party/FreeRTOS/Source/CMSIS_RTOS_V2/cmsis_os2.o
 .bss.xQueueRegistry
                0x200013e8       0x40 ./Middlewares/Third_Party/FreeRTOS/Source/queue.o
                0x200013e8                xQueueRegistry
 .bss.pxCurrentTCB
                0x20001428        0x4 ./Middlewares/Third_Party/FreeRTOS/Source/tasks.o
                0x20001428                pxCurrentTCB
 .bss.pxReadyTasksLists
                0x2000142c      0x460 ./Middlewares/Third_Party/FreeRTOS/Source/tasks.o
 .bss.xDelayedTaskList1
                0x2000188c       0x14 ./Middlewares/Third_Party/FreeRTOS/Source/tasks.o
 .bss.xDelayedTaskList2
                0x200018a0       0x14 ./Middlewares/Third_Party/FreeRTOS/Source/tasks.o
 .bss.pxDelayedTaskList
                0x200018b4        0x4 ./Middlewares/Third_Party/FreeRTOS/Source/tasks.o
 .bss.pxOverflowDelayedTaskList
                0x200018b8        0x4 ./Middlewares/Third_Party/FreeRTOS/Source/tasks.o
 .bss.xPendingReadyList
                0x200018bc       0x14 ./Middlewares/Third_Party/FreeRTOS/Source/tasks.o
 .bss.xTasksWaitingTermination
                0x200018d0       0x14 ./Middlewares/Third_Party/FreeRTOS/Source/tasks.o
 .bss.uxDeletedTasksWaitingCleanUp
                0x200018e4        0x4 ./Middlewares/Third_Party/FreeRTOS/Source/tasks.o
 .bss.xSuspendedTaskList
                0x200018e8       0x14 ./Middlewares/Third_Party/FreeRTOS/Source/tasks.o
 .bss.uxCurrentNumberOfTasks
                0x200018fc        0x4 ./Middlewares/Third_Party/FreeRTOS/Source/tasks.o
 .bss.xTickCount
                0x20001900        0x4 ./Middlewares/Third_Party/FreeRTOS/Source/tasks.o
 .bss.uxTopReadyPriority
                0x20001904        0x4 ./Middlewares/Third_Party/FreeRTOS/Source/tasks.o
 .bss.xSchedulerRunning
                0x20001908        0x4 ./Middlewares/Third_Party/FreeRTOS/Source/tasks.o
 .bss.xPendedTicks
                0x2000190c        0x4 ./Middlewares/Third_Party/FreeRTOS/Source/tasks.o
 .bss.xYieldPending
                0x20001910        0x4 ./Middlewares/Third_Party/FreeRTOS/Source/tasks.o
 .bss.xNumOfOverflows
                0x20001914        0x4 ./Middlewares/Third_Party/FreeRTOS/Source/tasks.o
 .bss.uxTaskNumber
                0x20001918        0x4 ./Middlewares/Third_Party/FreeRTOS/Source/tasks.o
 .bss.xNextTaskUnblockTime
                0x2000191c        0x4 ./Middlewares/Third_Party/FreeRTOS/Source/tasks.o
 .bss.xIdleTaskHandle
                0x20001920        0x4 ./Middlewares/Third_Party/FreeRTOS/Source/tasks.o
 .bss.uxSchedulerSuspended
                0x20001924        0x4 ./Middlewares/Third_Party/FreeRTOS/Source/tasks.o
 .bss.xActiveTimerList1
                0x20001928       0x14 ./Middlewares/Third_Party/FreeRTOS/Source/timers.o
 .bss.xActiveTimerList2
                0x2000193c       0x14 ./Middlewares/Third_Party/FreeRTOS/Source/timers.o
 .bss.pxCurrentTimerList
                0x20001950        0x4 ./Middlewares/Third_Party/FreeRTOS/Source/timers.o
 .bss.pxOverflowTimerList
                0x20001954        0x4 ./Middlewares/Third_Party/FreeRTOS/Source/timers.o
 .bss.xTimerQueue
                0x20001958        0x4 ./Middlewares/Third_Party/FreeRTOS/Source/timers.o
 .bss.xTimerTaskHandle
                0x2000195c        0x4 ./Middlewares/Third_Party/FreeRTOS/Source/timers.o
 .bss.xLastTime.2